[0.010s] Invoking command in '/home/fire/Desktop/fast_livo2_ws/build/livox_ros_driver2': CMAKE_PREFIX_PATH=${CMAKE_PREFIX_PATH}:/opt/ros/jazzy DEBUGINFOD_URLS=https://debuginfod.ubuntu.com /usr/bin/cmake /home/fire/Desktop/fast_livo2_ws/src/livox_ros_driver2 -DCMAKE_INSTALL_PREFIX=/home/fire/Desktop/fast_livo2_ws/install/livox_ros_driver2
[0.046s] -- The C compiler identification is GNU 13.3.0
[0.078s] -- The CXX compiler identification is GNU 13.3.0
[0.090s] -- Detecting C compiler ABI info
[0.147s] -- Detecting C compiler ABI info - done
[0.153s] -- Check for working C compiler: /usr/bin/cc - skipped
[0.154s] -- Detecting C compile features
[0.154s] -- Detecting C compile features - done
[0.160s] -- Detecting CXX compiler ABI info
[0.224s] -- Detecting CXX compiler ABI info - done
[0.230s] -- Check for working CXX compiler: /usr/bin/c++ - skipped
[0.230s] -- Detecting CXX compile features
[0.230s] -- Detecting CXX compile features - done
[0.231s] -- livox_ros_driver2 version: 1.2.6
[0.233s] -- Found ament_cmake_auto: 2.5.5 (/opt/ros/jazzy/share/ament_cmake_auto/cmake)
[0.362s] -- Found Python3: /usr/bin/python3 (found version "3.12.3") found components: Interpreter 
[0.604s] -- Using all available rosidl_typesupport_c: rosidl_typesupport_fastrtps_c;rosidl_typesupport_introspection_c
[0.686s] -- Using all available rosidl_typesupport_cpp: rosidl_typesupport_fastrtps_cpp;rosidl_typesupport_introspection_cpp
[0.753s] -- Found rosidl_adapter: 4.6.7 (/opt/ros/jazzy/share/rosidl_adapter/cmake)
[0.880s] -- Found rmw_implementation_cmake: 7.3.3 (/opt/ros/jazzy/share/rmw_implementation_cmake/cmake)
[0.886s] -- Found rmw_cyclonedds_cpp: 2.2.3 (/opt/ros/jazzy/share/rmw_cyclonedds_cpp/cmake)
[0.935s] -- Using RMW implementation 'rmw_cyclonedds_cpp' as default
[1.290s] [33mCMake Warning (dev) at /usr/lib/x86_64-linux-gnu/cmake/pcl/Modules/FindFLANN.cmake:45 (find_package):
[1.290s]   Policy CMP0144 is not set: find_package uses upper-case <PACKAGENAME>_ROOT
[1.290s]   variables.  Run "cmake --help-policy CMP0144" for policy details.  Use the
[1.290s]   cmake_policy command to set the policy and suppress this warning.
[1.290s] 
[1.290s]   CMake variable FLANN_ROOT is set to:
[1.290s] 
[1.290s]     /usr
[1.290s] 
[1.290s]   For compatibility, find_package is ignoring the variable, but code in a
[1.290s]   .cmake module might still use it.
[1.290s] Call Stack (most recent call first):
[1.290s]   /usr/lib/x86_64-linux-gnu/cmake/pcl/PCLConfig.cmake:261 (find_package)
[1.291s]   /usr/lib/x86_64-linux-gnu/cmake/pcl/PCLConfig.cmake:306 (find_flann)
[1.291s]   /usr/lib/x86_64-linux-gnu/cmake/pcl/PCLConfig.cmake:570 (find_external_library)
[1.291s]   /opt/ros/jazzy/share/pcl_conversions/cmake/ament_cmake_export_dependencies-extras.cmake:21 (find_package)
[1.291s]   /opt/ros/jazzy/share/pcl_conversions/cmake/pcl_conversionsConfig.cmake:41 (include)
[1.291s]   /opt/ros/jazzy/share/ament_cmake_auto/cmake/ament_auto_find_build_dependencies.cmake:67 (find_package)
[1.291s]   CMakeLists.txt:232 (ament_auto_find_build_dependencies)
[1.291s] This warning is for project developers.  Use -Wno-dev to suppress it.
[1.291s] [0m
[1.291s] -- Found flann version 1.9.2
[1.568s] -- Found OpenMP_CXX: -fopenmp (found version "4.5") 
[1.569s] -- Found OpenMP: TRUE (found version "4.5") found components: CXX 
[2.696s] -- Checking for module 'libusb-1.0'
[2.708s] --   Found libusb-1.0, version 1.0.27
[2.738s] -- Found libusb: /usr/lib/x86_64-linux-gnu/libusb-1.0.so  
[2.739s] -- OpenNI found (version: 1.5.4.0, include: /usr/include/ni, lib: /usr/lib/libOpenNI.so;libusb::libusb)
[2.788s] -- OpenNI2 found (version: 2.2.0.33, include: /usr/include/openni2, lib: /usr/lib/x86_64-linux-gnu/libOpenNI2.so;libusb::libusb)
[2.790s] -- Could NOT find Pcap (missing: PCAP_LIBRARIES PCAP_INCLUDE_DIRS) 
[2.800s] -- Found ZLIB: /usr/lib/x86_64-linux-gnu/libz.so (found version "1.3")  
[2.815s] -- Found PNG: /usr/lib/x86_64-linux-gnu/libpng.so (found version "1.6.43") 
[3.197s] -- OpenNI found (version: 1.5.4.0, include: /usr/include/ni, lib: /usr/lib/libOpenNI.so;libusb::libusb)
[3.202s] -- OpenNI2 found (version: 2.2.0.33, include: /usr/include/openni2, lib: /usr/lib/x86_64-linux-gnu/libOpenNI2.so;libusb::libusb)
[3.560s] -- Found Qhull version 8.0.2
[3.866s] -- OpenNI found (version: 1.5.4.0, include: /usr/include/ni, lib: /usr/lib/libOpenNI.so;libusb::libusb)
[4.154s] -- Found PCL_COMMON: /usr/lib/x86_64-linux-gnu/libpcl_common.so  
[4.155s] -- Found PCL_KDTREE: /usr/lib/x86_64-linux-gnu/libpcl_kdtree.so  
[4.155s] -- Found PCL_OCTREE: /usr/lib/x86_64-linux-gnu/libpcl_octree.so  
[4.156s] -- Found PCL_SEARCH: /usr/lib/x86_64-linux-gnu/libpcl_search.so  
[4.157s] -- Found PCL_SAMPLE_CONSENSUS: /usr/lib/x86_64-linux-gnu/libpcl_sample_consensus.so  
[4.158s] -- Found PCL_FILTERS: /usr/lib/x86_64-linux-gnu/libpcl_filters.so  
[4.158s] -- Found PCL_2D: /usr/include/pcl-1.14  
[4.159s] -- Found PCL_GEOMETRY: /usr/include/pcl-1.14  
[4.159s] -- Found PCL_IO: /usr/lib/x86_64-linux-gnu/libpcl_io.so  
[4.160s] -- Found PCL_FEATURES: /usr/lib/x86_64-linux-gnu/libpcl_features.so  
[4.161s] -- Found PCL_ML: /usr/lib/x86_64-linux-gnu/libpcl_ml.so  
[4.162s] -- Found PCL_SEGMENTATION: /usr/lib/x86_64-linux-gnu/libpcl_segmentation.so  
[4.163s] -- Found PCL_VISUALIZATION: /usr/lib/x86_64-linux-gnu/libpcl_visualization.so  
[4.164s] -- Found PCL_SURFACE: /usr/lib/x86_64-linux-gnu/libpcl_surface.so  
[4.165s] -- Found PCL_REGISTRATION: /usr/lib/x86_64-linux-gnu/libpcl_registration.so  
[4.166s] -- Found PCL_KEYPOINTS: /usr/lib/x86_64-linux-gnu/libpcl_keypoints.so  
[4.167s] -- Found PCL_TRACKING: /usr/lib/x86_64-linux-gnu/libpcl_tracking.so  
[4.168s] -- Found PCL_RECOGNITION: /usr/lib/x86_64-linux-gnu/libpcl_recognition.so  
[4.169s] -- Found PCL_STEREO: /usr/lib/x86_64-linux-gnu/libpcl_stereo.so  
[4.170s] -- Found PCL_APPS: /usr/lib/x86_64-linux-gnu/libpcl_apps.so  
[4.170s] -- Found PCL_IN_HAND_SCANNER: /usr/include/pcl-1.14  
[4.171s] -- Found PCL_MODELER: /usr/include/pcl-1.14  
[4.171s] -- Found PCL_POINT_CLOUD_EDITOR: /usr/include/pcl-1.14  
[4.172s] -- Found PCL_OUTOFCORE: /usr/lib/x86_64-linux-gnu/libpcl_outofcore.so  
[4.173s] -- Found PCL_PEOPLE: /usr/lib/x86_64-linux-gnu/libpcl_people.so  
[4.207s] -- Found PkgConfig: /usr/bin/pkg-config (found version "1.8.1") 
[4.208s] -- Checking for module 'apr-1'
[4.304s] --   Package 'apr-1', required by 'virtual:world', not found
[4.766s] -- Found ament_cmake_ros: 0.12.0 (/opt/ros/jazzy/share/ament_cmake_ros/cmake)
[5.187s] -- Using all available rosidl_typesupport_c: rosidl_typesupport_fastrtps_c;rosidl_typesupport_introspection_c
[5.917s] -- Using all available rosidl_typesupport_cpp: rosidl_typesupport_fastrtps_cpp;rosidl_typesupport_introspection_cpp
[5.922s] -- Found python_cmake_module: 0.11.1 (/opt/ros/jazzy/share/python_cmake_module/cmake)
[6.094s] -- Found PythonExtra: /usr/bin/python3  
[6.625s] -- Found Python3: /usr/bin/python3 (found version "3.12.3") found components: Interpreter Development NumPy Development.Module Development.Embed 
[6.750s] -- Configuring done (6.7s)
[6.884s] [33mCMake Warning at /opt/ros/jazzy/share/ament_cmake_auto/cmake/ament_auto_add_library.cmake:66 (add_library):
[6.889s]   Cannot generate a safe runtime search path for target livox_ros_driver2
[6.889s]   because files in some directories may conflict with libraries in implicit
[6.889s]   directories:
[6.889s] 
[6.889s]     runtime library [libtbb.so.12] in /usr/lib/x86_64-linux-gnu may be hidden by files in:
[6.889s]       /usr/local/lib
[6.889s] 
[6.889s]   Some of these libraries may not be found correctly.
[6.890s] Call Stack (most recent call first):
[6.890s]   CMakeLists.txt:268 (ament_auto_add_library)
[6.890s] 
[6.890s] [0m
[6.896s] -- Generating done (0.1s)
[6.921s] -- Build files have been written to: /home/fire/Desktop/fast_livo2_ws/build/livox_ros_driver2
[6.941s] Invoked command in '/home/fire/Desktop/fast_livo2_ws/build/livox_ros_driver2' returned '0': CMAKE_PREFIX_PATH=${CMAKE_PREFIX_PATH}:/opt/ros/jazzy DEBUGINFOD_URLS=https://debuginfod.ubuntu.com /usr/bin/cmake /home/fire/Desktop/fast_livo2_ws/src/livox_ros_driver2 -DCMAKE_INSTALL_PREFIX=/home/fire/Desktop/fast_livo2_ws/install/livox_ros_driver2
[6.942s] Invoking command in '/home/fire/Desktop/fast_livo2_ws/build/livox_ros_driver2': CMAKE_PREFIX_PATH=${CMAKE_PREFIX_PATH}:/opt/ros/jazzy DEBUGINFOD_URLS=https://debuginfod.ubuntu.com /usr/bin/cmake --build /home/fire/Desktop/fast_livo2_ws/build/livox_ros_driver2 -- -j24 -l24
[7.002s] [  1%] [32mBuilding CXX object CMakeFiles/livox_ros_driver2_node.dir/rclcpp_components/node_main_livox_ros_driver2_node.cpp.o[0m
[7.005s] [  3%] [34m[1mGenerating type hashes for ROS interfaces[0m
[7.012s] [  3%] Built target ament_cmake_python_copy_livox_ros_driver2
[7.287s] running egg_info
[7.288s] creating livox_ros_driver2.egg-info
[7.314s] writing livox_ros_driver2.egg-info/PKG-INFO
[7.314s] writing dependency_links to livox_ros_driver2.egg-info/dependency_links.txt
[7.314s] writing top-level names to livox_ros_driver2.egg-info/top_level.txt
[7.314s] writing manifest file 'livox_ros_driver2.egg-info/SOURCES.txt'
[7.338s] [  3%] Built target livox_interfaces2__rosidl_generator_type_description
[7.348s] [  4%] [34m[1mGenerating C code for ROS interfaces[0m
[7.356s] [  6%] [34m[1mGenerating C++ code for ROS interfaces[0m
[7.389s] reading manifest file 'livox_ros_driver2.egg-info/SOURCES.txt'
[7.389s] writing manifest file 'livox_ros_driver2.egg-info/SOURCES.txt'
[7.416s] [  6%] Built target ament_cmake_python_build_livox_ros_driver2_egg
[7.588s] [  6%] Built target livox_interfaces2__cpp
[7.605s] [ 11%] [32mBuilding C object CMakeFiles/livox_interfaces2__rosidl_generator_c.dir/rosidl_generator_c/livox_ros_driver2/msg/detail/custom_point__description.c.o[0m
[7.606s] [ 11%] [32mBuilding C object CMakeFiles/livox_interfaces2__rosidl_generator_c.dir/rosidl_generator_c/livox_ros_driver2/msg/detail/custom_msg__functions.c.o[0m
[7.606s] [ 11%] [32mBuilding C object CMakeFiles/livox_interfaces2__rosidl_generator_c.dir/rosidl_generator_c/livox_ros_driver2/msg/detail/custom_point__type_support.c.o[0m
[7.606s] [ 12%] [32mBuilding C object CMakeFiles/livox_interfaces2__rosidl_generator_c.dir/rosidl_generator_c/livox_ros_driver2/msg/detail/custom_msg__description.c.o[0m
[7.606s] [ 14%] [32mBuilding C object CMakeFiles/livox_interfaces2__rosidl_generator_c.dir/rosidl_generator_c/livox_ros_driver2/msg/detail/custom_msg__type_support.c.o[0m
[7.607s] [ 16%] [32mBuilding C object CMakeFiles/livox_interfaces2__rosidl_generator_c.dir/rosidl_generator_c/livox_ros_driver2/msg/detail/custom_point__functions.c.o[0m
[7.640s] [ 17%] [32m[1mLinking C shared library liblivox_ros_driver2__rosidl_generator_c.so[0m
[7.664s] [ 17%] Built target livox_interfaces2__rosidl_generator_c
[7.671s] [ 25%] [34m[1mGenerating C type support dispatch for ROS interfaces[0m
[7.671s] [ 25%] [34m[1mGenerating C type support for eProsima Fast-RTPS[0m
[7.671s] [ 25%] [34m[1mGenerating C++ type support for eProsima Fast-RTPS[0m
[7.671s] [ 25%] [34m[1mGenerating C introspection for ROS interfaces[0m
[7.671s] [ 25%] [34m[1mGenerating C++ introspection for ROS interfaces[0m
[7.673s] [ 27%] [34m[1mGenerating C++ type support dispatch for ROS interfaces[0m
[7.909s] [ 30%] [32mBuilding CXX object CMakeFiles/livox_interfaces2__rosidl_typesupport_c.dir/rosidl_typesupport_c/livox_ros_driver2/msg/custom_msg__type_support.cpp.o[0m
[7.909s] [ 30%] [32mBuilding CXX object CMakeFiles/livox_interfaces2__rosidl_typesupport_cpp.dir/rosidl_typesupport_cpp/livox_ros_driver2/msg/custom_point__type_support.cpp.o[0m
[7.911s] [ 32%] [32mBuilding CXX object CMakeFiles/livox_interfaces2__rosidl_typesupport_cpp.dir/rosidl_typesupport_cpp/livox_ros_driver2/msg/custom_msg__type_support.cpp.o[0m
[7.911s] [ 33%] [32mBuilding CXX object CMakeFiles/livox_interfaces2__rosidl_typesupport_c.dir/rosidl_typesupport_c/livox_ros_driver2/msg/custom_point__type_support.cpp.o[0m
[7.917s] [ 35%] [32mBuilding C object CMakeFiles/livox_interfaces2__rosidl_typesupport_introspection_c.dir/rosidl_typesupport_introspection_c/livox_ros_driver2/msg/detail/custom_msg__type_support.c.o[0m
[7.919s] [ 37%] [32mBuilding C object CMakeFiles/livox_interfaces2__rosidl_typesupport_introspection_c.dir/rosidl_typesupport_introspection_c/livox_ros_driver2/msg/detail/custom_point__type_support.c.o[0m
[7.932s] [ 38%] [32mBuilding CXX object CMakeFiles/livox_interfaces2__rosidl_typesupport_introspection_cpp.dir/rosidl_typesupport_introspection_cpp/livox_ros_driver2/msg/detail/custom_point__type_support.cpp.o[0m
[7.932s] [ 40%] [32mBuilding CXX object CMakeFiles/livox_interfaces2__rosidl_typesupport_introspection_cpp.dir/rosidl_typesupport_introspection_cpp/livox_ros_driver2/msg/detail/custom_msg__type_support.cpp.o[0m
[7.940s] [ 41%] [32mBuilding CXX object CMakeFiles/livox_interfaces2__rosidl_typesupport_fastrtps_cpp.dir/rosidl_typesupport_fastrtps_cpp/livox_ros_driver2/msg/detail/dds_fastrtps/custom_msg__type_support.cpp.o[0m
[7.941s] [ 43%] [32mBuilding CXX object CMakeFiles/livox_interfaces2__rosidl_typesupport_fastrtps_cpp.dir/rosidl_typesupport_fastrtps_cpp/livox_ros_driver2/msg/detail/dds_fastrtps/custom_point__type_support.cpp.o[0m
[7.942s] [ 45%] [32mBuilding CXX object CMakeFiles/livox_interfaces2__rosidl_typesupport_fastrtps_c.dir/rosidl_typesupport_fastrtps_c/livox_ros_driver2/msg/detail/custom_msg__type_support_c.cpp.o[0m
[7.944s] [ 46%] [32mBuilding CXX object CMakeFiles/livox_interfaces2__rosidl_typesupport_fastrtps_c.dir/rosidl_typesupport_fastrtps_c/livox_ros_driver2/msg/detail/custom_point__type_support_c.cpp.o[0m
[7.945s] [ 48%] [32m[1mLinking C shared library liblivox_ros_driver2__rosidl_typesupport_introspection_c.so[0m
[7.946s] [ 50%] [32m[1mLinking CXX shared library liblivox_ros_driver2__rosidl_typesupport_c.so[0m
[7.966s] [ 50%] Built target livox_interfaces2__rosidl_typesupport_introspection_c
[7.976s] [ 50%] Built target livox_interfaces2__rosidl_typesupport_c
[8.116s] [ 51%] [32m[1mLinking CXX shared library liblivox_ros_driver2__rosidl_typesupport_cpp.so[0m
[8.146s] [ 53%] [32m[1mLinking CXX shared library liblivox_ros_driver2__rosidl_typesupport_introspection_cpp.so[0m
[8.149s] [ 53%] Built target livox_interfaces2__rosidl_typesupport_cpp
[8.167s] [ 54%] [32mBuilding CXX object CMakeFiles/livox_ros_driver2.dir/src/driver_node.cpp.o[0m
[8.167s] [ 56%] [32mBuilding CXX object CMakeFiles/livox_ros_driver2.dir/src/lds.cpp.o[0m
[8.168s] [ 58%] [32mBuilding CXX object CMakeFiles/livox_ros_driver2.dir/src/livox_ros_driver2.cpp.o[0m
[8.168s] [ 59%] [32mBuilding CXX object CMakeFiles/livox_ros_driver2.dir/src/lddc.cpp.o[0m
[8.169s] [ 62%] [32mBuilding CXX object CMakeFiles/livox_ros_driver2.dir/src/comm/ldq.cpp.o[0m
[8.169s] [ 64%] [32mBuilding CXX object CMakeFiles/livox_ros_driver2.dir/src/comm/lidar_imu_data_queue.cpp.o[0m
[8.169s] [ 66%] [32mBuilding CXX object CMakeFiles/livox_ros_driver2.dir/src/comm/semaphore.cpp.o[0m
[8.169s] [ 66%] [32mBuilding CXX object CMakeFiles/livox_ros_driver2.dir/src/comm/cache_index.cpp.o[0m
[8.169s] [ 69%] [32mBuilding CXX object CMakeFiles/livox_ros_driver2.dir/src/lds_lidar.cpp.o[0m
[8.169s] [ 69%] [32mBuilding CXX object CMakeFiles/livox_ros_driver2.dir/src/comm/comm.cpp.o[0m
[8.169s] [ 70%] [32mBuilding CXX object CMakeFiles/livox_ros_driver2.dir/src/parse_cfg_file/parse_cfg_file.cpp.o[0m
[8.170s] [ 72%] [32mBuilding CXX object CMakeFiles/livox_ros_driver2.dir/src/comm/pub_handler.cpp.o[0m
[8.170s] [ 74%] [32mBuilding CXX object CMakeFiles/livox_ros_driver2.dir/src/parse_cfg_file/parse_livox_lidar_cfg.cpp.o[0m
[8.170s] [ 75%] [32mBuilding CXX object CMakeFiles/livox_ros_driver2.dir/src/call_back/lidar_common_callback.cpp.o[0m
[8.176s] [ 77%] [32mBuilding CXX object CMakeFiles/livox_ros_driver2.dir/src/call_back/livox_lidar_callback.cpp.o[0m
[8.222s] [ 77%] Built target livox_interfaces2__rosidl_typesupport_introspection_cpp
[8.327s] [ 79%] [32m[1mLinking CXX shared library liblivox_ros_driver2__rosidl_typesupport_fastrtps_cpp.so[0m
[8.404s] [ 79%] Built target livox_interfaces2__rosidl_typesupport_fastrtps_cpp
[8.438s] [ 80%] [32m[1mLinking CXX shared library liblivox_ros_driver2__rosidl_typesupport_fastrtps_c.so[0m
[8.494s] [ 80%] Built target livox_interfaces2__rosidl_typesupport_fastrtps_c
[8.517s] [ 80%] Built target livox_interfaces2
[8.540s] [ 82%] [34m[1mGenerating Python code for ROS interfaces[0m
[9.092s] [ 82%] Built target livox_interfaces2__py
[9.111s] [ 83%] [32mBuilding C object CMakeFiles/livox_interfaces2__rosidl_generator_py.dir/rosidl_generator_py/livox_ros_driver2/msg/_custom_msg_s.c.o[0m
[9.112s] [ 85%] [32mBuilding C object CMakeFiles/livox_interfaces2__rosidl_generator_py.dir/rosidl_generator_py/livox_ros_driver2/msg/_custom_point_s.c.o[0m
[9.210s] [ 87%] [32m[1mLinking CXX executable livox_ros_driver2_node[0m
[9.219s] [ 88%] [32m[1mLinking C shared library liblivox_interfaces2__rosidl_generator_py.so[0m
[9.255s] [ 88%] Built target livox_interfaces2__rosidl_generator_py
[9.275s] [ 93%] [32mBuilding C object CMakeFiles/livox_ros_driver2_s__rosidl_typesupport_introspection_c.dir/rosidl_generator_py/livox_ros_driver2/_livox_ros_driver2_s.ep.rosidl_typesupport_introspection_c.c.o[0m
[9.275s] [ 93%] [32mBuilding C object CMakeFiles/livox_ros_driver2_s__rosidl_typesupport_c.dir/rosidl_generator_py/livox_ros_driver2/_livox_ros_driver2_s.ep.rosidl_typesupport_c.c.o[0m
[9.275s] [ 93%] [32mBuilding C object CMakeFiles/livox_ros_driver2_s__rosidl_typesupport_fastrtps_c.dir/rosidl_generator_py/livox_ros_driver2/_livox_ros_driver2_s.ep.rosidl_typesupport_fastrtps_c.c.o[0m
[9.288s] [ 93%] Built target livox_ros_driver2_node
[9.345s] [ 95%] [32m[1mLinking C shared module rosidl_generator_py/livox_ros_driver2/livox_ros_driver2_s__rosidl_typesupport_introspection_c.so[0m
[9.346s] [ 96%] [32m[1mLinking C shared module rosidl_generator_py/livox_ros_driver2/livox_ros_driver2_s__rosidl_typesupport_c.so[0m
[9.350s] [ 98%] [32m[1mLinking C shared module rosidl_generator_py/livox_ros_driver2/livox_ros_driver2_s__rosidl_typesupport_fastrtps_c.so[0m
[9.371s] [ 98%] Built target livox_ros_driver2_s__rosidl_typesupport_c
[9.373s] [ 98%] Built target livox_ros_driver2_s__rosidl_typesupport_introspection_c
[9.376s] [ 98%] Built target livox_ros_driver2_s__rosidl_typesupport_fastrtps_c
[13.397s] [100%] [32m[1mLinking CXX shared library liblivox_ros_driver2.so[0m
[13.693s] [100%] Built target livox_ros_driver2
[13.703s] Invoked command in '/home/fire/Desktop/fast_livo2_ws/build/livox_ros_driver2' returned '0': CMAKE_PREFIX_PATH=${CMAKE_PREFIX_PATH}:/opt/ros/jazzy DEBUGINFOD_URLS=https://debuginfod.ubuntu.com /usr/bin/cmake --build /home/fire/Desktop/fast_livo2_ws/build/livox_ros_driver2 -- -j24 -l24
[13.704s] Invoking command in '/home/fire/Desktop/fast_livo2_ws/build/livox_ros_driver2': CMAKE_PREFIX_PATH=${CMAKE_PREFIX_PATH}:/opt/ros/jazzy DEBUGINFOD_URLS=https://debuginfod.ubuntu.com /usr/bin/cmake --install /home/fire/Desktop/fast_livo2_ws/build/livox_ros_driver2
[13.709s] -- Install configuration: ""
[13.709s] -- Installing: /home/fire/Desktop/fast_livo2_ws/install/livox_ros_driver2/share/ament_index/resource_index/rosidl_interfaces/livox_ros_driver2
[13.709s] -- Installing: /home/fire/Desktop/fast_livo2_ws/install/livox_ros_driver2/share/livox_ros_driver2/msg/CustomPoint.json
[13.709s] -- Installing: /home/fire/Desktop/fast_livo2_ws/install/livox_ros_driver2/share/livox_ros_driver2/msg/CustomMsg.json
[13.710s] -- Installing: /home/fire/Desktop/fast_livo2_ws/install/livox_ros_driver2/include/livox_ros_driver2/livox_ros_driver2
[13.710s] -- Installing: /home/fire/Desktop/fast_livo2_ws/install/livox_ros_driver2/include/livox_ros_driver2/livox_ros_driver2/msg
[13.710s] -- Installing: /home/fire/Desktop/fast_livo2_ws/install/livox_ros_driver2/include/livox_ros_driver2/livox_ros_driver2/msg/custom_point.h
[13.710s] -- Installing: /home/fire/Desktop/fast_livo2_ws/install/livox_ros_driver2/include/livox_ros_driver2/livox_ros_driver2/msg/rosidl_generator_c__visibility_control.h
[13.710s] -- Installing: /home/fire/Desktop/fast_livo2_ws/install/livox_ros_driver2/include/livox_ros_driver2/livox_ros_driver2/msg/detail
[13.710s] -- Installing: /home/fire/Desktop/fast_livo2_ws/install/livox_ros_driver2/include/livox_ros_driver2/livox_ros_driver2/msg/detail/custom_msg__type_support.c
[13.710s] -- Installing: /home/fire/Desktop/fast_livo2_ws/install/livox_ros_driver2/include/livox_ros_driver2/livox_ros_driver2/msg/detail/custom_point__struct.h
[13.710s] -- Installing: /home/fire/Desktop/fast_livo2_ws/install/livox_ros_driver2/include/livox_ros_driver2/livox_ros_driver2/msg/detail/custom_msg__type_support.h
[13.710s] -- Installing: /home/fire/Desktop/fast_livo2_ws/install/livox_ros_driver2/include/livox_ros_driver2/livox_ros_driver2/msg/detail/custom_msg__description.c
[13.710s] -- Installing: /home/fire/Desktop/fast_livo2_ws/install/livox_ros_driver2/include/livox_ros_driver2/livox_ros_driver2/msg/detail/custom_msg__struct.h
[13.710s] -- Installing: /home/fire/Desktop/fast_livo2_ws/install/livox_ros_driver2/include/livox_ros_driver2/livox_ros_driver2/msg/detail/custom_point__functions.h
[13.710s] -- Installing: /home/fire/Desktop/fast_livo2_ws/install/livox_ros_driver2/include/livox_ros_driver2/livox_ros_driver2/msg/detail/custom_point__type_support.h
[13.710s] -- Installing: /home/fire/Desktop/fast_livo2_ws/install/livox_ros_driver2/include/livox_ros_driver2/livox_ros_driver2/msg/detail/custom_msg__functions.h
[13.711s] -- Installing: /home/fire/Desktop/fast_livo2_ws/install/livox_ros_driver2/include/livox_ros_driver2/livox_ros_driver2/msg/detail/custom_point__functions.c
[13.711s] -- Installing: /home/fire/Desktop/fast_livo2_ws/install/livox_ros_driver2/include/livox_ros_driver2/livox_ros_driver2/msg/detail/custom_point__description.c
[13.711s] -- Installing: /home/fire/Desktop/fast_livo2_ws/install/livox_ros_driver2/include/livox_ros_driver2/livox_ros_driver2/msg/detail/custom_msg__functions.c
[13.711s] -- Installing: /home/fire/Desktop/fast_livo2_ws/install/livox_ros_driver2/include/livox_ros_driver2/livox_ros_driver2/msg/detail/custom_point__type_support.c
[13.711s] -- Installing: /home/fire/Desktop/fast_livo2_ws/install/livox_ros_driver2/include/livox_ros_driver2/livox_ros_driver2/msg/custom_msg.h
[13.711s] -- Installing: /home/fire/Desktop/fast_livo2_ws/install/livox_ros_driver2/share/livox_ros_driver2/environment/library_path.sh
[13.711s] -- Installing: /home/fire/Desktop/fast_livo2_ws/install/livox_ros_driver2/share/livox_ros_driver2/environment/library_path.dsv
[13.711s] -- Installing: /home/fire/Desktop/fast_livo2_ws/install/livox_ros_driver2/lib/liblivox_ros_driver2__rosidl_generator_c.so
[13.711s] -- Set non-toolchain portion of runtime path of "/home/fire/Desktop/fast_livo2_ws/install/livox_ros_driver2/lib/liblivox_ros_driver2__rosidl_generator_c.so" to ""
[13.711s] -- Up-to-date: /home/fire/Desktop/fast_livo2_ws/install/livox_ros_driver2/include/livox_ros_driver2/livox_ros_driver2
[13.711s] -- Up-to-date: /home/fire/Desktop/fast_livo2_ws/install/livox_ros_driver2/include/livox_ros_driver2/livox_ros_driver2/msg
[13.711s] -- Installing: /home/fire/Desktop/fast_livo2_ws/install/livox_ros_driver2/include/livox_ros_driver2/livox_ros_driver2/msg/rosidl_typesupport_fastrtps_c__visibility_control.h
[13.712s] -- Up-to-date: /home/fire/Desktop/fast_livo2_ws/install/livox_ros_driver2/include/livox_ros_driver2/livox_ros_driver2/msg/detail
[13.712s] -- Installing: /home/fire/Desktop/fast_livo2_ws/install/livox_ros_driver2/include/livox_ros_driver2/livox_ros_driver2/msg/detail/custom_point__rosidl_typesupport_fastrtps_c.h
[13.712s] -- Installing: /home/fire/Desktop/fast_livo2_ws/install/livox_ros_driver2/include/livox_ros_driver2/livox_ros_driver2/msg/detail/custom_msg__rosidl_typesupport_fastrtps_c.h
[13.712s] -- Installing: /home/fire/Desktop/fast_livo2_ws/install/livox_ros_driver2/lib/liblivox_ros_driver2__rosidl_typesupport_fastrtps_c.so
[13.712s] -- Set non-toolchain portion of runtime path of "/home/fire/Desktop/fast_livo2_ws/install/livox_ros_driver2/lib/liblivox_ros_driver2__rosidl_typesupport_fastrtps_c.so" to ""
[13.712s] -- Up-to-date: /home/fire/Desktop/fast_livo2_ws/install/livox_ros_driver2/include/livox_ros_driver2/livox_ros_driver2
[13.712s] -- Up-to-date: /home/fire/Desktop/fast_livo2_ws/install/livox_ros_driver2/include/livox_ros_driver2/livox_ros_driver2/msg
[13.712s] -- Installing: /home/fire/Desktop/fast_livo2_ws/install/livox_ros_driver2/include/livox_ros_driver2/livox_ros_driver2/msg/rosidl_typesupport_introspection_c__visibility_control.h
[13.712s] -- Up-to-date: /home/fire/Desktop/fast_livo2_ws/install/livox_ros_driver2/include/livox_ros_driver2/livox_ros_driver2/msg/detail
[13.712s] -- Up-to-date: /home/fire/Desktop/fast_livo2_ws/install/livox_ros_driver2/include/livox_ros_driver2/livox_ros_driver2/msg/detail/custom_msg__type_support.c
[13.712s] -- Installing: /home/fire/Desktop/fast_livo2_ws/install/livox_ros_driver2/include/livox_ros_driver2/livox_ros_driver2/msg/detail/custom_point__rosidl_typesupport_introspection_c.h
[13.712s] -- Installing: /home/fire/Desktop/fast_livo2_ws/install/livox_ros_driver2/include/livox_ros_driver2/livox_ros_driver2/msg/detail/custom_msg__rosidl_typesupport_introspection_c.h
[13.713s] -- Up-to-date: /home/fire/Desktop/fast_livo2_ws/install/livox_ros_driver2/include/livox_ros_driver2/livox_ros_driver2/msg/detail/custom_point__type_support.c
[13.713s] -- Installing: /home/fire/Desktop/fast_livo2_ws/install/livox_ros_driver2/lib/liblivox_ros_driver2__rosidl_typesupport_introspection_c.so
[13.713s] -- Set non-toolchain portion of runtime path of "/home/fire/Desktop/fast_livo2_ws/install/livox_ros_driver2/lib/liblivox_ros_driver2__rosidl_typesupport_introspection_c.so" to ""
[13.713s] -- Installing: /home/fire/Desktop/fast_livo2_ws/install/livox_ros_driver2/lib/liblivox_ros_driver2__rosidl_typesupport_c.so
[13.713s] -- Set non-toolchain portion of runtime path of "/home/fire/Desktop/fast_livo2_ws/install/livox_ros_driver2/lib/liblivox_ros_driver2__rosidl_typesupport_c.so" to ""
[13.713s] -- Up-to-date: /home/fire/Desktop/fast_livo2_ws/install/livox_ros_driver2/include/livox_ros_driver2/livox_ros_driver2
[13.713s] -- Up-to-date: /home/fire/Desktop/fast_livo2_ws/install/livox_ros_driver2/include/livox_ros_driver2/livox_ros_driver2/msg
[13.713s] -- Installing: /home/fire/Desktop/fast_livo2_ws/install/livox_ros_driver2/include/livox_ros_driver2/livox_ros_driver2/msg/rosidl_generator_cpp__visibility_control.hpp
[13.713s] -- Installing: /home/fire/Desktop/fast_livo2_ws/install/livox_ros_driver2/include/livox_ros_driver2/livox_ros_driver2/msg/custom_msg.hpp
[13.713s] -- Installing: /home/fire/Desktop/fast_livo2_ws/install/livox_ros_driver2/include/livox_ros_driver2/livox_ros_driver2/msg/custom_point.hpp
[13.713s] -- Up-to-date: /home/fire/Desktop/fast_livo2_ws/install/livox_ros_driver2/include/livox_ros_driver2/livox_ros_driver2/msg/detail
[13.713s] -- Installing: /home/fire/Desktop/fast_livo2_ws/install/livox_ros_driver2/include/livox_ros_driver2/livox_ros_driver2/msg/detail/custom_msg__type_support.hpp
[13.713s] -- Installing: /home/fire/Desktop/fast_livo2_ws/install/livox_ros_driver2/include/livox_ros_driver2/livox_ros_driver2/msg/detail/custom_point__type_support.hpp
[13.713s] -- Installing: /home/fire/Desktop/fast_livo2_ws/install/livox_ros_driver2/include/livox_ros_driver2/livox_ros_driver2/msg/detail/custom_point__struct.hpp
[13.713s] -- Installing: /home/fire/Desktop/fast_livo2_ws/install/livox_ros_driver2/include/livox_ros_driver2/livox_ros_driver2/msg/detail/custom_point__traits.hpp
[13.713s] -- Installing: /home/fire/Desktop/fast_livo2_ws/install/livox_ros_driver2/include/livox_ros_driver2/livox_ros_driver2/msg/detail/custom_msg__traits.hpp
[13.714s] -- Installing: /home/fire/Desktop/fast_livo2_ws/install/livox_ros_driver2/include/livox_ros_driver2/livox_ros_driver2/msg/detail/custom_msg__builder.hpp
[13.714s] -- Installing: /home/fire/Desktop/fast_livo2_ws/install/livox_ros_driver2/include/livox_ros_driver2/livox_ros_driver2/msg/detail/custom_point__builder.hpp
[13.714s] -- Installing: /home/fire/Desktop/fast_livo2_ws/install/livox_ros_driver2/include/livox_ros_driver2/livox_ros_driver2/msg/detail/custom_msg__struct.hpp
[13.714s] -- Up-to-date: /home/fire/Desktop/fast_livo2_ws/install/livox_ros_driver2/include/livox_ros_driver2/livox_ros_driver2
[13.714s] -- Up-to-date: /home/fire/Desktop/fast_livo2_ws/install/livox_ros_driver2/include/livox_ros_driver2/livox_ros_driver2/msg
[13.714s] -- Installing: /home/fire/Desktop/fast_livo2_ws/install/livox_ros_driver2/include/livox_ros_driver2/livox_ros_driver2/msg/rosidl_typesupport_fastrtps_cpp__visibility_control.h
[13.714s] -- Up-to-date: /home/fire/Desktop/fast_livo2_ws/install/livox_ros_driver2/include/livox_ros_driver2/livox_ros_driver2/msg/detail
[13.714s] -- Installing: /home/fire/Desktop/fast_livo2_ws/install/livox_ros_driver2/include/livox_ros_driver2/livox_ros_driver2/msg/detail/dds_fastrtps
[13.714s] -- Installing: /home/fire/Desktop/fast_livo2_ws/install/livox_ros_driver2/include/livox_ros_driver2/livox_ros_driver2/msg/detail/custom_msg__rosidl_typesupport_fastrtps_cpp.hpp
[13.714s] -- Installing: /home/fire/Desktop/fast_livo2_ws/install/livox_ros_driver2/include/livox_ros_driver2/livox_ros_driver2/msg/detail/custom_point__rosidl_typesupport_fastrtps_cpp.hpp
[13.714s] -- Installing: /home/fire/Desktop/fast_livo2_ws/install/livox_ros_driver2/lib/liblivox_ros_driver2__rosidl_typesupport_fastrtps_cpp.so
[13.714s] -- Set non-toolchain portion of runtime path of "/home/fire/Desktop/fast_livo2_ws/install/livox_ros_driver2/lib/liblivox_ros_driver2__rosidl_typesupport_fastrtps_cpp.so" to ""
[13.714s] -- Up-to-date: /home/fire/Desktop/fast_livo2_ws/install/livox_ros_driver2/include/livox_ros_driver2/livox_ros_driver2
[13.714s] -- Up-to-date: /home/fire/Desktop/fast_livo2_ws/install/livox_ros_driver2/include/livox_ros_driver2/livox_ros_driver2/msg
[13.714s] -- Up-to-date: /home/fire/Desktop/fast_livo2_ws/install/livox_ros_driver2/include/livox_ros_driver2/livox_ros_driver2/msg/detail
[13.714s] -- Installing: /home/fire/Desktop/fast_livo2_ws/install/livox_ros_driver2/include/livox_ros_driver2/livox_ros_driver2/msg/detail/custom_point__rosidl_typesupport_introspection_cpp.hpp
[13.715s] -- Installing: /home/fire/Desktop/fast_livo2_ws/install/livox_ros_driver2/include/livox_ros_driver2/livox_ros_driver2/msg/detail/custom_msg__rosidl_typesupport_introspection_cpp.hpp
[13.715s] -- Installing: /home/fire/Desktop/fast_livo2_ws/install/livox_ros_driver2/include/livox_ros_driver2/livox_ros_driver2/msg/detail/custom_msg__type_support.cpp
[13.715s] -- Installing: /home/fire/Desktop/fast_livo2_ws/install/livox_ros_driver2/include/livox_ros_driver2/livox_ros_driver2/msg/detail/custom_point__type_support.cpp
[13.715s] -- Installing: /home/fire/Desktop/fast_livo2_ws/install/livox_ros_driver2/lib/liblivox_ros_driver2__rosidl_typesupport_introspection_cpp.so
[13.715s] -- Set non-toolchain portion of runtime path of "/home/fire/Desktop/fast_livo2_ws/install/livox_ros_driver2/lib/liblivox_ros_driver2__rosidl_typesupport_introspection_cpp.so" to ""
[13.715s] -- Installing: /home/fire/Desktop/fast_livo2_ws/install/livox_ros_driver2/lib/liblivox_ros_driver2__rosidl_typesupport_cpp.so
[13.715s] -- Set non-toolchain portion of runtime path of "/home/fire/Desktop/fast_livo2_ws/install/livox_ros_driver2/lib/liblivox_ros_driver2__rosidl_typesupport_cpp.so" to ""
[13.715s] -- Installing: /home/fire/Desktop/fast_livo2_ws/install/livox_ros_driver2/share/livox_ros_driver2/environment/pythonpath.sh
[13.715s] -- Installing: /home/fire/Desktop/fast_livo2_ws/install/livox_ros_driver2/share/livox_ros_driver2/environment/pythonpath.dsv
[13.715s] -- Installing: /home/fire/Desktop/fast_livo2_ws/install/livox_ros_driver2/lib/python3.12/site-packages/livox_ros_driver2-1.0.0-py3.12.egg-info
[13.715s] -- Installing: /home/fire/Desktop/fast_livo2_ws/install/livox_ros_driver2/lib/python3.12/site-packages/livox_ros_driver2-1.0.0-py3.12.egg-info/dependency_links.txt
[13.715s] -- Installing: /home/fire/Desktop/fast_livo2_ws/install/livox_ros_driver2/lib/python3.12/site-packages/livox_ros_driver2-1.0.0-py3.12.egg-info/top_level.txt
[13.715s] -- Installing: /home/fire/Desktop/fast_livo2_ws/install/livox_ros_driver2/lib/python3.12/site-packages/livox_ros_driver2-1.0.0-py3.12.egg-info/SOURCES.txt
[13.715s] -- Installing: /home/fire/Desktop/fast_livo2_ws/install/livox_ros_driver2/lib/python3.12/site-packages/livox_ros_driver2-1.0.0-py3.12.egg-info/PKG-INFO
[13.716s] -- Installing: /home/fire/Desktop/fast_livo2_ws/install/livox_ros_driver2/lib/python3.12/site-packages/livox_ros_driver2
[13.716s] -- Installing: /home/fire/Desktop/fast_livo2_ws/install/livox_ros_driver2/lib/python3.12/site-packages/livox_ros_driver2/_livox_ros_driver2_s.ep.rosidl_typesupport_introspection_c.c
[13.716s] -- Installing: /home/fire/Desktop/fast_livo2_ws/install/livox_ros_driver2/lib/python3.12/site-packages/livox_ros_driver2/_livox_ros_driver2_s.ep.rosidl_typesupport_c.c
[13.716s] -- Installing: /home/fire/Desktop/fast_livo2_ws/install/livox_ros_driver2/lib/python3.12/site-packages/livox_ros_driver2/livox_ros_driver2_s__rosidl_typesupport_introspection_c.so
[13.716s] -- Installing: /home/fire/Desktop/fast_livo2_ws/install/livox_ros_driver2/lib/python3.12/site-packages/livox_ros_driver2/msg
[13.716s] -- Installing: /home/fire/Desktop/fast_livo2_ws/install/livox_ros_driver2/lib/python3.12/site-packages/livox_ros_driver2/msg/_custom_point_s.c
[13.716s] -- Installing: /home/fire/Desktop/fast_livo2_ws/install/livox_ros_driver2/lib/python3.12/site-packages/livox_ros_driver2/msg/__init__.py
[13.716s] -- Installing: /home/fire/Desktop/fast_livo2_ws/install/livox_ros_driver2/lib/python3.12/site-packages/livox_ros_driver2/msg/_custom_msg_s.c
[13.716s] -- Installing: /home/fire/Desktop/fast_livo2_ws/install/livox_ros_driver2/lib/python3.12/site-packages/livox_ros_driver2/msg/_custom_msg.py
[13.716s] -- Installing: /home/fire/Desktop/fast_livo2_ws/install/livox_ros_driver2/lib/python3.12/site-packages/livox_ros_driver2/msg/_custom_point.py
[13.716s] -- Installing: /home/fire/Desktop/fast_livo2_ws/install/livox_ros_driver2/lib/python3.12/site-packages/livox_ros_driver2/_livox_ros_driver2_s.ep.rosidl_typesupport_fastrtps_c.c
[13.716s] -- Installing: /home/fire/Desktop/fast_livo2_ws/install/livox_ros_driver2/lib/python3.12/site-packages/livox_ros_driver2/__init__.py
[13.716s] -- Installing: /home/fire/Desktop/fast_livo2_ws/install/livox_ros_driver2/lib/python3.12/site-packages/livox_ros_driver2/livox_ros_driver2_s__rosidl_typesupport_fastrtps_c.so
[13.716s] -- Installing: /home/fire/Desktop/fast_livo2_ws/install/livox_ros_driver2/lib/python3.12/site-packages/livox_ros_driver2/livox_ros_driver2_s__rosidl_typesupport_c.so
[13.736s] Listing '/home/fire/Desktop/fast_livo2_ws/install/livox_ros_driver2/lib/python3.12/site-packages/livox_ros_driver2'...
[13.736s] Compiling '/home/fire/Desktop/fast_livo2_ws/install/livox_ros_driver2/lib/python3.12/site-packages/livox_ros_driver2/__init__.py'...
[13.736s] Listing '/home/fire/Desktop/fast_livo2_ws/install/livox_ros_driver2/lib/python3.12/site-packages/livox_ros_driver2/msg'...
[13.736s] Compiling '/home/fire/Desktop/fast_livo2_ws/install/livox_ros_driver2/lib/python3.12/site-packages/livox_ros_driver2/msg/__init__.py'...
[13.736s] Compiling '/home/fire/Desktop/fast_livo2_ws/install/livox_ros_driver2/lib/python3.12/site-packages/livox_ros_driver2/msg/_custom_msg.py'...
[13.736s] Compiling '/home/fire/Desktop/fast_livo2_ws/install/livox_ros_driver2/lib/python3.12/site-packages/livox_ros_driver2/msg/_custom_point.py'...
[13.740s] -- Installing: /home/fire/Desktop/fast_livo2_ws/install/livox_ros_driver2/lib/python3.12/site-packages/livox_ros_driver2/livox_ros_driver2_s__rosidl_typesupport_fastrtps_c.so
[13.740s] -- Set non-toolchain portion of runtime path of "/home/fire/Desktop/fast_livo2_ws/install/livox_ros_driver2/lib/python3.12/site-packages/livox_ros_driver2/livox_ros_driver2_s__rosidl_typesupport_fastrtps_c.so" to ""
[13.740s] -- Installing: /home/fire/Desktop/fast_livo2_ws/install/livox_ros_driver2/lib/python3.12/site-packages/livox_ros_driver2/livox_ros_driver2_s__rosidl_typesupport_introspection_c.so
[13.740s] -- Set non-toolchain portion of runtime path of "/home/fire/Desktop/fast_livo2_ws/install/livox_ros_driver2/lib/python3.12/site-packages/livox_ros_driver2/livox_ros_driver2_s__rosidl_typesupport_introspection_c.so" to ""
[13.740s] -- Installing: /home/fire/Desktop/fast_livo2_ws/install/livox_ros_driver2/lib/python3.12/site-packages/livox_ros_driver2/livox_ros_driver2_s__rosidl_typesupport_c.so
[13.740s] -- Set non-toolchain portion of runtime path of "/home/fire/Desktop/fast_livo2_ws/install/livox_ros_driver2/lib/python3.12/site-packages/livox_ros_driver2/livox_ros_driver2_s__rosidl_typesupport_c.so" to ""
[13.740s] -- Installing: /home/fire/Desktop/fast_livo2_ws/install/livox_ros_driver2/lib/liblivox_interfaces2__rosidl_generator_py.so
[13.740s] -- Set non-toolchain portion of runtime path of "/home/fire/Desktop/fast_livo2_ws/install/livox_ros_driver2/lib/liblivox_interfaces2__rosidl_generator_py.so" to ""
[13.740s] -- Installing: /home/fire/Desktop/fast_livo2_ws/install/livox_ros_driver2/share/livox_ros_driver2/msg/CustomPoint.idl
[13.740s] -- Installing: /home/fire/Desktop/fast_livo2_ws/install/livox_ros_driver2/share/livox_ros_driver2/msg/CustomMsg.idl
[13.740s] -- Installing: /home/fire/Desktop/fast_livo2_ws/install/livox_ros_driver2/share/livox_ros_driver2/msg/CustomPoint.msg
[13.740s] -- Installing: /home/fire/Desktop/fast_livo2_ws/install/livox_ros_driver2/share/livox_ros_driver2/msg/CustomMsg.msg
[13.740s] -- Installing: /home/fire/Desktop/fast_livo2_ws/install/livox_ros_driver2/lib/livox_ros_driver2/livox_ros_driver2_node
[13.740s] -- Set non-toolchain portion of runtime path of "/home/fire/Desktop/fast_livo2_ws/install/livox_ros_driver2/lib/livox_ros_driver2/livox_ros_driver2_node" to ""
[13.740s] -- Installing: /home/fire/Desktop/fast_livo2_ws/install/livox_ros_driver2/lib/liblivox_ros_driver2.so
[13.742s] -- Set non-toolchain portion of runtime path of "/home/fire/Desktop/fast_livo2_ws/install/livox_ros_driver2/lib/liblivox_ros_driver2.so" to ""
[13.742s] -- Installing: /home/fire/Desktop/fast_livo2_ws/install/livox_ros_driver2/share/livox_ros_driver2/config
[13.742s] -- Installing: /home/fire/Desktop/fast_livo2_ws/install/livox_ros_driver2/share/livox_ros_driver2/config/HAP_config.json
[13.742s] -- Installing: /home/fire/Desktop/fast_livo2_ws/install/livox_ros_driver2/share/livox_ros_driver2/config/display_point_cloud_ROS1.rviz
[13.742s] -- Installing: /home/fire/Desktop/fast_livo2_ws/install/livox_ros_driver2/share/livox_ros_driver2/config/mixed_HAP_MID360_config.json
[13.742s] -- Installing: /home/fire/Desktop/fast_livo2_ws/install/livox_ros_driver2/share/livox_ros_driver2/config/display_point_cloud_ROS2.rviz
[13.743s] -- Installing: /home/fire/Desktop/fast_livo2_ws/install/livox_ros_driver2/share/livox_ros_driver2/config/MID360_config.json
[13.743s] -- Installing: /home/fire/Desktop/fast_livo2_ws/install/livox_ros_driver2/share/livox_ros_driver2/config/MID360s_config.json
[13.743s] -- Installing: /home/fire/Desktop/fast_livo2_ws/install/livox_ros_driver2/share/livox_ros_driver2/launch_ROS2
[13.743s] -- Installing: /home/fire/Desktop/fast_livo2_ws/install/livox_ros_driver2/share/livox_ros_driver2/launch_ROS2/msg_MID360s_launch.py
[13.743s] -- Installing: /home/fire/Desktop/fast_livo2_ws/install/livox_ros_driver2/share/livox_ros_driver2/launch_ROS2/rviz_MID360_launch.py
[13.743s] -- Installing: /home/fire/Desktop/fast_livo2_ws/install/livox_ros_driver2/share/livox_ros_driver2/launch_ROS2/msg_HAP_launch.py
[13.743s] -- Installing: /home/fire/Desktop/fast_livo2_ws/install/livox_ros_driver2/share/livox_ros_driver2/launch_ROS2/rviz_mixed.py
[13.743s] -- Installing: /home/fire/Desktop/fast_livo2_ws/install/livox_ros_driver2/share/livox_ros_driver2/launch_ROS2/rviz_MID360s_launch.py
[13.743s] -- Installing: /home/fire/Desktop/fast_livo2_ws/install/livox_ros_driver2/share/livox_ros_driver2/launch_ROS2/rviz_HAP_launch.py
[13.743s] -- Installing: /home/fire/Desktop/fast_livo2_ws/install/livox_ros_driver2/share/livox_ros_driver2/launch_ROS2/msg_MID360_launch.py
[13.743s] -- Installing: /home/fire/Desktop/fast_livo2_ws/install/livox_ros_driver2/share/ament_index/resource_index/package_run_dependencies/livox_ros_driver2
[13.743s] -- Installing: /home/fire/Desktop/fast_livo2_ws/install/livox_ros_driver2/share/ament_index/resource_index/parent_prefix_path/livox_ros_driver2
[13.743s] -- Installing: /home/fire/Desktop/fast_livo2_ws/install/livox_ros_driver2/share/livox_ros_driver2/environment/ament_prefix_path.sh
[13.744s] -- Installing: /home/fire/Desktop/fast_livo2_ws/install/livox_ros_driver2/share/livox_ros_driver2/environment/ament_prefix_path.dsv
[13.744s] -- Installing: /home/fire/Desktop/fast_livo2_ws/install/livox_ros_driver2/share/livox_ros_driver2/environment/path.sh
[13.744s] -- Installing: /home/fire/Desktop/fast_livo2_ws/install/livox_ros_driver2/share/livox_ros_driver2/environment/path.dsv
[13.744s] -- Installing: /home/fire/Desktop/fast_livo2_ws/install/livox_ros_driver2/share/livox_ros_driver2/local_setup.bash
[13.744s] -- Installing: /home/fire/Desktop/fast_livo2_ws/install/livox_ros_driver2/share/livox_ros_driver2/local_setup.sh
[13.744s] -- Installing: /home/fire/Desktop/fast_livo2_ws/install/livox_ros_driver2/share/livox_ros_driver2/local_setup.zsh
[13.744s] -- Installing: /home/fire/Desktop/fast_livo2_ws/install/livox_ros_driver2/share/livox_ros_driver2/local_setup.dsv
[13.744s] -- Installing: /home/fire/Desktop/fast_livo2_ws/install/livox_ros_driver2/share/livox_ros_driver2/package.dsv
[13.744s] -- Installing: /home/fire/Desktop/fast_livo2_ws/install/livox_ros_driver2/share/ament_index/resource_index/packages/livox_ros_driver2
[13.744s] -- Installing: /home/fire/Desktop/fast_livo2_ws/install/livox_ros_driver2/share/livox_ros_driver2/cmake/export_livox_interfaces2__rosidl_generator_cExport.cmake
[13.744s] -- Installing: /home/fire/Desktop/fast_livo2_ws/install/livox_ros_driver2/share/livox_ros_driver2/cmake/export_livox_interfaces2__rosidl_generator_cExport-noconfig.cmake
[13.744s] -- Installing: /home/fire/Desktop/fast_livo2_ws/install/livox_ros_driver2/share/livox_ros_driver2/cmake/export_livox_interfaces2__rosidl_typesupport_fastrtps_cExport.cmake
[13.744s] -- Installing: /home/fire/Desktop/fast_livo2_ws/install/livox_ros_driver2/share/livox_ros_driver2/cmake/export_livox_interfaces2__rosidl_typesupport_fastrtps_cExport-noconfig.cmake
[13.744s] -- Installing: /home/fire/Desktop/fast_livo2_ws/install/livox_ros_driver2/share/livox_ros_driver2/cmake/livox_interfaces2__rosidl_typesupport_introspection_cExport.cmake
[13.744s] -- Installing: /home/fire/Desktop/fast_livo2_ws/install/livox_ros_driver2/share/livox_ros_driver2/cmake/livox_interfaces2__rosidl_typesupport_introspection_cExport-noconfig.cmake
[13.744s] -- Installing: /home/fire/Desktop/fast_livo2_ws/install/livox_ros_driver2/share/livox_ros_driver2/cmake/livox_interfaces2__rosidl_typesupport_cExport.cmake
[13.744s] -- Installing: /home/fire/Desktop/fast_livo2_ws/install/livox_ros_driver2/share/livox_ros_driver2/cmake/livox_interfaces2__rosidl_typesupport_cExport-noconfig.cmake
[13.744s] -- Installing: /home/fire/Desktop/fast_livo2_ws/install/livox_ros_driver2/share/livox_ros_driver2/cmake/export_livox_interfaces2__rosidl_generator_cppExport.cmake
[13.744s] -- Installing: /home/fire/Desktop/fast_livo2_ws/install/livox_ros_driver2/share/livox_ros_driver2/cmake/export_livox_interfaces2__rosidl_typesupport_fastrtps_cppExport.cmake
[13.744s] -- Installing: /home/fire/Desktop/fast_livo2_ws/install/livox_ros_driver2/share/livox_ros_driver2/cmake/export_livox_interfaces2__rosidl_typesupport_fastrtps_cppExport-noconfig.cmake
[13.744s] -- Installing: /home/fire/Desktop/fast_livo2_ws/install/livox_ros_driver2/share/livox_ros_driver2/cmake/livox_interfaces2__rosidl_typesupport_introspection_cppExport.cmake
[13.744s] -- Installing: /home/fire/Desktop/fast_livo2_ws/install/livox_ros_driver2/share/livox_ros_driver2/cmake/livox_interfaces2__rosidl_typesupport_introspection_cppExport-noconfig.cmake
[13.744s] -- Installing: /home/fire/Desktop/fast_livo2_ws/install/livox_ros_driver2/share/livox_ros_driver2/cmake/livox_interfaces2__rosidl_typesupport_cppExport.cmake
[13.744s] -- Installing: /home/fire/Desktop/fast_livo2_ws/install/livox_ros_driver2/share/livox_ros_driver2/cmake/livox_interfaces2__rosidl_typesupport_cppExport-noconfig.cmake
[13.744s] -- Installing: /home/fire/Desktop/fast_livo2_ws/install/livox_ros_driver2/share/livox_ros_driver2/cmake/export_livox_interfaces2__rosidl_generator_pyExport.cmake
[13.745s] -- Installing: /home/fire/Desktop/fast_livo2_ws/install/livox_ros_driver2/share/livox_ros_driver2/cmake/export_livox_interfaces2__rosidl_generator_pyExport-noconfig.cmake
[13.745s] -- Installing: /home/fire/Desktop/fast_livo2_ws/install/livox_ros_driver2/share/ament_index/resource_index/rclcpp_components/livox_ros_driver2
[13.745s] -- Installing: /home/fire/Desktop/fast_livo2_ws/install/livox_ros_driver2/share/livox_ros_driver2/cmake/rosidl_cmake-extras.cmake
[13.745s] -- Installing: /home/fire/Desktop/fast_livo2_ws/install/livox_ros_driver2/share/livox_ros_driver2/cmake/ament_cmake_export_dependencies-extras.cmake
[13.745s] -- Installing: /home/fire/Desktop/fast_livo2_ws/install/livox_ros_driver2/share/livox_ros_driver2/cmake/ament_cmake_export_include_directories-extras.cmake
[13.745s] -- Installing: /home/fire/Desktop/fast_livo2_ws/install/livox_ros_driver2/share/livox_ros_driver2/cmake/ament_cmake_export_libraries-extras.cmake
[13.745s] -- Installing: /home/fire/Desktop/fast_livo2_ws/install/livox_ros_driver2/share/livox_ros_driver2/cmake/ament_cmake_export_targets-extras.cmake
[13.745s] -- Installing: /home/fire/Desktop/fast_livo2_ws/install/livox_ros_driver2/share/livox_ros_driver2/cmake/rosidl_cmake_export_typesupport_targets-extras.cmake
[13.745s] -- Installing: /home/fire/Desktop/fast_livo2_ws/install/livox_ros_driver2/share/livox_ros_driver2/cmake/rosidl_cmake_export_typesupport_libraries-extras.cmake
[13.745s] -- Installing: /home/fire/Desktop/fast_livo2_ws/install/livox_ros_driver2/share/livox_ros_driver2/cmake/livox_ros_driver2Config.cmake
[13.745s] -- Installing: /home/fire/Desktop/fast_livo2_ws/install/livox_ros_driver2/share/livox_ros_driver2/cmake/livox_ros_driver2Config-version.cmake
[13.745s] -- Installing: /home/fire/Desktop/fast_livo2_ws/install/livox_ros_driver2/share/livox_ros_driver2/package.xml
[13.746s] Invoked command in '/home/fire/Desktop/fast_livo2_ws/build/livox_ros_driver2' returned '0': CMAKE_PREFIX_PATH=${CMAKE_PREFIX_PATH}:/opt/ros/jazzy DEBUGINFOD_URLS=https://debuginfod.ubuntu.com /usr/bin/cmake --install /home/fire/Desktop/fast_livo2_ws/build/livox_ros_driver2
