[0.017s] Invoking command in '/home/fire/Desktop/fast_livo2_ws/build/fast_livo': AMENT_PREFIX_PATH=/home/fire/Desktop/fast_livo2_ws/install/vikit_ros:/home/fire/Desktop/fast_livo2_ws/install/livox_ros_driver2:${AMENT_PREFIX_PATH} CMAKE_PREFIX_PATH=/home/fire/Desktop/fast_livo2_ws/install/vikit_ros:/home/fire/Desktop/fast_livo2_ws/install/livox_ros_driver2:/opt/ros/jazzy/opt/gz_sim_vendor:/opt/ros/jazzy/opt/gz_sensors_vendor:/opt/ros/jazzy/opt/gz_physics_vendor:/opt/ros/jazzy/opt/sdformat_vendor:/opt/ros/jazzy/opt/gz_gui_vendor:/opt/ros/jazzy/opt/gz_transport_vendor:/opt/ros/jazzy/opt/gz_rendering_vendor:/opt/ros/jazzy/opt/gz_plugin_vendor:/opt/ros/jazzy/opt/gz_fuel_tools_vendor:/opt/ros/jazzy/opt/gz_msgs_vendor:/opt/ros/jazzy/opt/gz_common_vendor:/opt/ros/jazzy/opt/gz_math_vendor:/opt/ros/jazzy/opt/gz_utils_vendor:/opt/ros/jazzy/opt/gz_tools_vendor:/opt/ros/jazzy/opt/gz_ogre_next_vendor:/opt/ros/jazzy/opt/gz_dartsim_vendor:/opt/ros/jazzy/opt/gz_cmake_vendor:/opt/ros/jazzy DEBUGINFOD_URLS=https://debuginfod.ubuntu.com LD_LIBRARY_PATH=/home/fire/Desktop/fast_livo2_ws/install/vikit_ros/lib:/home/fire/Desktop/fast_livo2_ws/install/vikit_common/lib:/home/fire/Desktop/fast_livo2_ws/install/livox_ros_driver2/lib:${LD_LIBRARY_PATH} PKG_CONFIG_PATH=/home/fire/Desktop/fast_livo2_ws/install/vikit_common/lib/x86_64-linux-gnu/pkgconfig:/home/fire/Desktop/fast_livo2_ws/install/vikit_common/lib/pkgconfig PYTHONPATH=/home/fire/Desktop/fast_livo2_ws/install/livox_ros_driver2/lib/python3.12/site-packages:${PYTHONPATH} ROS_PACKAGE_PATH=/home/fire/Desktop/fast_livo2_ws/install/vikit_common/share /usr/bin/cmake --build /home/fire/Desktop/fast_livo2_ws/build/fast_livo -- -j24 -l24
[0.053s] [ 12%] Built target utils
[0.062s] [ 25%] Built target imu_proc
[0.063s] [ 37%] Built target pre
[0.064s] [ 50%] Built target laser_mapping
[0.071s] [ 75%] Built target vio
[0.075s] [ 87%] Built target lio
[0.103s] [100%] Built target fastlivo_mapping
[0.110s] Invoked command in '/home/fire/Desktop/fast_livo2_ws/build/fast_livo' returned '0': AMENT_PREFIX_PATH=/home/fire/Desktop/fast_livo2_ws/install/vikit_ros:/home/fire/Desktop/fast_livo2_ws/install/livox_ros_driver2:${AMENT_PREFIX_PATH} CMAKE_PREFIX_PATH=/home/fire/Desktop/fast_livo2_ws/install/vikit_ros:/home/fire/Desktop/fast_livo2_ws/install/livox_ros_driver2:/opt/ros/jazzy/opt/gz_sim_vendor:/opt/ros/jazzy/opt/gz_sensors_vendor:/opt/ros/jazzy/opt/gz_physics_vendor:/opt/ros/jazzy/opt/sdformat_vendor:/opt/ros/jazzy/opt/gz_gui_vendor:/opt/ros/jazzy/opt/gz_transport_vendor:/opt/ros/jazzy/opt/gz_rendering_vendor:/opt/ros/jazzy/opt/gz_plugin_vendor:/opt/ros/jazzy/opt/gz_fuel_tools_vendor:/opt/ros/jazzy/opt/gz_msgs_vendor:/opt/ros/jazzy/opt/gz_common_vendor:/opt/ros/jazzy/opt/gz_math_vendor:/opt/ros/jazzy/opt/gz_utils_vendor:/opt/ros/jazzy/opt/gz_tools_vendor:/opt/ros/jazzy/opt/gz_ogre_next_vendor:/opt/ros/jazzy/opt/gz_dartsim_vendor:/opt/ros/jazzy/opt/gz_cmake_vendor:/opt/ros/jazzy DEBUGINFOD_URLS=https://debuginfod.ubuntu.com LD_LIBRARY_PATH=/home/fire/Desktop/fast_livo2_ws/install/vikit_ros/lib:/home/fire/Desktop/fast_livo2_ws/install/vikit_common/lib:/home/fire/Desktop/fast_livo2_ws/install/livox_ros_driver2/lib:${LD_LIBRARY_PATH} PKG_CONFIG_PATH=/home/fire/Desktop/fast_livo2_ws/install/vikit_common/lib/x86_64-linux-gnu/pkgconfig:/home/fire/Desktop/fast_livo2_ws/install/vikit_common/lib/pkgconfig PYTHONPATH=/home/fire/Desktop/fast_livo2_ws/install/livox_ros_driver2/lib/python3.12/site-packages:${PYTHONPATH} ROS_PACKAGE_PATH=/home/fire/Desktop/fast_livo2_ws/install/vikit_common/share /usr/bin/cmake --build /home/fire/Desktop/fast_livo2_ws/build/fast_livo -- -j24 -l24
[0.110s] Invoking command in '/home/fire/Desktop/fast_livo2_ws/build/fast_livo': AMENT_PREFIX_PATH=/home/fire/Desktop/fast_livo2_ws/install/vikit_ros:/home/fire/Desktop/fast_livo2_ws/install/livox_ros_driver2:${AMENT_PREFIX_PATH} CMAKE_PREFIX_PATH=/home/fire/Desktop/fast_livo2_ws/install/vikit_ros:/home/fire/Desktop/fast_livo2_ws/install/livox_ros_driver2:/opt/ros/jazzy/opt/gz_sim_vendor:/opt/ros/jazzy/opt/gz_sensors_vendor:/opt/ros/jazzy/opt/gz_physics_vendor:/opt/ros/jazzy/opt/sdformat_vendor:/opt/ros/jazzy/opt/gz_gui_vendor:/opt/ros/jazzy/opt/gz_transport_vendor:/opt/ros/jazzy/opt/gz_rendering_vendor:/opt/ros/jazzy/opt/gz_plugin_vendor:/opt/ros/jazzy/opt/gz_fuel_tools_vendor:/opt/ros/jazzy/opt/gz_msgs_vendor:/opt/ros/jazzy/opt/gz_common_vendor:/opt/ros/jazzy/opt/gz_math_vendor:/opt/ros/jazzy/opt/gz_utils_vendor:/opt/ros/jazzy/opt/gz_tools_vendor:/opt/ros/jazzy/opt/gz_ogre_next_vendor:/opt/ros/jazzy/opt/gz_dartsim_vendor:/opt/ros/jazzy/opt/gz_cmake_vendor:/opt/ros/jazzy DEBUGINFOD_URLS=https://debuginfod.ubuntu.com LD_LIBRARY_PATH=/home/fire/Desktop/fast_livo2_ws/install/vikit_ros/lib:/home/fire/Desktop/fast_livo2_ws/install/vikit_common/lib:/home/fire/Desktop/fast_livo2_ws/install/livox_ros_driver2/lib:${LD_LIBRARY_PATH} PKG_CONFIG_PATH=/home/fire/Desktop/fast_livo2_ws/install/vikit_common/lib/x86_64-linux-gnu/pkgconfig:/home/fire/Desktop/fast_livo2_ws/install/vikit_common/lib/pkgconfig PYTHONPATH=/home/fire/Desktop/fast_livo2_ws/install/livox_ros_driver2/lib/python3.12/site-packages:${PYTHONPATH} ROS_PACKAGE_PATH=/home/fire/Desktop/fast_livo2_ws/install/vikit_common/share /usr/bin/cmake --install /home/fire/Desktop/fast_livo2_ws/build/fast_livo
[0.117s] -- Install configuration: "Release"
[0.118s] -- Up-to-date: /home/fire/Desktop/fast_livo2_ws/install/fast_livo/lib/fast_livo/fastlivo_mapping
[0.118s] -- Up-to-date: /home/fire/Desktop/fast_livo2_ws/install/fast_livo/share/fast_livo/config
[0.119s] -- Up-to-date: /home/fire/Desktop/fast_livo2_ws/install/fast_livo/share/fast_livo/config/d405.yaml
[0.119s] -- Up-to-date: /home/fire/Desktop/fast_livo2_ws/install/fast_livo/share/fast_livo/config/mid360.yaml
[0.119s] -- Up-to-date: /home/fire/Desktop/fast_livo2_ws/install/fast_livo/share/fast_livo/config/livo.yaml
[0.119s] -- Up-to-date: /home/fire/Desktop/fast_livo2_ws/install/fast_livo/share/fast_livo/launch
[0.119s] -- Up-to-date: /home/fire/Desktop/fast_livo2_ws/install/fast_livo/share/fast_livo/launch/mapping.launch.py
[0.119s] -- Up-to-date: /home/fire/Desktop/fast_livo2_ws/install/fast_livo/share/fast_livo/rviz_cfg
[0.119s] -- Up-to-date: /home/fire/Desktop/fast_livo2_ws/install/fast_livo/share/fast_livo/rviz_cfg/M300.rviz
[0.119s] -- Up-to-date: /home/fire/Desktop/fast_livo2_ws/install/fast_livo/share/fast_livo/rviz_cfg/fast_livo2.rviz
[0.119s] -- Up-to-date: /home/fire/Desktop/fast_livo2_ws/install/fast_livo/share/ament_index/resource_index/package_run_dependencies/fast_livo
[0.119s] -- Up-to-date: /home/fire/Desktop/fast_livo2_ws/install/fast_livo/share/ament_index/resource_index/parent_prefix_path/fast_livo
[0.119s] -- Up-to-date: /home/fire/Desktop/fast_livo2_ws/install/fast_livo/share/fast_livo/environment/ament_prefix_path.sh
[0.119s] -- Up-to-date: /home/fire/Desktop/fast_livo2_ws/install/fast_livo/share/fast_livo/environment/ament_prefix_path.dsv
[0.119s] -- Up-to-date: /home/fire/Desktop/fast_livo2_ws/install/fast_livo/share/fast_livo/environment/path.sh
[0.119s] -- Up-to-date: /home/fire/Desktop/fast_livo2_ws/install/fast_livo/share/fast_livo/environment/path.dsv
[0.119s] -- Up-to-date: /home/fire/Desktop/fast_livo2_ws/install/fast_livo/share/fast_livo/local_setup.bash
[0.119s] -- Up-to-date: /home/fire/Desktop/fast_livo2_ws/install/fast_livo/share/fast_livo/local_setup.sh
[0.119s] -- Up-to-date: /home/fire/Desktop/fast_livo2_ws/install/fast_livo/share/fast_livo/local_setup.zsh
[0.120s] -- Up-to-date: /home/fire/Desktop/fast_livo2_ws/install/fast_livo/share/fast_livo/local_setup.dsv
[0.120s] -- Installing: /home/fire/Desktop/fast_livo2_ws/install/fast_livo/share/fast_livo/package.dsv
[0.120s] -- Up-to-date: /home/fire/Desktop/fast_livo2_ws/install/fast_livo/share/ament_index/resource_index/packages/fast_livo
[0.120s] -- Up-to-date: /home/fire/Desktop/fast_livo2_ws/install/fast_livo/share/fast_livo/cmake/ament_cmake_export_dependencies-extras.cmake
[0.120s] -- Up-to-date: /home/fire/Desktop/fast_livo2_ws/install/fast_livo/share/fast_livo/cmake/fast_livoConfig.cmake
[0.120s] -- Up-to-date: /home/fire/Desktop/fast_livo2_ws/install/fast_livo/share/fast_livo/cmake/fast_livoConfig-version.cmake
[0.120s] -- Up-to-date: /home/fire/Desktop/fast_livo2_ws/install/fast_livo/share/fast_livo/package.xml
[0.127s] Invoked command in '/home/fire/Desktop/fast_livo2_ws/build/fast_livo' returned '0': AMENT_PREFIX_PATH=/home/fire/Desktop/fast_livo2_ws/install/vikit_ros:/home/fire/Desktop/fast_livo2_ws/install/livox_ros_driver2:${AMENT_PREFIX_PATH} CMAKE_PREFIX_PATH=/home/fire/Desktop/fast_livo2_ws/install/vikit_ros:/home/fire/Desktop/fast_livo2_ws/install/livox_ros_driver2:/opt/ros/jazzy/opt/gz_sim_vendor:/opt/ros/jazzy/opt/gz_sensors_vendor:/opt/ros/jazzy/opt/gz_physics_vendor:/opt/ros/jazzy/opt/sdformat_vendor:/opt/ros/jazzy/opt/gz_gui_vendor:/opt/ros/jazzy/opt/gz_transport_vendor:/opt/ros/jazzy/opt/gz_rendering_vendor:/opt/ros/jazzy/opt/gz_plugin_vendor:/opt/ros/jazzy/opt/gz_fuel_tools_vendor:/opt/ros/jazzy/opt/gz_msgs_vendor:/opt/ros/jazzy/opt/gz_common_vendor:/opt/ros/jazzy/opt/gz_math_vendor:/opt/ros/jazzy/opt/gz_utils_vendor:/opt/ros/jazzy/opt/gz_tools_vendor:/opt/ros/jazzy/opt/gz_ogre_next_vendor:/opt/ros/jazzy/opt/gz_dartsim_vendor:/opt/ros/jazzy/opt/gz_cmake_vendor:/opt/ros/jazzy DEBUGINFOD_URLS=https://debuginfod.ubuntu.com LD_LIBRARY_PATH=/home/fire/Desktop/fast_livo2_ws/install/vikit_ros/lib:/home/fire/Desktop/fast_livo2_ws/install/vikit_common/lib:/home/fire/Desktop/fast_livo2_ws/install/livox_ros_driver2/lib:${LD_LIBRARY_PATH} PKG_CONFIG_PATH=/home/fire/Desktop/fast_livo2_ws/install/vikit_common/lib/x86_64-linux-gnu/pkgconfig:/home/fire/Desktop/fast_livo2_ws/install/vikit_common/lib/pkgconfig PYTHONPATH=/home/fire/Desktop/fast_livo2_ws/install/livox_ros_driver2/lib/python3.12/site-packages:${PYTHONPATH} ROS_PACKAGE_PATH=/home/fire/Desktop/fast_livo2_ws/install/vikit_common/share /usr/bin/cmake --install /home/fire/Desktop/fast_livo2_ws/build/fast_livo
