-- Build Type: Release
-- Current CPU architecture: x86_64
-- Using general x86 optimizations: -O3 -march=native -mtune=native -funroll-loops
-- Processor count: 24
-- Multithreading enabled. Cores: 4
-- OpenMP found
-- mimalloc not found, proceeding without it
-- Found ament_cmake: 2.5.5 (/opt/ros/jazzy/share/ament_cmake/cmake)
-- Override CMake install command with custom implementation using symlinks instead of copying resources
-- Found rclcpp: 28.1.16 (/opt/ros/jazzy/share/rclcpp/cmake)
-- Found rosidl_generator_c: 4.6.7 (/opt/ros/jazzy/share/rosidl_generator_c/cmake)
-- Found rosidl_generator_cpp: 4.6.7 (/opt/ros/jazzy/share/rosidl_generator_cpp/cmake)
-- Using all available rosidl_typesupport_c: rosidl_typesupport_fastrtps_c;rosidl_typesupport_introspection_c
-- Using all available rosidl_typesupport_cpp: rosidl_typesupport_fastrtps_cpp;rosidl_typesupport_introspection_cpp
-- Found rmw_implementation_cmake: 7.3.3 (/opt/ros/jazzy/share/rmw_implementation_cmake/cmake)
-- Found rmw_cyclonedds_cpp: 2.2.3 (/opt/ros/jazzy/share/rmw_cyclonedds_cpp/cmake)
-- Using RMW implementation 'rmw_cyclonedds_cpp' as default
-- Found rclpy: 7.1.9 (/opt/ros/jazzy/share/rclpy/cmake)
-- Found geometry_msgs: 5.3.6 (/opt/ros/jazzy/share/geometry_msgs/cmake)
-- Found nav_msgs: 5.3.6 (/opt/ros/jazzy/share/nav_msgs/cmake)
-- Found sensor_msgs: 5.3.6 (/opt/ros/jazzy/share/sensor_msgs/cmake)
-- Found visualization_msgs: 5.3.6 (/opt/ros/jazzy/share/visualization_msgs/cmake)
-- Found pcl_ros: 2.6.2 (/opt/ros/jazzy/share/pcl_ros/cmake)
CMake Warning (dev) at /usr/lib/x86_64-linux-gnu/cmake/pcl/Modules/FindFLANN.cmake:45 (find_package):
  Policy CMP0144 is not set: find_package uses upper-case <PACKAGENAME>_ROOT
  variables.  Run "cmake --help-policy CMP0144" for policy details.  Use the
  cmake_policy command to set the policy and suppress this warning.

  CMake variable FLANN_ROOT is set to:

    /usr

  For compatibility, find_package is ignoring the variable, but code in a
  .cmake module might still use it.
Call Stack (most recent call first):
  /usr/lib/x86_64-linux-gnu/cmake/pcl/PCLConfig.cmake:261 (find_package)
  /usr/lib/x86_64-linux-gnu/cmake/pcl/PCLConfig.cmake:306 (find_flann)
  /usr/lib/x86_64-linux-gnu/cmake/pcl/PCLConfig.cmake:570 (find_external_library)
  /opt/ros/jazzy/share/pcl_conversions/cmake/ament_cmake_export_dependencies-extras.cmake:21 (find_package)
  /opt/ros/jazzy/share/pcl_conversions/cmake/pcl_conversionsConfig.cmake:41 (include)
  /opt/ros/jazzy/share/pcl_ros/cmake/ament_cmake_export_dependencies-extras.cmake:21 (find_package)
  /opt/ros/jazzy/share/pcl_ros/cmake/pcl_rosConfig.cmake:41 (include)
  CMakeLists.txt:90 (find_package)
This warning is for project developers.  Use -Wno-dev to suppress it.

-- Found flann version 1.9.2
-- OpenNI found (version: 1.5.4.0, include: /usr/include/ni, lib: /usr/lib/libOpenNI.so;libusb::libusb)
-- OpenNI2 found (version: 2.2.0.33, include: /usr/include/openni2, lib: /usr/lib/x86_64-linux-gnu/libOpenNI2.so;libusb::libusb)
-- Could NOT find Pcap (missing: PCAP_LIBRARIES PCAP_INCLUDE_DIRS) 
-- OpenNI found (version: 1.5.4.0, include: /usr/include/ni, lib: /usr/lib/libOpenNI.so;libusb::libusb)
-- OpenNI2 found (version: 2.2.0.33, include: /usr/include/openni2, lib: /usr/lib/x86_64-linux-gnu/libOpenNI2.so;libusb::libusb)
-- Found Qhull version 8.0.2
-- OpenNI found (version: 1.5.4.0, include: /usr/include/ni, lib: /usr/lib/libOpenNI.so;libusb::libusb)
-- Found eigen3_cmake_module: 0.3.0 (/opt/ros/jazzy/share/eigen3_cmake_module/cmake)
-- Found Eigen3: TRUE (found version "3.4.0") 
-- Ensuring Eigen3 include directory is part of orocos-kdl CMake target
-- Found livox_ros_driver2: 1.0.0 (/home/fire/Desktop/fast_livo2_ws/install/livox_ros_driver2/share/livox_ros_driver2/cmake)
-- Found vikit_ros: 0.0.0 (/home/fire/Desktop/fast_livo2_ws/install/vikit_ros/share/vikit_ros/cmake)
-- Found cv_bridge: 4.1.0 (/opt/ros/jazzy/share/cv_bridge/cmake)
-- Found image_transport: 5.1.7 (/opt/ros/jazzy/share/image_transport/cmake)
-- Found TinyXML2 via Config file: /usr/lib/x86_64-linux-gnu/cmake/tinyxml2
CMake Warning (dev) at CMakeLists.txt:99 (find_package):
  Policy CMP0074 is not set: find_package uses <PackageName>_ROOT variables.
  Run "cmake --help-policy CMP0074" for policy details.  Use the cmake_policy
  command to set the policy and suppress this warning.

  CMake variable PCL_ROOT is set to:

    /usr

  For compatibility, CMake is ignoring the variable.
This warning is for project developers.  Use -Wno-dev to suppress it.

-- Found Eigen3: TRUE (found suitable version "3.4.0", minimum required is "3.4.0") 
-- Configuring done (1.9s)
-- Generating done (0.1s)
-- Build files have been written to: /home/fire/Desktop/fast_livo2_ws/build/fast_livo
[ 12%] Built target utils
[ 25%] Built target imu_proc
[ 37%] Building CXX object CMakeFiles/laser_mapping.dir/src/LIVMapper.cpp.o
[ 43%] Built target pre
[ 68%] Built target vio
[ 75%] Building CXX object CMakeFiles/lio.dir/src/voxel_map.cpp.o
In file included from /home/fire/Desktop/fast_livo2_ws/install/vikit_ros/include/vikit/camera_loader.h:20,
                 from /home/fire/Desktop/fast_livo2_ws/src/FAST-LIVO2/include/LIVMapper.h:28,
                 from /home/fire/Desktop/fast_livo2_ws/src/FAST-LIVO2/src/LIVMapper.cpp:13:
/home/fire/Desktop/fast_livo2_ws/install/vikit_ros/include/vikit/params_helper.h: In function ‘T vk::getParam(const std::string&, const std::string&, const T&)’:
/home/fire/Desktop/fast_livo2_ws/install/vikit_ros/include/vikit/params_helper.h:35:48: warning: ignoring attributes on template argument ‘int (*)(FILE*)’ [-Wignored-attributes]
   35 |         std::unique_ptr<FILE, decltype(&pclose)> pipe(popen(command.c_str(), "r"), pclose);
      |                                                ^
[ 81%] Linking CXX static library liblio.a
[ 81%] Built target lio
[ 87%] Linking CXX static library liblaser_mapping.a
[ 87%] Built target laser_mapping
[ 93%] Building CXX object CMakeFiles/fastlivo_mapping.dir/src/main.cpp.o
In file included from /home/fire/Desktop/fast_livo2_ws/install/vikit_ros/include/vikit/camera_loader.h:20,
                 from /home/fire/Desktop/fast_livo2_ws/src/FAST-LIVO2/include/LIVMapper.h:28,
                 from /home/fire/Desktop/fast_livo2_ws/src/FAST-LIVO2/src/main.cpp:1:
/home/fire/Desktop/fast_livo2_ws/install/vikit_ros/include/vikit/params_helper.h: In function ‘T vk::getParam(const std::string&, const std::string&, const T&)’:
/home/fire/Desktop/fast_livo2_ws/install/vikit_ros/include/vikit/params_helper.h:35:48: warning: ignoring attributes on template argument ‘int (*)(FILE*)’ [-Wignored-attributes]
   35 |         std::unique_ptr<FILE, decltype(&pclose)> pipe(popen(command.c_str(), "r"), pclose);
      |                                                ^
[100%] Linking CXX executable fastlivo_mapping
[100%] Built target fastlivo_mapping
-- Install configuration: "Release"
-- Execute custom install script
-- Symlinking: /home/fire/Desktop/fast_livo2_ws/install/fast_livo/lib/fast_livo/fastlivo_mapping
-- Symlinking: /home/fire/Desktop/fast_livo2_ws/install/fast_livo/share/fast_livo/config/d405.yaml
-- Symlinking: /home/fire/Desktop/fast_livo2_ws/install/fast_livo/share/fast_livo/config/livo.yaml
-- Symlinking: /home/fire/Desktop/fast_livo2_ws/install/fast_livo/share/fast_livo/config/mid360.yaml
-- Symlinking: /home/fire/Desktop/fast_livo2_ws/install/fast_livo/share/fast_livo/launch/mapping.launch.py
-- Symlinking: /home/fire/Desktop/fast_livo2_ws/install/fast_livo/share/fast_livo/rviz_cfg/M300.rviz
-- Symlinking: /home/fire/Desktop/fast_livo2_ws/install/fast_livo/share/fast_livo/rviz_cfg/fast_livo2.rviz
-- Symlinking: /home/fire/Desktop/fast_livo2_ws/install/fast_livo/share/ament_index/resource_index/package_run_dependencies/fast_livo
-- Symlinking: /home/fire/Desktop/fast_livo2_ws/install/fast_livo/share/ament_index/resource_index/parent_prefix_path/fast_livo
-- Symlinking: /home/fire/Desktop/fast_livo2_ws/install/fast_livo/share/fast_livo/environment/ament_prefix_path.sh
-- Symlinking: /home/fire/Desktop/fast_livo2_ws/install/fast_livo/share/fast_livo/environment/ament_prefix_path.dsv
-- Symlinking: /home/fire/Desktop/fast_livo2_ws/install/fast_livo/share/fast_livo/environment/path.sh
-- Symlinking: /home/fire/Desktop/fast_livo2_ws/install/fast_livo/share/fast_livo/environment/path.dsv
-- Symlinking: /home/fire/Desktop/fast_livo2_ws/install/fast_livo/share/fast_livo/local_setup.bash
-- Symlinking: /home/fire/Desktop/fast_livo2_ws/install/fast_livo/share/fast_livo/local_setup.sh
-- Symlinking: /home/fire/Desktop/fast_livo2_ws/install/fast_livo/share/fast_livo/local_setup.zsh
-- Symlinking: /home/fire/Desktop/fast_livo2_ws/install/fast_livo/share/fast_livo/local_setup.dsv
-- Symlinking: /home/fire/Desktop/fast_livo2_ws/install/fast_livo/share/fast_livo/package.dsv
-- Symlinking: /home/fire/Desktop/fast_livo2_ws/install/fast_livo/share/ament_index/resource_index/packages/fast_livo
-- Symlinking: /home/fire/Desktop/fast_livo2_ws/install/fast_livo/share/fast_livo/cmake/ament_cmake_export_dependencies-extras.cmake
-- Symlinking: /home/fire/Desktop/fast_livo2_ws/install/fast_livo/share/fast_livo/cmake/fast_livoConfig.cmake
-- Symlinking: /home/fire/Desktop/fast_livo2_ws/install/fast_livo/share/fast_livo/cmake/fast_livoConfig-version.cmake
-- Symlinking: /home/fire/Desktop/fast_livo2_ws/install/fast_livo/share/fast_livo/package.xml
