[0.007s] Invoking command in '/home/fire/Desktop/fast_livo2_ws/build/realsense2_camera': AMENT_PREFIX_PATH=/home/fire/Desktop/fast_livo2_ws/install/realsense2_camera_msgs:${AMENT_PREFIX_PATH} CMAKE_PREFIX_PATH=/home/fire/Desktop/fast_livo2_ws/install/realsense2_camera_msgs:/opt/ros/jazzy/opt/gz_sim_vendor:/opt/ros/jazzy/opt/gz_sensors_vendor:/opt/ros/jazzy/opt/gz_physics_vendor:/opt/ros/jazzy/opt/sdformat_vendor:/opt/ros/jazzy/opt/gz_gui_vendor:/opt/ros/jazzy/opt/gz_transport_vendor:/opt/ros/jazzy/opt/gz_rendering_vendor:/opt/ros/jazzy/opt/gz_plugin_vendor:/opt/ros/jazzy/opt/gz_fuel_tools_vendor:/opt/ros/jazzy/opt/gz_msgs_vendor:/opt/ros/jazzy/opt/gz_common_vendor:/opt/ros/jazzy/opt/gz_math_vendor:/opt/ros/jazzy/opt/gz_utils_vendor:/opt/ros/jazzy/opt/gz_tools_vendor:/opt/ros/jazzy/opt/gz_ogre_next_vendor:/opt/ros/jazzy/opt/gz_dartsim_vendor:/opt/ros/jazzy/opt/gz_cmake_vendor:/opt/ros/jazzy DEBUGINFOD_URLS=https://debuginfod.ubuntu.com LD_LIBRARY_PATH=/home/fire/Desktop/fast_livo2_ws/install/realsense2_camera_msgs/lib:${LD_LIBRARY_PATH} PYTHONPATH=/home/fire/Desktop/fast_livo2_ws/install/realsense2_camera_msgs/lib/python3.12/site-packages:${PYTHONPATH} /usr/bin/cmake /home/fire/Desktop/fast_livo2_ws/src/realsense-ros/realsense2_camera -DCMAKE_INSTALL_PREFIX=/home/fire/Desktop/fast_livo2_ws/install/realsense2_camera
[0.052s] -- The C compiler identification is GNU 13.3.0
[0.093s] -- The CXX compiler identification is GNU 13.3.0
[0.104s] -- Detecting C compiler ABI info
[0.173s] -- Detecting C compiler ABI info - done
[0.183s] -- Check for working C compiler: /usr/bin/cc - skipped
[0.183s] -- Detecting C compile features
[0.184s] -- Detecting C compile features - done
[0.191s] -- Detecting CXX compiler ABI info
[0.264s] -- Detecting CXX compiler ABI info - done
[0.274s] -- Check for working CXX compiler: /usr/bin/c++ - skipped
[0.275s] -- Detecting CXX compile features
[0.275s] -- Detecting CXX compile features - done
[0.276s] -- Create Release Build.
[0.279s] -- Found ament_cmake: 2.5.5 (/opt/ros/jazzy/share/ament_cmake/cmake)
[0.388s] -- Found Python3: /usr/bin/python3 (found version "3.12.3") found components: Interpreter 
[0.467s] -- Found builtin_interfaces: 2.0.3 (/opt/ros/jazzy/share/builtin_interfaces/cmake)
[0.497s] -- Found rosidl_generator_c: 4.6.7 (/opt/ros/jazzy/share/rosidl_generator_c/cmake)
[0.508s] -- Found rosidl_generator_cpp: 4.6.7 (/opt/ros/jazzy/share/rosidl_generator_cpp/cmake)
[0.524s] -- Using all available rosidl_typesupport_c: rosidl_typesupport_fastrtps_c;rosidl_typesupport_introspection_c
[0.534s] -- Using all available rosidl_typesupport_cpp: rosidl_typesupport_fastrtps_cpp;rosidl_typesupport_introspection_cpp
[0.546s] -- Found rclcpp: 28.1.16 (/opt/ros/jazzy/share/rclcpp/cmake)
[0.593s] -- Found rmw_implementation_cmake: 7.3.3 (/opt/ros/jazzy/share/rmw_implementation_cmake/cmake)
[0.595s] -- Found rmw_cyclonedds_cpp: 2.2.3 (/opt/ros/jazzy/share/rmw_cyclonedds_cpp/cmake)
[0.617s] -- Using RMW implementation 'rmw_cyclonedds_cpp' as default
[0.664s] -- Found rclcpp_action: 28.1.16 (/opt/ros/jazzy/share/rclcpp_action/cmake)
[0.695s] -- Found realsense2_camera_msgs: 4.57.7 (/home/fire/Desktop/fast_livo2_ws/install/realsense2_camera_msgs/share/realsense2_camera_msgs/cmake)
[0.762s] -- Found std_srvs: 5.3.6 (/opt/ros/jazzy/share/std_srvs/cmake)
[0.777s] -- Found nav_msgs: 5.3.6 (/opt/ros/jazzy/share/nav_msgs/cmake)
[0.797s] -- Found tf2_ros: 0.36.19 (/opt/ros/jazzy/share/tf2_ros/cmake)
[0.864s] -- Found diagnostic_updater: 4.2.6 (/opt/ros/jazzy/share/diagnostic_updater/cmake)
[0.893s] -- Found OpenCV: /usr (found version "4.6.0") found components: core 
[0.895s] -- Found image_transport: 5.1.7 (/opt/ros/jazzy/share/image_transport/cmake)
[0.905s] -- Found TinyXML2 via Config file: /usr/lib/x86_64-linux-gnu/cmake/tinyxml2
[0.907s] -- Found cv_bridge: 4.1.0 (/opt/ros/jazzy/share/cv_bridge/cmake)
[0.913s] -- Build for ROS2 Jazzy
[0.915s] -- Found ament_cmake_gtest: 2.5.5 (/opt/ros/jazzy/share/ament_cmake_gtest/cmake)
[0.919s] -- Found gtest sources under '/opt/ros/jazzy/src/gtest_vendor': C++ tests using 'Google Test' will be built
[0.921s] -- Performing Test CMAKE_HAVE_LIBC_PTHREAD
[0.996s] -- Performing Test CMAKE_HAVE_LIBC_PTHREAD - Success
[0.997s] -- Found Threads: TRUE  
[1.000s] -- Found ament_cmake_pytest: 2.5.5 (/opt/ros/jazzy/share/ament_cmake_pytest/cmake)
[8.583s] -- rs_device_info:
[8.583s] -- No device detected. Is it plugged in?
[8.583s] 
[8.644s] -- Configuring done (8.6s)
[8.659s] -- Generating done (0.0s)
[8.663s] -- Build files have been written to: /home/fire/Desktop/fast_livo2_ws/build/realsense2_camera
[8.670s] Invoked command in '/home/fire/Desktop/fast_livo2_ws/build/realsense2_camera' returned '0': AMENT_PREFIX_PATH=/home/fire/Desktop/fast_livo2_ws/install/realsense2_camera_msgs:${AMENT_PREFIX_PATH} CMAKE_PREFIX_PATH=/home/fire/Desktop/fast_livo2_ws/install/realsense2_camera_msgs:/opt/ros/jazzy/opt/gz_sim_vendor:/opt/ros/jazzy/opt/gz_sensors_vendor:/opt/ros/jazzy/opt/gz_physics_vendor:/opt/ros/jazzy/opt/sdformat_vendor:/opt/ros/jazzy/opt/gz_gui_vendor:/opt/ros/jazzy/opt/gz_transport_vendor:/opt/ros/jazzy/opt/gz_rendering_vendor:/opt/ros/jazzy/opt/gz_plugin_vendor:/opt/ros/jazzy/opt/gz_fuel_tools_vendor:/opt/ros/jazzy/opt/gz_msgs_vendor:/opt/ros/jazzy/opt/gz_common_vendor:/opt/ros/jazzy/opt/gz_math_vendor:/opt/ros/jazzy/opt/gz_utils_vendor:/opt/ros/jazzy/opt/gz_tools_vendor:/opt/ros/jazzy/opt/gz_ogre_next_vendor:/opt/ros/jazzy/opt/gz_dartsim_vendor:/opt/ros/jazzy/opt/gz_cmake_vendor:/opt/ros/jazzy DEBUGINFOD_URLS=https://debuginfod.ubuntu.com LD_LIBRARY_PATH=/home/fire/Desktop/fast_livo2_ws/install/realsense2_camera_msgs/lib:${LD_LIBRARY_PATH} PYTHONPATH=/home/fire/Desktop/fast_livo2_ws/install/realsense2_camera_msgs/lib/python3.12/site-packages:${PYTHONPATH} /usr/bin/cmake /home/fire/Desktop/fast_livo2_ws/src/realsense-ros/realsense2_camera -DCMAKE_INSTALL_PREFIX=/home/fire/Desktop/fast_livo2_ws/install/realsense2_camera
[8.670s] Invoking command in '/home/fire/Desktop/fast_livo2_ws/build/realsense2_camera': AMENT_PREFIX_PATH=/home/fire/Desktop/fast_livo2_ws/install/realsense2_camera_msgs:${AMENT_PREFIX_PATH} CMAKE_PREFIX_PATH=/home/fire/Desktop/fast_livo2_ws/install/realsense2_camera_msgs:/opt/ros/jazzy/opt/gz_sim_vendor:/opt/ros/jazzy/opt/gz_sensors_vendor:/opt/ros/jazzy/opt/gz_physics_vendor:/opt/ros/jazzy/opt/sdformat_vendor:/opt/ros/jazzy/opt/gz_gui_vendor:/opt/ros/jazzy/opt/gz_transport_vendor:/opt/ros/jazzy/opt/gz_rendering_vendor:/opt/ros/jazzy/opt/gz_plugin_vendor:/opt/ros/jazzy/opt/gz_fuel_tools_vendor:/opt/ros/jazzy/opt/gz_msgs_vendor:/opt/ros/jazzy/opt/gz_common_vendor:/opt/ros/jazzy/opt/gz_math_vendor:/opt/ros/jazzy/opt/gz_utils_vendor:/opt/ros/jazzy/opt/gz_tools_vendor:/opt/ros/jazzy/opt/gz_ogre_next_vendor:/opt/ros/jazzy/opt/gz_dartsim_vendor:/opt/ros/jazzy/opt/gz_cmake_vendor:/opt/ros/jazzy DEBUGINFOD_URLS=https://debuginfod.ubuntu.com LD_LIBRARY_PATH=/home/fire/Desktop/fast_livo2_ws/install/realsense2_camera_msgs/lib:${LD_LIBRARY_PATH} PYTHONPATH=/home/fire/Desktop/fast_livo2_ws/install/realsense2_camera_msgs/lib/python3.12/site-packages:${PYTHONPATH} /usr/bin/cmake --build /home/fire/Desktop/fast_livo2_ws/build/realsense2_camera -- -j24 -l24
[8.710s] [  3%] [32mBuilding CXX object gtest/CMakeFiles/gtest.dir/src/gtest-all.cc.o[0m
[8.710s] [  7%] [32mBuilding CXX object CMakeFiles/realsense2_camera.dir/src/sensor_params.cpp.o[0m
[8.710s] [ 15%] [32mBuilding CXX object CMakeFiles/realsense2_camera.dir/src/base_realsense_node.cpp.o[0m
[8.710s] [ 15%] [32mBuilding CXX object CMakeFiles/realsense2_camera.dir/src/parameters.cpp.o[0m
[8.710s] [ 19%] [32mBuilding CXX object CMakeFiles/realsense2_camera.dir/src/rs_node_setup.cpp.o[0m
[8.710s] [ 23%] [32mBuilding CXX object CMakeFiles/realsense2_camera_node.dir/rclcpp_components/node_main_realsense2_camera_node.cpp.o[0m
[8.710s] [ 26%] [32mBuilding CXX object CMakeFiles/realsense2_camera.dir/src/dynamic_params.cpp.o[0m
[8.710s] [ 30%] [32mBuilding CXX object gtest/CMakeFiles/gtest_main.dir/src/gtest_main.cc.o[0m
[8.710s] [ 42%] [32mBuilding CXX object CMakeFiles/realsense2_camera.dir/src/profile_manager.cpp.o[0m
[8.710s] [ 42%] [32mBuilding CXX object CMakeFiles/realsense2_camera.dir/src/image_publisher.cpp.o[0m
[8.711s] [ 42%] [32mBuilding CXX object CMakeFiles/realsense2_camera.dir/src/realsense_node_factory.cpp.o[0m
[8.711s] [ 46%] [32mBuilding CXX object CMakeFiles/realsense2_camera.dir/src/tfs.cpp.o[0m
[8.711s] [ 53%] [32mBuilding CXX object CMakeFiles/realsense2_camera.dir/src/actions.cpp.o[0m
[8.711s] [ 53%] [32mBuilding CXX object CMakeFiles/realsense2_camera.dir/src/ros_sensor.cpp.o[0m
[8.711s] [ 57%] [32mBuilding CXX object CMakeFiles/realsense2_camera.dir/src/ros_utils.cpp.o[0m
[8.711s] [ 61%] [32mBuilding CXX object CMakeFiles/realsense2_camera.dir/src/safety.cpp.o[0m
[8.711s] [ 69%] [32mBuilding CXX object CMakeFiles/realsense2_camera.dir/src/pointcloud_filter.cpp.o[0m
[8.711s] [ 69%] [32mBuilding CXX object CMakeFiles/realsense2_camera.dir/src/named_filter.cpp.o[0m
[8.711s] [ 73%] [32mBuilding CXX object CMakeFiles/realsense2_camera.dir/src/align_depth_filter.cpp.o[0m
[8.715s] [ 76%] [32mBuilding CXX object CMakeFiles/realsense2_camera.dir/src/ros_param_backend.cpp.o[0m
[9.523s] [ 80%] [32m[1mLinking CXX static library libgtest_main.a[0m
[9.592s] [ 80%] Built target gtest_main
[12.991s] [ 84%] [32m[1mLinking CXX executable realsense2_camera_node[0m
[13.119s] [ 84%] Built target realsense2_camera_node
[18.474s] [ 88%] [32m[1mLinking CXX static library libgtest.a[0m
[18.547s] [ 88%] Built target gtest
[18.574s] [ 92%] [32mBuilding CXX object CMakeFiles/gtest_template.dir/test/gtest_template.cpp.o[0m
[19.277s] [ 96%] [32m[1mLinking CXX executable gtest_template[0m
[19.342s] [ 96%] Built target gtest_template
[27.606s] [100%] [32m[1mLinking CXX shared library librealsense2_camera.so[0m
[27.931s] [100%] Built target realsense2_camera
[27.940s] Invoked command in '/home/fire/Desktop/fast_livo2_ws/build/realsense2_camera' returned '0': AMENT_PREFIX_PATH=/home/fire/Desktop/fast_livo2_ws/install/realsense2_camera_msgs:${AMENT_PREFIX_PATH} CMAKE_PREFIX_PATH=/home/fire/Desktop/fast_livo2_ws/install/realsense2_camera_msgs:/opt/ros/jazzy/opt/gz_sim_vendor:/opt/ros/jazzy/opt/gz_sensors_vendor:/opt/ros/jazzy/opt/gz_physics_vendor:/opt/ros/jazzy/opt/sdformat_vendor:/opt/ros/jazzy/opt/gz_gui_vendor:/opt/ros/jazzy/opt/gz_transport_vendor:/opt/ros/jazzy/opt/gz_rendering_vendor:/opt/ros/jazzy/opt/gz_plugin_vendor:/opt/ros/jazzy/opt/gz_fuel_tools_vendor:/opt/ros/jazzy/opt/gz_msgs_vendor:/opt/ros/jazzy/opt/gz_common_vendor:/opt/ros/jazzy/opt/gz_math_vendor:/opt/ros/jazzy/opt/gz_utils_vendor:/opt/ros/jazzy/opt/gz_tools_vendor:/opt/ros/jazzy/opt/gz_ogre_next_vendor:/opt/ros/jazzy/opt/gz_dartsim_vendor:/opt/ros/jazzy/opt/gz_cmake_vendor:/opt/ros/jazzy DEBUGINFOD_URLS=https://debuginfod.ubuntu.com LD_LIBRARY_PATH=/home/fire/Desktop/fast_livo2_ws/install/realsense2_camera_msgs/lib:${LD_LIBRARY_PATH} PYTHONPATH=/home/fire/Desktop/fast_livo2_ws/install/realsense2_camera_msgs/lib/python3.12/site-packages:${PYTHONPATH} /usr/bin/cmake --build /home/fire/Desktop/fast_livo2_ws/build/realsense2_camera -- -j24 -l24
[27.941s] Invoking command in '/home/fire/Desktop/fast_livo2_ws/build/realsense2_camera': AMENT_PREFIX_PATH=/home/fire/Desktop/fast_livo2_ws/install/realsense2_camera_msgs:${AMENT_PREFIX_PATH} CMAKE_PREFIX_PATH=/home/fire/Desktop/fast_livo2_ws/install/realsense2_camera_msgs:/opt/ros/jazzy/opt/gz_sim_vendor:/opt/ros/jazzy/opt/gz_sensors_vendor:/opt/ros/jazzy/opt/gz_physics_vendor:/opt/ros/jazzy/opt/sdformat_vendor:/opt/ros/jazzy/opt/gz_gui_vendor:/opt/ros/jazzy/opt/gz_transport_vendor:/opt/ros/jazzy/opt/gz_rendering_vendor:/opt/ros/jazzy/opt/gz_plugin_vendor:/opt/ros/jazzy/opt/gz_fuel_tools_vendor:/opt/ros/jazzy/opt/gz_msgs_vendor:/opt/ros/jazzy/opt/gz_common_vendor:/opt/ros/jazzy/opt/gz_math_vendor:/opt/ros/jazzy/opt/gz_utils_vendor:/opt/ros/jazzy/opt/gz_tools_vendor:/opt/ros/jazzy/opt/gz_ogre_next_vendor:/opt/ros/jazzy/opt/gz_dartsim_vendor:/opt/ros/jazzy/opt/gz_cmake_vendor:/opt/ros/jazzy DEBUGINFOD_URLS=https://debuginfod.ubuntu.com LD_LIBRARY_PATH=/home/fire/Desktop/fast_livo2_ws/install/realsense2_camera_msgs/lib:${LD_LIBRARY_PATH} PYTHONPATH=/home/fire/Desktop/fast_livo2_ws/install/realsense2_camera_msgs/lib/python3.12/site-packages:${PYTHONPATH} /usr/bin/cmake --install /home/fire/Desktop/fast_livo2_ws/build/realsense2_camera
[27.949s] -- Install configuration: "Release"
[27.949s] -- Installing: /home/fire/Desktop/fast_livo2_ws/install/realsense2_camera/share/realsense2_camera/config/global_settings.yaml
[27.949s] -- Installing: /home/fire/Desktop/fast_livo2_ws/install/realsense2_camera/lib/realsense2_camera/realsense2_camera_node
[27.949s] -- Set non-toolchain portion of runtime path of "/home/fire/Desktop/fast_livo2_ws/install/realsense2_camera/lib/realsense2_camera/realsense2_camera_node" to ""
[27.949s] -- Installing: /home/fire/Desktop/fast_livo2_ws/install/realsense2_camera/lib/librealsense2_camera.so
[27.953s] -- Set non-toolchain portion of runtime path of "/home/fire/Desktop/fast_livo2_ws/install/realsense2_camera/lib/librealsense2_camera.so" to ""
[27.953s] -- Installing: /home/fire/Desktop/fast_livo2_ws/install/realsense2_camera/include
[27.953s] -- Installing: /home/fire/Desktop/fast_livo2_ws/install/realsense2_camera/include/ros_param_backend.h
[27.953s] -- Installing: /home/fire/Desktop/fast_livo2_ws/install/realsense2_camera/include/base_realsense_node.h
[27.953s] -- Installing: /home/fire/Desktop/fast_livo2_ws/install/realsense2_camera/include/ros_sensor.h
[27.953s] -- Installing: /home/fire/Desktop/fast_livo2_ws/install/realsense2_camera/include/sensor_params.h
[27.953s] -- Installing: /home/fire/Desktop/fast_livo2_ws/install/realsense2_camera/include/dynamic_params.h
[27.953s] -- Installing: /home/fire/Desktop/fast_livo2_ws/install/realsense2_camera/include/gl_window.h
[27.953s] -- Installing: /home/fire/Desktop/fast_livo2_ws/install/realsense2_camera/include/ros_node_base.h
[27.953s] -- Installing: /home/fire/Desktop/fast_livo2_ws/install/realsense2_camera/include/context_singleton_wrapper.h
[27.953s] -- Installing: /home/fire/Desktop/fast_livo2_ws/install/realsense2_camera/include/profile_manager.h
[27.953s] -- Installing: /home/fire/Desktop/fast_livo2_ws/install/realsense2_camera/include/named_filter.h
[27.954s] -- Installing: /home/fire/Desktop/fast_livo2_ws/install/realsense2_camera/include/ros_utils.h
[27.954s] -- Installing: /home/fire/Desktop/fast_livo2_ws/install/realsense2_camera/include/constants.h
[27.954s] -- Installing: /home/fire/Desktop/fast_livo2_ws/install/realsense2_camera/include/realsense_node_factory.h
[27.954s] -- Installing: /home/fire/Desktop/fast_livo2_ws/install/realsense2_camera/include/pointcloud_filter.h
[27.954s] -- Installing: /home/fire/Desktop/fast_livo2_ws/install/realsense2_camera/include/image_publisher.h
[27.954s] -- Installing: /home/fire/Desktop/fast_livo2_ws/install/realsense2_camera/include/align_depth_filter.h
[27.954s] -- Installing: /home/fire/Desktop/fast_livo2_ws/install/realsense2_camera/share/realsense2_camera/launch
[27.954s] -- Installing: /home/fire/Desktop/fast_livo2_ws/install/realsense2_camera/share/realsense2_camera/launch/default.rviz
[27.954s] -- Installing: /home/fire/Desktop/fast_livo2_ws/install/realsense2_camera/share/realsense2_camera/launch/rs_intra_process_demo_launch.py
[27.954s] -- Installing: /home/fire/Desktop/fast_livo2_ws/install/realsense2_camera/share/realsense2_camera/launch/rs_multi_camera_launch.py
[27.954s] -- Installing: /home/fire/Desktop/fast_livo2_ws/install/realsense2_camera/share/realsense2_camera/launch/rs_multi_camera_launch_sync.py
[27.955s] -- Installing: /home/fire/Desktop/fast_livo2_ws/install/realsense2_camera/share/realsense2_camera/launch/rs_launch.py
[27.955s] -- Installing: /home/fire/Desktop/fast_livo2_ws/install/realsense2_camera/share/realsense2_camera/examples
[27.955s] -- Installing: /home/fire/Desktop/fast_livo2_ws/install/realsense2_camera/share/realsense2_camera/examples/launch_params_from_file
[27.955s] -- Installing: /home/fire/Desktop/fast_livo2_ws/install/realsense2_camera/share/realsense2_camera/examples/launch_params_from_file/README.md
[27.955s] -- Installing: /home/fire/Desktop/fast_livo2_ws/install/realsense2_camera/share/realsense2_camera/examples/launch_params_from_file/config
[27.955s] -- Installing: /home/fire/Desktop/fast_livo2_ws/install/realsense2_camera/share/realsense2_camera/examples/launch_params_from_file/config/config.yaml
[27.955s] -- Installing: /home/fire/Desktop/fast_livo2_ws/install/realsense2_camera/share/realsense2_camera/examples/launch_params_from_file/rs_launch_get_params_from_yaml.py
[27.955s] -- Installing: /home/fire/Desktop/fast_livo2_ws/install/realsense2_camera/share/realsense2_camera/examples/pointcloud
[27.955s] -- Installing: /home/fire/Desktop/fast_livo2_ws/install/realsense2_camera/share/realsense2_camera/examples/pointcloud/rs_d405_pointcloud_launch.py
[27.956s] -- Installing: /home/fire/Desktop/fast_livo2_ws/install/realsense2_camera/share/realsense2_camera/examples/pointcloud/rviz
[27.956s] -- Installing: /home/fire/Desktop/fast_livo2_ws/install/realsense2_camera/share/realsense2_camera/examples/pointcloud/rviz/urdf_pointcloud.rviz
[27.956s] -- Installing: /home/fire/Desktop/fast_livo2_ws/install/realsense2_camera/share/realsense2_camera/examples/pointcloud/rviz/pointcloud.rviz
[27.956s] -- Installing: /home/fire/Desktop/fast_livo2_ws/install/realsense2_camera/share/realsense2_camera/examples/pointcloud/README.md
[27.956s] -- Installing: /home/fire/Desktop/fast_livo2_ws/install/realsense2_camera/share/realsense2_camera/examples/pointcloud/rs_pointcloud_launch.py
[27.956s] -- Installing: /home/fire/Desktop/fast_livo2_ws/install/realsense2_camera/share/realsense2_camera/examples/pointcloud/rs_pointcloud_infra_launch.py
[27.956s] -- Installing: /home/fire/Desktop/fast_livo2_ws/install/realsense2_camera/share/realsense2_camera/examples/pointcloud/rs_d455_pointcloud_launch.py
[27.956s] -- Installing: /home/fire/Desktop/fast_livo2_ws/install/realsense2_camera/share/realsense2_camera/examples/dual_camera
[27.957s] -- Installing: /home/fire/Desktop/fast_livo2_ws/install/realsense2_camera/share/realsense2_camera/examples/dual_camera/rviz
[27.957s] -- Installing: /home/fire/Desktop/fast_livo2_ws/install/realsense2_camera/share/realsense2_camera/examples/dual_camera/rviz/dual_camera_pointcloud.rviz
[27.957s] -- Installing: /home/fire/Desktop/fast_livo2_ws/install/realsense2_camera/share/realsense2_camera/examples/dual_camera/README.md
[27.957s] -- Installing: /home/fire/Desktop/fast_livo2_ws/install/realsense2_camera/share/realsense2_camera/examples/dual_camera/rs_dual_camera_launch.py
[27.957s] -- Installing: /home/fire/Desktop/fast_livo2_ws/install/realsense2_camera/share/realsense2_camera/examples/d500_tables
[27.957s] -- Installing: /home/fire/Desktop/fast_livo2_ws/install/realsense2_camera/share/realsense2_camera/examples/d500_tables/safety_interface_config_example.json
[27.957s] -- Installing: /home/fire/Desktop/fast_livo2_ws/install/realsense2_camera/share/realsense2_camera/examples/d500_tables/safety_preset_example.json
[27.957s] -- Installing: /home/fire/Desktop/fast_livo2_ws/install/realsense2_camera/share/realsense2_camera/examples/d500_tables/calib_config_example.json
[27.957s] -- Installing: /home/fire/Desktop/fast_livo2_ws/install/realsense2_camera/share/realsense2_camera/examples/d500_tables/application_config_example.json
[27.958s] -- Installing: /home/fire/Desktop/fast_livo2_ws/install/realsense2_camera/share/realsense2_camera/examples/align_depth
[27.958s] -- Installing: /home/fire/Desktop/fast_livo2_ws/install/realsense2_camera/share/realsense2_camera/examples/align_depth/README.md
[27.958s] -- Installing: /home/fire/Desktop/fast_livo2_ws/install/realsense2_camera/share/realsense2_camera/examples/align_depth/rs_align_depth_launch.py
[27.958s] -- Installing: /home/fire/Desktop/fast_livo2_ws/install/realsense2_camera/share/realsense2_camera/examples/launch_from_rosbag
[27.958s] -- Installing: /home/fire/Desktop/fast_livo2_ws/install/realsense2_camera/share/realsense2_camera/examples/launch_from_rosbag/README.md
[27.958s] -- Installing: /home/fire/Desktop/fast_livo2_ws/install/realsense2_camera/share/realsense2_camera/examples/launch_from_rosbag/rs_launch_from_rosbag.py
[27.958s] -- Installing: /home/fire/Desktop/fast_livo2_ws/install/realsense2_camera/share/realsense2_camera/environment/library_path.sh
[27.958s] -- Installing: /home/fire/Desktop/fast_livo2_ws/install/realsense2_camera/share/realsense2_camera/environment/library_path.dsv
[27.958s] -- Installing: /home/fire/Desktop/fast_livo2_ws/install/realsense2_camera/share/ament_index/resource_index/package_run_dependencies/realsense2_camera
[27.959s] -- Installing: /home/fire/Desktop/fast_livo2_ws/install/realsense2_camera/share/ament_index/resource_index/parent_prefix_path/realsense2_camera
[27.959s] -- Installing: /home/fire/Desktop/fast_livo2_ws/install/realsense2_camera/share/realsense2_camera/environment/ament_prefix_path.sh
[27.959s] -- Installing: /home/fire/Desktop/fast_livo2_ws/install/realsense2_camera/share/realsense2_camera/environment/ament_prefix_path.dsv
[27.959s] -- Installing: /home/fire/Desktop/fast_livo2_ws/install/realsense2_camera/share/realsense2_camera/environment/path.sh
[27.959s] -- Installing: /home/fire/Desktop/fast_livo2_ws/install/realsense2_camera/share/realsense2_camera/environment/path.dsv
[27.959s] -- Installing: /home/fire/Desktop/fast_livo2_ws/install/realsense2_camera/share/realsense2_camera/local_setup.bash
[27.959s] -- Installing: /home/fire/Desktop/fast_livo2_ws/install/realsense2_camera/share/realsense2_camera/local_setup.sh
[27.959s] -- Installing: /home/fire/Desktop/fast_livo2_ws/install/realsense2_camera/share/realsense2_camera/local_setup.zsh
[27.959s] -- Installing: /home/fire/Desktop/fast_livo2_ws/install/realsense2_camera/share/realsense2_camera/local_setup.dsv
[27.959s] -- Installing: /home/fire/Desktop/fast_livo2_ws/install/realsense2_camera/share/realsense2_camera/package.dsv
[27.960s] -- Installing: /home/fire/Desktop/fast_livo2_ws/install/realsense2_camera/share/ament_index/resource_index/packages/realsense2_camera
[27.960s] -- Installing: /home/fire/Desktop/fast_livo2_ws/install/realsense2_camera/share/ament_index/resource_index/rclcpp_components/realsense2_camera
[27.960s] -- Installing: /home/fire/Desktop/fast_livo2_ws/install/realsense2_camera/share/realsense2_camera/cmake/ament_cmake_export_include_directories-extras.cmake
[27.960s] -- Installing: /home/fire/Desktop/fast_livo2_ws/install/realsense2_camera/share/realsense2_camera/cmake/ament_cmake_export_libraries-extras.cmake
[27.960s] -- Installing: /home/fire/Desktop/fast_livo2_ws/install/realsense2_camera/share/realsense2_camera/cmake/ament_cmake_export_dependencies-extras.cmake
[27.960s] -- Installing: /home/fire/Desktop/fast_livo2_ws/install/realsense2_camera/share/realsense2_camera/cmake/realsense2_cameraConfig.cmake
[27.960s] -- Installing: /home/fire/Desktop/fast_livo2_ws/install/realsense2_camera/share/realsense2_camera/cmake/realsense2_cameraConfig-version.cmake
[27.960s] -- Installing: /home/fire/Desktop/fast_livo2_ws/install/realsense2_camera/share/realsense2_camera/package.xml
[27.962s] Invoked command in '/home/fire/Desktop/fast_livo2_ws/build/realsense2_camera' returned '0': AMENT_PREFIX_PATH=/home/fire/Desktop/fast_livo2_ws/install/realsense2_camera_msgs:${AMENT_PREFIX_PATH} CMAKE_PREFIX_PATH=/home/fire/Desktop/fast_livo2_ws/install/realsense2_camera_msgs:/opt/ros/jazzy/opt/gz_sim_vendor:/opt/ros/jazzy/opt/gz_sensors_vendor:/opt/ros/jazzy/opt/gz_physics_vendor:/opt/ros/jazzy/opt/sdformat_vendor:/opt/ros/jazzy/opt/gz_gui_vendor:/opt/ros/jazzy/opt/gz_transport_vendor:/opt/ros/jazzy/opt/gz_rendering_vendor:/opt/ros/jazzy/opt/gz_plugin_vendor:/opt/ros/jazzy/opt/gz_fuel_tools_vendor:/opt/ros/jazzy/opt/gz_msgs_vendor:/opt/ros/jazzy/opt/gz_common_vendor:/opt/ros/jazzy/opt/gz_math_vendor:/opt/ros/jazzy/opt/gz_utils_vendor:/opt/ros/jazzy/opt/gz_tools_vendor:/opt/ros/jazzy/opt/gz_ogre_next_vendor:/opt/ros/jazzy/opt/gz_dartsim_vendor:/opt/ros/jazzy/opt/gz_cmake_vendor:/opt/ros/jazzy DEBUGINFOD_URLS=https://debuginfod.ubuntu.com LD_LIBRARY_PATH=/home/fire/Desktop/fast_livo2_ws/install/realsense2_camera_msgs/lib:${LD_LIBRARY_PATH} PYTHONPATH=/home/fire/Desktop/fast_livo2_ws/install/realsense2_camera_msgs/lib/python3.12/site-packages:${PYTHONPATH} /usr/bin/cmake --install /home/fire/Desktop/fast_livo2_ws/build/realsense2_camera
