-- The C compiler identification is GNU 13.3.0
-- The CXX compiler identification is GNU 13.3.0
-- Detecting C compiler ABI info
-- Detecting C compiler ABI info - done
-- Check for working C compiler: /usr/bin/cc - skipped
-- Detecting C compile features
-- Detecting C compile features - done
-- Detecting CXX compiler ABI info
-- Detecting CXX compiler ABI info - done
-- Check for working CXX compiler: /usr/bin/c++ - skipped
-- Detecting CXX compile features
-- Detecting CXX compile features - done
-- Found OpenCV: /usr (found version "4.6.0") 
-- Found PkgConfig: /usr/bin/pkg-config (found version "1.8.1") 
-- Checking for module 'eigen3'
--   Found eigen3, version 3.4.0
-- Found Eigen: /usr/include/eigen3  
-- Eigen found (include: /usr/include/eigen3)
-- Configuring done (0.3s)
-- Generating done (0.0s)
-- Build files have been written to: /home/fire/Desktop/fast_livo2_ws/build/vikit_common
[  5%] [32mBuilding CXX object CMakeFiles/vikit_common.dir/src/vision.cpp.o[0m
[ 10%] [32mBuilding CXX object CMakeFiles/vikit_common.dir/src/pinhole_camera.cpp.o[0m
[ 15%] [32mBuilding CXX object CMakeFiles/vikit_common.dir/src/img_align.cpp.o[0m
[ 31%] [32mBuilding CXX object CMakeFiles/vikit_common.dir/src/math_utils.cpp.o[0m
[ 31%] [32mBuilding CXX object CMakeFiles/vikit_common.dir/src/omni_camera.cpp.o[0m
[ 31%] [32mBuilding CXX object CMakeFiles/vikit_common.dir/src/performance_monitor.cpp.o[0m
[ 42%] [32mBuilding CXX object CMakeFiles/vikit_common.dir/src/equidistant_camera.cpp.o[0m
[ 42%] [32mBuilding CXX object CMakeFiles/vikit_common.dir/src/atan_camera.cpp.o[0m
[ 47%] [32mBuilding CXX object CMakeFiles/vikit_common.dir/src/homography.cpp.o[0m
[ 52%] [32mBuilding CXX object CMakeFiles/vikit_common.dir/src/robust_cost.cpp.o[0m
[ 57%] [32mBuilding CXX object CMakeFiles/vikit_common.dir/src/user_input_thread.cpp.o[0m
[ 63%] [32mBuilding CXX object CMakeFiles/vikit_common.dir/src/polynomial_camera.cpp.o[0m
[ 68%] [32m[1mLinking CXX shared library /home/fire/Desktop/fast_livo2_ws/src/rpg_vikit/vikit_common/lib/libvikit_common.so[0m
[ 68%] Built target vikit_common
[ 73%] [32mBuilding CXX object CMakeFiles/test_vk_common_triangulation.dir/test/test_triangulation.cpp.o[0m
[ 78%] [32mBuilding CXX object CMakeFiles/test_vk_common_camera.dir/test/test_camera.cpp.o[0m
[ 84%] [32mBuilding CXX object CMakeFiles/test_vk_common_patch_score.dir/test/test_patch_score.cpp.o[0m
[ 89%] [32m[1mLinking CXX executable /home/fire/Desktop/fast_livo2_ws/src/rpg_vikit/vikit_common/bin/test_vk_common_patch_score[0m
[ 89%] Built target test_vk_common_patch_score
[ 94%] [32m[1mLinking CXX executable /home/fire/Desktop/fast_livo2_ws/src/rpg_vikit/vikit_common/bin/test_vk_common_camera[0m
[100%] [32m[1mLinking CXX executable /home/fire/Desktop/fast_livo2_ws/src/rpg_vikit/vikit_common/bin/test_vk_common_triangulation[0m
[100%] Built target test_vk_common_camera
[100%] Built target test_vk_common_triangulation
-- Install configuration: "Release"
-- Installing: /home/fire/Desktop/fast_livo2_ws/install/vikit_common/include/vikit
-- Installing: /home/fire/Desktop/fast_livo2_ws/install/vikit_common/include/vikit/math_utils.h
-- Installing: /home/fire/Desktop/fast_livo2_ws/install/vikit_common/include/vikit/atan_camera.h
-- Installing: /home/fire/Desktop/fast_livo2_ws/install/vikit_common/include/vikit/performance_monitor.h
-- Installing: /home/fire/Desktop/fast_livo2_ws/install/vikit_common/include/vikit/img_align.h
-- Installing: /home/fire/Desktop/fast_livo2_ws/install/vikit_common/include/vikit/file_reader_types.h
-- Installing: /home/fire/Desktop/fast_livo2_ws/install/vikit_common/include/vikit/blender_utils.h
-- Installing: /home/fire/Desktop/fast_livo2_ws/install/vikit_common/include/vikit/file_reader.h
-- Installing: /home/fire/Desktop/fast_livo2_ws/install/vikit_common/include/vikit/nlls_solver.h
-- Installing: /home/fire/Desktop/fast_livo2_ws/install/vikit_common/include/vikit/patch_score.h
-- Installing: /home/fire/Desktop/fast_livo2_ws/install/vikit_common/include/vikit/polynomial_camera.h
-- Installing: /home/fire/Desktop/fast_livo2_ws/install/vikit_common/include/vikit/robust_cost.h
-- Installing: /home/fire/Desktop/fast_livo2_ws/install/vikit_common/include/vikit/equidistant_camera.h
-- Installing: /home/fire/Desktop/fast_livo2_ws/install/vikit_common/include/vikit/abstract_camera.h
-- Installing: /home/fire/Desktop/fast_livo2_ws/install/vikit_common/include/vikit/aligned_mem.h
-- Installing: /home/fire/Desktop/fast_livo2_ws/install/vikit_common/include/vikit/user_input_thread.h
-- Installing: /home/fire/Desktop/fast_livo2_ws/install/vikit_common/include/vikit/vision.h
-- Installing: /home/fire/Desktop/fast_livo2_ws/install/vikit_common/include/vikit/omni_camera.h
-- Installing: /home/fire/Desktop/fast_livo2_ws/install/vikit_common/include/vikit/timer.h
-- Installing: /home/fire/Desktop/fast_livo2_ws/install/vikit_common/include/vikit/homography.h
-- Installing: /home/fire/Desktop/fast_livo2_ws/install/vikit_common/include/vikit/pinhole_camera.h
-- Installing: /home/fire/Desktop/fast_livo2_ws/install/vikit_common/include/vikit/sample.h
-- Installing: /home/fire/Desktop/fast_livo2_ws/install/vikit_common/include/vikit/ringbuffer.h
-- Installing: /home/fire/Desktop/fast_livo2_ws/install/vikit_common/lib/libvikit_common.so
