-- Install configuration: ""
-- Up-to-date: /home/fire/Desktop/fast_livo2_ws/install/top_pkg/share/top_pkg/config
-- Up-to-date: /home/fire/Desktop/fast_livo2_ws/install/top_pkg/share/top_pkg/config/bringup.yaml
-- Up-to-date: /home/fire/Desktop/fast_livo2_ws/install/top_pkg/share/top_pkg/config/bringup.rviz
-- Up-to-date: /home/fire/Desktop/fast_livo2_ws/install/top_pkg/share/top_pkg/launch
-- Up-to-date: /home/fire/Desktop/fast_livo2_ws/install/top_pkg/share/top_pkg/launch/bringup_sensor.launch.py
-- Up-to-date: /home/fire/Desktop/fast_livo2_ws/install/top_pkg/share/top_pkg/launch/bringup.launch.py
-- Up-to-date: /home/fire/Desktop/fast_livo2_ws/install/top_pkg/share/ament_index/resource_index/package_run_dependencies/top_pkg
-- Up-to-date: /home/fire/Desktop/fast_livo2_ws/install/top_pkg/share/ament_index/resource_index/parent_prefix_path/top_pkg
-- Up-to-date: /home/fire/Desktop/fast_livo2_ws/install/top_pkg/share/top_pkg/environment/ament_prefix_path.sh
-- Up-to-date: /home/fire/Desktop/fast_livo2_ws/install/top_pkg/share/top_pkg/environment/ament_prefix_path.dsv
-- Up-to-date: /home/fire/Desktop/fast_livo2_ws/install/top_pkg/share/top_pkg/environment/path.sh
-- Up-to-date: /home/fire/Desktop/fast_livo2_ws/install/top_pkg/share/top_pkg/environment/path.dsv
-- Up-to-date: /home/fire/Desktop/fast_livo2_ws/install/top_pkg/share/top_pkg/local_setup.bash
-- Up-to-date: /home/fire/Desktop/fast_livo2_ws/install/top_pkg/share/top_pkg/local_setup.sh
-- Up-to-date: /home/fire/Desktop/fast_livo2_ws/install/top_pkg/share/top_pkg/local_setup.zsh
-- Up-to-date: /home/fire/Desktop/fast_livo2_ws/install/top_pkg/share/top_pkg/local_setup.dsv
-- Up-to-date: /home/fire/Desktop/fast_livo2_ws/install/top_pkg/share/top_pkg/package.dsv
-- Up-to-date: /home/fire/Desktop/fast_livo2_ws/install/top_pkg/share/ament_index/resource_index/packages/top_pkg
-- Up-to-date: /home/fire/Desktop/fast_livo2_ws/install/top_pkg/share/top_pkg/cmake/top_pkgConfig.cmake
-- Up-to-date: /home/fire/Desktop/fast_livo2_ws/install/top_pkg/share/top_pkg/cmake/top_pkgConfig-version.cmake
-- Up-to-date: /home/fire/Desktop/fast_livo2_ws/install/top_pkg/share/top_pkg/package.xml
