-- The C compiler identification is GNU 13.3.0
-- The CXX compiler identification is GNU 13.3.0
-- Detecting C compiler ABI info
-- Detecting C compiler ABI info - done
-- Check for working C compiler: /usr/bin/cc - skipped
-- Detecting C compile features
-- Detecting C compile features - done
-- Detecting CXX compiler ABI info
-- Detecting CXX compiler ABI info - done
-- Check for working CXX compiler: /usr/bin/c++ - skipped
-- Detecting CXX compile features
-- Detecting CXX compile features - done
-- Found ament_cmake: 2.5.5 (/opt/ros/jazzy/share/ament_cmake/cmake)
-- Found Python3: /usr/bin/python3 (found version "3.12.3") found components: Interpreter 
-- Configuring done (0.5s)
-- Generating done (0.0s)
-- Build files have been written to: /home/fire/Desktop/fast_livo2_ws/build/realsense2_description
-- Install configuration: ""
-- Installing: /home/fire/Desktop/fast_livo2_ws/install/realsense2_description/share/realsense2_description/launch
-- Installing: /home/fire/Desktop/fast_livo2_ws/install/realsense2_description/share/realsense2_description/launch/view_model.launch.py
-- Installing: /home/fire/Desktop/fast_livo2_ws/install/realsense2_description/share/realsense2_description/launch/launch_utils.py
-- Installing: /home/fire/Desktop/fast_livo2_ws/install/realsense2_description/share/realsense2_description/meshes
-- Installing: /home/fire/Desktop/fast_livo2_ws/install/realsense2_description/share/realsense2_description/meshes/d435.dae
-- Installing: /home/fire/Desktop/fast_livo2_ws/install/realsense2_description/share/realsense2_description/meshes/d436.dae
-- Installing: /home/fire/Desktop/fast_livo2_ws/install/realsense2_description/share/realsense2_description/meshes/d415.stl
-- Installing: /home/fire/Desktop/fast_livo2_ws/install/realsense2_description/share/realsense2_description/meshes/l515.dae
-- Installing: /home/fire/Desktop/fast_livo2_ws/install/realsense2_description/share/realsense2_description/meshes/plug_collision.stl
-- Installing: /home/fire/Desktop/fast_livo2_ws/install/realsense2_description/share/realsense2_description/meshes/plug.stl
-- Installing: /home/fire/Desktop/fast_livo2_ws/install/realsense2_description/share/realsense2_description/meshes/d405.stl
-- Installing: /home/fire/Desktop/fast_livo2_ws/install/realsense2_description/share/realsense2_description/meshes/d455.stl
-- Installing: /home/fire/Desktop/fast_livo2_ws/install/realsense2_description/share/realsense2_description/meshes/d585.stl
-- Installing: /home/fire/Desktop/fast_livo2_ws/install/realsense2_description/share/realsense2_description/rviz
-- Installing: /home/fire/Desktop/fast_livo2_ws/install/realsense2_description/share/realsense2_description/rviz/urdf.rviz
-- Installing: /home/fire/Desktop/fast_livo2_ws/install/realsense2_description/share/realsense2_description/urdf
-- Installing: /home/fire/Desktop/fast_livo2_ws/install/realsense2_description/share/realsense2_description/urdf/test_d436_camera.urdf.xacro
-- Installing: /home/fire/Desktop/fast_livo2_ws/install/realsense2_description/share/realsense2_description/urdf/_d585.urdf.xacro
-- Installing: /home/fire/Desktop/fast_livo2_ws/install/realsense2_description/share/realsense2_description/urdf/_usb_plug.urdf.xacro
-- Installing: /home/fire/Desktop/fast_livo2_ws/install/realsense2_description/share/realsense2_description/urdf/test_d405_camera.urdf.xacro
-- Installing: /home/fire/Desktop/fast_livo2_ws/install/realsense2_description/share/realsense2_description/urdf/_d435i.urdf.xacro
-- Installing: /home/fire/Desktop/fast_livo2_ws/install/realsense2_description/share/realsense2_description/urdf/test_d435_camera.urdf.xacro
-- Installing: /home/fire/Desktop/fast_livo2_ws/install/realsense2_description/share/realsense2_description/urdf/_d415.urdf.xacro
-- Installing: /home/fire/Desktop/fast_livo2_ws/install/realsense2_description/share/realsense2_description/urdf/_d405.urdf.xacro
-- Installing: /home/fire/Desktop/fast_livo2_ws/install/realsense2_description/share/realsense2_description/urdf/test_d415_camera.urdf.xacro
-- Installing: /home/fire/Desktop/fast_livo2_ws/install/realsense2_description/share/realsense2_description/urdf/_d435.urdf.xacro
-- Installing: /home/fire/Desktop/fast_livo2_ws/install/realsense2_description/share/realsense2_description/urdf/_d435i_imu_modules.urdf.xacro
-- Installing: /home/fire/Desktop/fast_livo2_ws/install/realsense2_description/share/realsense2_description/urdf/test_r430_camera.urdf.xacro
-- Installing: /home/fire/Desktop/fast_livo2_ws/install/realsense2_description/share/realsense2_description/urdf/_r430.urdf.xacro
-- Installing: /home/fire/Desktop/fast_livo2_ws/install/realsense2_description/share/realsense2_description/urdf/test_d435_multiple_cameras.urdf.xacro
-- Installing: /home/fire/Desktop/fast_livo2_ws/install/realsense2_description/share/realsense2_description/urdf/_d436.urdf.xacro
-- Installing: /home/fire/Desktop/fast_livo2_ws/install/realsense2_description/share/realsense2_description/urdf/test_d455_camera.urdf.xacro
-- Installing: /home/fire/Desktop/fast_livo2_ws/install/realsense2_description/share/realsense2_description/urdf/_materials.urdf.xacro
-- Installing: /home/fire/Desktop/fast_livo2_ws/install/realsense2_description/share/realsense2_description/urdf/_r410.urdf.xacro
-- Installing: /home/fire/Desktop/fast_livo2_ws/install/realsense2_description/share/realsense2_description/urdf/test_d435i_camera.urdf.xacro
-- Installing: /home/fire/Desktop/fast_livo2_ws/install/realsense2_description/share/realsense2_description/urdf/_d455.urdf.xacro
-- Installing: /home/fire/Desktop/fast_livo2_ws/install/realsense2_description/share/realsense2_description/urdf/test_d585_camera.urdf.xacro
-- Installing: /home/fire/Desktop/fast_livo2_ws/install/realsense2_description/share/realsense2_description/urdf/test_r410_camera.urdf.xacro
-- Installing: /home/fire/Desktop/fast_livo2_ws/install/realsense2_description/share/ament_index/resource_index/package_run_dependencies/realsense2_description
-- Installing: /home/fire/Desktop/fast_livo2_ws/install/realsense2_description/share/ament_index/resource_index/parent_prefix_path/realsense2_description
-- Installing: /home/fire/Desktop/fast_livo2_ws/install/realsense2_description/share/realsense2_description/environment/ament_prefix_path.sh
-- Installing: /home/fire/Desktop/fast_livo2_ws/install/realsense2_description/share/realsense2_description/environment/ament_prefix_path.dsv
-- Installing: /home/fire/Desktop/fast_livo2_ws/install/realsense2_description/share/realsense2_description/environment/path.sh
-- Installing: /home/fire/Desktop/fast_livo2_ws/install/realsense2_description/share/realsense2_description/environment/path.dsv
-- Installing: /home/fire/Desktop/fast_livo2_ws/install/realsense2_description/share/realsense2_description/local_setup.bash
-- Installing: /home/fire/Desktop/fast_livo2_ws/install/realsense2_description/share/realsense2_description/local_setup.sh
-- Installing: /home/fire/Desktop/fast_livo2_ws/install/realsense2_description/share/realsense2_description/local_setup.zsh
-- Installing: /home/fire/Desktop/fast_livo2_ws/install/realsense2_description/share/realsense2_description/local_setup.dsv
-- Installing: /home/fire/Desktop/fast_livo2_ws/install/realsense2_description/share/realsense2_description/package.dsv
-- Installing: /home/fire/Desktop/fast_livo2_ws/install/realsense2_description/share/ament_index/resource_index/packages/realsense2_description
-- Installing: /home/fire/Desktop/fast_livo2_ws/install/realsense2_description/share/realsense2_description/cmake/realsense2_descriptionConfig.cmake
-- Installing: /home/fire/Desktop/fast_livo2_ws/install/realsense2_description/share/realsense2_description/cmake/realsense2_descriptionConfig-version.cmake
-- Installing: /home/fire/Desktop/fast_livo2_ws/install/realsense2_description/share/realsense2_description/package.xml
