[0.008s] Invoking command in '/home/fire/Desktop/fast_livo2_ws/build/realsense2_description': AMENT_PREFIX_PATH=/home/fire/Desktop/fast_livo2_ws/install/realsense2_camera_msgs:${AMENT_PREFIX_PATH} CMAKE_PREFIX_PATH=/home/fire/Desktop/fast_livo2_ws/install/realsense2_camera_msgs:/opt/ros/jazzy/opt/gz_sim_vendor:/opt/ros/jazzy/opt/gz_sensors_vendor:/opt/ros/jazzy/opt/gz_physics_vendor:/opt/ros/jazzy/opt/sdformat_vendor:/opt/ros/jazzy/opt/gz_gui_vendor:/opt/ros/jazzy/opt/gz_transport_vendor:/opt/ros/jazzy/opt/gz_rendering_vendor:/opt/ros/jazzy/opt/gz_plugin_vendor:/opt/ros/jazzy/opt/gz_fuel_tools_vendor:/opt/ros/jazzy/opt/gz_msgs_vendor:/opt/ros/jazzy/opt/gz_common_vendor:/opt/ros/jazzy/opt/gz_math_vendor:/opt/ros/jazzy/opt/gz_utils_vendor:/opt/ros/jazzy/opt/gz_tools_vendor:/opt/ros/jazzy/opt/gz_ogre_next_vendor:/opt/ros/jazzy/opt/gz_dartsim_vendor:/opt/ros/jazzy/opt/gz_cmake_vendor:/opt/ros/jazzy DEBUGINFOD_URLS=https://debuginfod.ubuntu.com LD_LIBRARY_PATH=/home/fire/Desktop/fast_livo2_ws/install/realsense2_camera_msgs/lib:${LD_LIBRARY_PATH} PYTHONPATH=/home/fire/Desktop/fast_livo2_ws/install/realsense2_camera_msgs/lib/python3.12/site-packages:${PYTHONPATH} /usr/bin/cmake /home/fire/Desktop/fast_livo2_ws/src/realsense-ros/realsense2_description -DCMAKE_INSTALL_PREFIX=/home/fire/Desktop/fast_livo2_ws/install/realsense2_description
[0.050s] -- The C compiler identification is GNU 13.3.0
[0.088s] -- The CXX compiler identification is GNU 13.3.0
[0.103s] -- Detecting C compiler ABI info
[0.164s] -- Detecting C compiler ABI info - done
[0.169s] -- Check for working C compiler: /usr/bin/cc - skipped
[0.170s] -- Detecting C compile features
[0.170s] -- Detecting C compile features - done
[0.177s] -- Detecting CXX compiler ABI info
[0.247s] -- Detecting CXX compiler ABI info - done
[0.253s] -- Check for working CXX compiler: /usr/bin/c++ - skipped
[0.253s] -- Detecting CXX compile features
[0.254s] -- Detecting CXX compile features - done
[0.256s] -- Found ament_cmake: 2.5.5 (/opt/ros/jazzy/share/ament_cmake/cmake)
[0.366s] -- Found Python3: /usr/bin/python3 (found version "3.12.3") found components: Interpreter 
[0.501s] -- Configuring done (0.5s)
[0.502s] -- Generating done (0.0s)
[0.503s] -- Build files have been written to: /home/fire/Desktop/fast_livo2_ws/build/realsense2_description
[0.507s] Invoked command in '/home/fire/Desktop/fast_livo2_ws/build/realsense2_description' returned '0': AMENT_PREFIX_PATH=/home/fire/Desktop/fast_livo2_ws/install/realsense2_camera_msgs:${AMENT_PREFIX_PATH} CMAKE_PREFIX_PATH=/home/fire/Desktop/fast_livo2_ws/install/realsense2_camera_msgs:/opt/ros/jazzy/opt/gz_sim_vendor:/opt/ros/jazzy/opt/gz_sensors_vendor:/opt/ros/jazzy/opt/gz_physics_vendor:/opt/ros/jazzy/opt/sdformat_vendor:/opt/ros/jazzy/opt/gz_gui_vendor:/opt/ros/jazzy/opt/gz_transport_vendor:/opt/ros/jazzy/opt/gz_rendering_vendor:/opt/ros/jazzy/opt/gz_plugin_vendor:/opt/ros/jazzy/opt/gz_fuel_tools_vendor:/opt/ros/jazzy/opt/gz_msgs_vendor:/opt/ros/jazzy/opt/gz_common_vendor:/opt/ros/jazzy/opt/gz_math_vendor:/opt/ros/jazzy/opt/gz_utils_vendor:/opt/ros/jazzy/opt/gz_tools_vendor:/opt/ros/jazzy/opt/gz_ogre_next_vendor:/opt/ros/jazzy/opt/gz_dartsim_vendor:/opt/ros/jazzy/opt/gz_cmake_vendor:/opt/ros/jazzy DEBUGINFOD_URLS=https://debuginfod.ubuntu.com LD_LIBRARY_PATH=/home/fire/Desktop/fast_livo2_ws/install/realsense2_camera_msgs/lib:${LD_LIBRARY_PATH} PYTHONPATH=/home/fire/Desktop/fast_livo2_ws/install/realsense2_camera_msgs/lib/python3.12/site-packages:${PYTHONPATH} /usr/bin/cmake /home/fire/Desktop/fast_livo2_ws/src/realsense-ros/realsense2_description -DCMAKE_INSTALL_PREFIX=/home/fire/Desktop/fast_livo2_ws/install/realsense2_description
[0.507s] Invoking command in '/home/fire/Desktop/fast_livo2_ws/build/realsense2_description': AMENT_PREFIX_PATH=/home/fire/Desktop/fast_livo2_ws/install/realsense2_camera_msgs:${AMENT_PREFIX_PATH} CMAKE_PREFIX_PATH=/home/fire/Desktop/fast_livo2_ws/install/realsense2_camera_msgs:/opt/ros/jazzy/opt/gz_sim_vendor:/opt/ros/jazzy/opt/gz_sensors_vendor:/opt/ros/jazzy/opt/gz_physics_vendor:/opt/ros/jazzy/opt/sdformat_vendor:/opt/ros/jazzy/opt/gz_gui_vendor:/opt/ros/jazzy/opt/gz_transport_vendor:/opt/ros/jazzy/opt/gz_rendering_vendor:/opt/ros/jazzy/opt/gz_plugin_vendor:/opt/ros/jazzy/opt/gz_fuel_tools_vendor:/opt/ros/jazzy/opt/gz_msgs_vendor:/opt/ros/jazzy/opt/gz_common_vendor:/opt/ros/jazzy/opt/gz_math_vendor:/opt/ros/jazzy/opt/gz_utils_vendor:/opt/ros/jazzy/opt/gz_tools_vendor:/opt/ros/jazzy/opt/gz_ogre_next_vendor:/opt/ros/jazzy/opt/gz_dartsim_vendor:/opt/ros/jazzy/opt/gz_cmake_vendor:/opt/ros/jazzy DEBUGINFOD_URLS=https://debuginfod.ubuntu.com LD_LIBRARY_PATH=/home/fire/Desktop/fast_livo2_ws/install/realsense2_camera_msgs/lib:${LD_LIBRARY_PATH} PYTHONPATH=/home/fire/Desktop/fast_livo2_ws/install/realsense2_camera_msgs/lib/python3.12/site-packages:${PYTHONPATH} /usr/bin/cmake --build /home/fire/Desktop/fast_livo2_ws/build/realsense2_description -- -j24 -l24
[0.540s] Invoked command in '/home/fire/Desktop/fast_livo2_ws/build/realsense2_description' returned '0': AMENT_PREFIX_PATH=/home/fire/Desktop/fast_livo2_ws/install/realsense2_camera_msgs:${AMENT_PREFIX_PATH} CMAKE_PREFIX_PATH=/home/fire/Desktop/fast_livo2_ws/install/realsense2_camera_msgs:/opt/ros/jazzy/opt/gz_sim_vendor:/opt/ros/jazzy/opt/gz_sensors_vendor:/opt/ros/jazzy/opt/gz_physics_vendor:/opt/ros/jazzy/opt/sdformat_vendor:/opt/ros/jazzy/opt/gz_gui_vendor:/opt/ros/jazzy/opt/gz_transport_vendor:/opt/ros/jazzy/opt/gz_rendering_vendor:/opt/ros/jazzy/opt/gz_plugin_vendor:/opt/ros/jazzy/opt/gz_fuel_tools_vendor:/opt/ros/jazzy/opt/gz_msgs_vendor:/opt/ros/jazzy/opt/gz_common_vendor:/opt/ros/jazzy/opt/gz_math_vendor:/opt/ros/jazzy/opt/gz_utils_vendor:/opt/ros/jazzy/opt/gz_tools_vendor:/opt/ros/jazzy/opt/gz_ogre_next_vendor:/opt/ros/jazzy/opt/gz_dartsim_vendor:/opt/ros/jazzy/opt/gz_cmake_vendor:/opt/ros/jazzy DEBUGINFOD_URLS=https://debuginfod.ubuntu.com LD_LIBRARY_PATH=/home/fire/Desktop/fast_livo2_ws/install/realsense2_camera_msgs/lib:${LD_LIBRARY_PATH} PYTHONPATH=/home/fire/Desktop/fast_livo2_ws/install/realsense2_camera_msgs/lib/python3.12/site-packages:${PYTHONPATH} /usr/bin/cmake --build /home/fire/Desktop/fast_livo2_ws/build/realsense2_description -- -j24 -l24
[0.541s] Invoking command in '/home/fire/Desktop/fast_livo2_ws/build/realsense2_description': AMENT_PREFIX_PATH=/home/fire/Desktop/fast_livo2_ws/install/realsense2_camera_msgs:${AMENT_PREFIX_PATH} CMAKE_PREFIX_PATH=/home/fire/Desktop/fast_livo2_ws/install/realsense2_camera_msgs:/opt/ros/jazzy/opt/gz_sim_vendor:/opt/ros/jazzy/opt/gz_sensors_vendor:/opt/ros/jazzy/opt/gz_physics_vendor:/opt/ros/jazzy/opt/sdformat_vendor:/opt/ros/jazzy/opt/gz_gui_vendor:/opt/ros/jazzy/opt/gz_transport_vendor:/opt/ros/jazzy/opt/gz_rendering_vendor:/opt/ros/jazzy/opt/gz_plugin_vendor:/opt/ros/jazzy/opt/gz_fuel_tools_vendor:/opt/ros/jazzy/opt/gz_msgs_vendor:/opt/ros/jazzy/opt/gz_common_vendor:/opt/ros/jazzy/opt/gz_math_vendor:/opt/ros/jazzy/opt/gz_utils_vendor:/opt/ros/jazzy/opt/gz_tools_vendor:/opt/ros/jazzy/opt/gz_ogre_next_vendor:/opt/ros/jazzy/opt/gz_dartsim_vendor:/opt/ros/jazzy/opt/gz_cmake_vendor:/opt/ros/jazzy DEBUGINFOD_URLS=https://debuginfod.ubuntu.com LD_LIBRARY_PATH=/home/fire/Desktop/fast_livo2_ws/install/realsense2_camera_msgs/lib:${LD_LIBRARY_PATH} PYTHONPATH=/home/fire/Desktop/fast_livo2_ws/install/realsense2_camera_msgs/lib/python3.12/site-packages:${PYTHONPATH} /usr/bin/cmake --install /home/fire/Desktop/fast_livo2_ws/build/realsense2_description
[0.547s] -- Install configuration: ""
[0.547s] -- Installing: /home/fire/Desktop/fast_livo2_ws/install/realsense2_description/share/realsense2_description/launch
[0.547s] -- Installing: /home/fire/Desktop/fast_livo2_ws/install/realsense2_description/share/realsense2_description/launch/view_model.launch.py
[0.548s] -- Installing: /home/fire/Desktop/fast_livo2_ws/install/realsense2_description/share/realsense2_description/launch/launch_utils.py
[0.548s] -- Installing: /home/fire/Desktop/fast_livo2_ws/install/realsense2_description/share/realsense2_description/meshes
[0.548s] -- Installing: /home/fire/Desktop/fast_livo2_ws/install/realsense2_description/share/realsense2_description/meshes/d435.dae
[0.565s] -- Installing: /home/fire/Desktop/fast_livo2_ws/install/realsense2_description/share/realsense2_description/meshes/d436.dae
[0.580s] -- Installing: /home/fire/Desktop/fast_livo2_ws/install/realsense2_description/share/realsense2_description/meshes/d415.stl
[0.600s] -- Installing: /home/fire/Desktop/fast_livo2_ws/install/realsense2_description/share/realsense2_description/meshes/l515.dae
[0.636s] -- Installing: /home/fire/Desktop/fast_livo2_ws/install/realsense2_description/share/realsense2_description/meshes/plug_collision.stl
[0.636s] -- Installing: /home/fire/Desktop/fast_livo2_ws/install/realsense2_description/share/realsense2_description/meshes/plug.stl
[0.637s] -- Installing: /home/fire/Desktop/fast_livo2_ws/install/realsense2_description/share/realsense2_description/meshes/d405.stl
[0.637s] -- Installing: /home/fire/Desktop/fast_livo2_ws/install/realsense2_description/share/realsense2_description/meshes/d455.stl
[0.640s] -- Installing: /home/fire/Desktop/fast_livo2_ws/install/realsense2_description/share/realsense2_description/meshes/d585.stl
[0.647s] -- Installing: /home/fire/Desktop/fast_livo2_ws/install/realsense2_description/share/realsense2_description/rviz
[0.647s] -- Installing: /home/fire/Desktop/fast_livo2_ws/install/realsense2_description/share/realsense2_description/rviz/urdf.rviz
[0.647s] -- Installing: /home/fire/Desktop/fast_livo2_ws/install/realsense2_description/share/realsense2_description/urdf
[0.647s] -- Installing: /home/fire/Desktop/fast_livo2_ws/install/realsense2_description/share/realsense2_description/urdf/test_d436_camera.urdf.xacro
[0.647s] -- Installing: /home/fire/Desktop/fast_livo2_ws/install/realsense2_description/share/realsense2_description/urdf/_d585.urdf.xacro
[0.647s] -- Installing: /home/fire/Desktop/fast_livo2_ws/install/realsense2_description/share/realsense2_description/urdf/_usb_plug.urdf.xacro
[0.647s] -- Installing: /home/fire/Desktop/fast_livo2_ws/install/realsense2_description/share/realsense2_description/urdf/test_d405_camera.urdf.xacro
[0.647s] -- Installing: /home/fire/Desktop/fast_livo2_ws/install/realsense2_description/share/realsense2_description/urdf/_d435i.urdf.xacro
[0.647s] -- Installing: /home/fire/Desktop/fast_livo2_ws/install/realsense2_description/share/realsense2_description/urdf/test_d435_camera.urdf.xacro
[0.647s] -- Installing: /home/fire/Desktop/fast_livo2_ws/install/realsense2_description/share/realsense2_description/urdf/_d415.urdf.xacro
[0.647s] -- Installing: /home/fire/Desktop/fast_livo2_ws/install/realsense2_description/share/realsense2_description/urdf/_d405.urdf.xacro
[0.648s] -- Installing: /home/fire/Desktop/fast_livo2_ws/install/realsense2_description/share/realsense2_description/urdf/test_d415_camera.urdf.xacro
[0.648s] -- Installing: /home/fire/Desktop/fast_livo2_ws/install/realsense2_description/share/realsense2_description/urdf/_d435.urdf.xacro
[0.648s] -- Installing: /home/fire/Desktop/fast_livo2_ws/install/realsense2_description/share/realsense2_description/urdf/_d435i_imu_modules.urdf.xacro
[0.648s] -- Installing: /home/fire/Desktop/fast_livo2_ws/install/realsense2_description/share/realsense2_description/urdf/test_r430_camera.urdf.xacro
[0.648s] -- Installing: /home/fire/Desktop/fast_livo2_ws/install/realsense2_description/share/realsense2_description/urdf/_r430.urdf.xacro
[0.648s] -- Installing: /home/fire/Desktop/fast_livo2_ws/install/realsense2_description/share/realsense2_description/urdf/test_d435_multiple_cameras.urdf.xacro
[0.648s] -- Installing: /home/fire/Desktop/fast_livo2_ws/install/realsense2_description/share/realsense2_description/urdf/_d436.urdf.xacro
[0.648s] -- Installing: /home/fire/Desktop/fast_livo2_ws/install/realsense2_description/share/realsense2_description/urdf/test_d455_camera.urdf.xacro
[0.648s] -- Installing: /home/fire/Desktop/fast_livo2_ws/install/realsense2_description/share/realsense2_description/urdf/_materials.urdf.xacro
[0.649s] -- Installing: /home/fire/Desktop/fast_livo2_ws/install/realsense2_description/share/realsense2_description/urdf/_r410.urdf.xacro
[0.649s] -- Installing: /home/fire/Desktop/fast_livo2_ws/install/realsense2_description/share/realsense2_description/urdf/test_d435i_camera.urdf.xacro
[0.649s] -- Installing: /home/fire/Desktop/fast_livo2_ws/install/realsense2_description/share/realsense2_description/urdf/_d455.urdf.xacro
[0.649s] -- Installing: /home/fire/Desktop/fast_livo2_ws/install/realsense2_description/share/realsense2_description/urdf/test_d585_camera.urdf.xacro
[0.649s] -- Installing: /home/fire/Desktop/fast_livo2_ws/install/realsense2_description/share/realsense2_description/urdf/test_r410_camera.urdf.xacro
[0.649s] -- Installing: /home/fire/Desktop/fast_livo2_ws/install/realsense2_description/share/ament_index/resource_index/package_run_dependencies/realsense2_description
[0.650s] -- Installing: /home/fire/Desktop/fast_livo2_ws/install/realsense2_description/share/ament_index/resource_index/parent_prefix_path/realsense2_description
[0.650s] -- Installing: /home/fire/Desktop/fast_livo2_ws/install/realsense2_description/share/realsense2_description/environment/ament_prefix_path.sh
[0.650s] -- Installing: /home/fire/Desktop/fast_livo2_ws/install/realsense2_description/share/realsense2_description/environment/ament_prefix_path.dsv
[0.650s] -- Installing: /home/fire/Desktop/fast_livo2_ws/install/realsense2_description/share/realsense2_description/environment/path.sh
[0.650s] -- Installing: /home/fire/Desktop/fast_livo2_ws/install/realsense2_description/share/realsense2_description/environment/path.dsv
[0.650s] -- Installing: /home/fire/Desktop/fast_livo2_ws/install/realsense2_description/share/realsense2_description/local_setup.bash
[0.650s] -- Installing: /home/fire/Desktop/fast_livo2_ws/install/realsense2_description/share/realsense2_description/local_setup.sh
[0.650s] -- Installing: /home/fire/Desktop/fast_livo2_ws/install/realsense2_description/share/realsense2_description/local_setup.zsh
[0.650s] -- Installing: /home/fire/Desktop/fast_livo2_ws/install/realsense2_description/share/realsense2_description/local_setup.dsv
[0.650s] -- Installing: /home/fire/Desktop/fast_livo2_ws/install/realsense2_description/share/realsense2_description/package.dsv
[0.650s] -- Installing: /home/fire/Desktop/fast_livo2_ws/install/realsense2_description/share/ament_index/resource_index/packages/realsense2_description
[0.651s] -- Installing: /home/fire/Desktop/fast_livo2_ws/install/realsense2_description/share/realsense2_description/cmake/realsense2_descriptionConfig.cmake
[0.651s] -- Installing: /home/fire/Desktop/fast_livo2_ws/install/realsense2_description/share/realsense2_description/cmake/realsense2_descriptionConfig-version.cmake
[0.651s] -- Installing: /home/fire/Desktop/fast_livo2_ws/install/realsense2_description/share/realsense2_description/package.xml
[0.653s] Invoked command in '/home/fire/Desktop/fast_livo2_ws/build/realsense2_description' returned '0': AMENT_PREFIX_PATH=/home/fire/Desktop/fast_livo2_ws/install/realsense2_camera_msgs:${AMENT_PREFIX_PATH} CMAKE_PREFIX_PATH=/home/fire/Desktop/fast_livo2_ws/install/realsense2_camera_msgs:/opt/ros/jazzy/opt/gz_sim_vendor:/opt/ros/jazzy/opt/gz_sensors_vendor:/opt/ros/jazzy/opt/gz_physics_vendor:/opt/ros/jazzy/opt/sdformat_vendor:/opt/ros/jazzy/opt/gz_gui_vendor:/opt/ros/jazzy/opt/gz_transport_vendor:/opt/ros/jazzy/opt/gz_rendering_vendor:/opt/ros/jazzy/opt/gz_plugin_vendor:/opt/ros/jazzy/opt/gz_fuel_tools_vendor:/opt/ros/jazzy/opt/gz_msgs_vendor:/opt/ros/jazzy/opt/gz_common_vendor:/opt/ros/jazzy/opt/gz_math_vendor:/opt/ros/jazzy/opt/gz_utils_vendor:/opt/ros/jazzy/opt/gz_tools_vendor:/opt/ros/jazzy/opt/gz_ogre_next_vendor:/opt/ros/jazzy/opt/gz_dartsim_vendor:/opt/ros/jazzy/opt/gz_cmake_vendor:/opt/ros/jazzy DEBUGINFOD_URLS=https://debuginfod.ubuntu.com LD_LIBRARY_PATH=/home/fire/Desktop/fast_livo2_ws/install/realsense2_camera_msgs/lib:${LD_LIBRARY_PATH} PYTHONPATH=/home/fire/Desktop/fast_livo2_ws/install/realsense2_camera_msgs/lib/python3.12/site-packages:${PYTHONPATH} /usr/bin/cmake --install /home/fire/Desktop/fast_livo2_ws/build/realsense2_description
