-- Install configuration: ""
-- Up-to-date: /home/fire/Desktop/fast_livo2_ws/install/vikit_py/lib/vikit_py/align_trajectory.py
-- Up-to-date: /home/fire/Desktop/fast_livo2_ws/install/vikit_py/lib/vikit_py/cpu_info.py
-- Up-to-date: /home/fire/Desktop/fast_livo2_ws/install/vikit_py/lib/vikit_py/depthmap_utils.py
-- Up-to-date: /home/fire/Desktop/fast_livo2_ws/install/vikit_py/lib/vikit_py/math_utils.py
-- Up-to-date: /home/fire/Desktop/fast_livo2_ws/install/vikit_py/lib/vikit_py/ros_node.py
-- Up-to-date: /home/fire/Desktop/fast_livo2_ws/install/vikit_py/lib/vikit_py/transformations.py
-- Up-to-date: /home/fire/Desktop/fast_livo2_ws/install/vikit_py/share/ament_index/resource_index/package_run_dependencies/vikit_py
-- Up-to-date: /home/fire/Desktop/fast_livo2_ws/install/vikit_py/share/ament_index/resource_index/parent_prefix_path/vikit_py
-- Up-to-date: /home/fire/Desktop/fast_livo2_ws/install/vikit_py/share/vikit_py/environment/ament_prefix_path.sh
-- Up-to-date: /home/fire/Desktop/fast_livo2_ws/install/vikit_py/share/vikit_py/environment/ament_prefix_path.dsv
-- Up-to-date: /home/fire/Desktop/fast_livo2_ws/install/vikit_py/share/vikit_py/environment/path.sh
-- Up-to-date: /home/fire/Desktop/fast_livo2_ws/install/vikit_py/share/vikit_py/environment/path.dsv
-- Up-to-date: /home/fire/Desktop/fast_livo2_ws/install/vikit_py/share/vikit_py/local_setup.bash
-- Up-to-date: /home/fire/Desktop/fast_livo2_ws/install/vikit_py/share/vikit_py/local_setup.sh
-- Up-to-date: /home/fire/Desktop/fast_livo2_ws/install/vikit_py/share/vikit_py/local_setup.zsh
-- Up-to-date: /home/fire/Desktop/fast_livo2_ws/install/vikit_py/share/vikit_py/local_setup.dsv
-- Up-to-date: /home/fire/Desktop/fast_livo2_ws/install/vikit_py/share/vikit_py/package.dsv
-- Up-to-date: /home/fire/Desktop/fast_livo2_ws/install/vikit_py/share/ament_index/resource_index/packages/vikit_py
-- Up-to-date: /home/fire/Desktop/fast_livo2_ws/install/vikit_py/share/vikit_py/cmake/ament_cmake_export_dependencies-extras.cmake
-- Up-to-date: /home/fire/Desktop/fast_livo2_ws/install/vikit_py/share/vikit_py/cmake/vikit_pyConfig.cmake
-- Up-to-date: /home/fire/Desktop/fast_livo2_ws/install/vikit_py/share/vikit_py/cmake/vikit_pyConfig-version.cmake
-- Up-to-date: /home/fire/Desktop/fast_livo2_ws/install/vikit_py/share/vikit_py/package.xml
