[0.008s] Invoking command in '/home/fire/Desktop/fast_livo2_ws/build/vikit_py': CMAKE_PREFIX_PATH=${CMAKE_PREFIX_PATH}:/opt/ros/jazzy DEBUGINFOD_URLS=https://debuginfod.ubuntu.com /usr/bin/cmake --build /home/fire/Desktop/fast_livo2_ws/build/vikit_py -- -j24 -l24
[0.035s] Invoked command in '/home/fire/Desktop/fast_livo2_ws/build/vikit_py' returned '0': CMAKE_PREFIX_PATH=${CMAKE_PREFIX_PATH}:/opt/ros/jazzy DEBUGINFOD_URLS=https://debuginfod.ubuntu.com /usr/bin/cmake --build /home/fire/Desktop/fast_livo2_ws/build/vikit_py -- -j24 -l24
[0.041s] Invoking command in '/home/fire/Desktop/fast_livo2_ws/build/vikit_py': CMAKE_PREFIX_PATH=${CMAKE_PREFIX_PATH}:/opt/ros/jazzy DEBUGINFOD_URLS=https://debuginfod.ubuntu.com /usr/bin/cmake --install /home/fire/Desktop/fast_livo2_ws/build/vikit_py
[0.046s] -- Install configuration: ""
[0.046s] -- Up-to-date: /home/fire/Desktop/fast_livo2_ws/install/vikit_py/lib/vikit_py/align_trajectory.py
[0.046s] -- Up-to-date: /home/fire/Desktop/fast_livo2_ws/install/vikit_py/lib/vikit_py/cpu_info.py
[0.046s] -- Up-to-date: /home/fire/Desktop/fast_livo2_ws/install/vikit_py/lib/vikit_py/depthmap_utils.py
[0.046s] -- Up-to-date: /home/fire/Desktop/fast_livo2_ws/install/vikit_py/lib/vikit_py/math_utils.py
[0.046s] -- Up-to-date: /home/fire/Desktop/fast_livo2_ws/install/vikit_py/lib/vikit_py/ros_node.py
[0.046s] -- Up-to-date: /home/fire/Desktop/fast_livo2_ws/install/vikit_py/lib/vikit_py/transformations.py
[0.046s] -- Up-to-date: /home/fire/Desktop/fast_livo2_ws/install/vikit_py/share/ament_index/resource_index/package_run_dependencies/vikit_py
[0.046s] -- Up-to-date: /home/fire/Desktop/fast_livo2_ws/install/vikit_py/share/ament_index/resource_index/parent_prefix_path/vikit_py
[0.047s] -- Up-to-date: /home/fire/Desktop/fast_livo2_ws/install/vikit_py/share/vikit_py/environment/ament_prefix_path.sh
[0.047s] -- Up-to-date: /home/fire/Desktop/fast_livo2_ws/install/vikit_py/share/vikit_py/environment/ament_prefix_path.dsv
[0.047s] -- Up-to-date: /home/fire/Desktop/fast_livo2_ws/install/vikit_py/share/vikit_py/environment/path.sh
[0.047s] -- Up-to-date: /home/fire/Desktop/fast_livo2_ws/install/vikit_py/share/vikit_py/environment/path.dsv
[0.047s] -- Up-to-date: /home/fire/Desktop/fast_livo2_ws/install/vikit_py/share/vikit_py/local_setup.bash
[0.047s] -- Up-to-date: /home/fire/Desktop/fast_livo2_ws/install/vikit_py/share/vikit_py/local_setup.sh
[0.047s] -- Up-to-date: /home/fire/Desktop/fast_livo2_ws/install/vikit_py/share/vikit_py/local_setup.zsh
[0.047s] -- Up-to-date: /home/fire/Desktop/fast_livo2_ws/install/vikit_py/share/vikit_py/local_setup.dsv
[0.047s] -- Up-to-date: /home/fire/Desktop/fast_livo2_ws/install/vikit_py/share/vikit_py/package.dsv
[0.047s] -- Up-to-date: /home/fire/Desktop/fast_livo2_ws/install/vikit_py/share/ament_index/resource_index/packages/vikit_py
[0.047s] -- Up-to-date: /home/fire/Desktop/fast_livo2_ws/install/vikit_py/share/vikit_py/cmake/ament_cmake_export_dependencies-extras.cmake
[0.047s] -- Up-to-date: /home/fire/Desktop/fast_livo2_ws/install/vikit_py/share/vikit_py/cmake/vikit_pyConfig.cmake
[0.047s] -- Up-to-date: /home/fire/Desktop/fast_livo2_ws/install/vikit_py/share/vikit_py/cmake/vikit_pyConfig-version.cmake
[0.047s] -- Up-to-date: /home/fire/Desktop/fast_livo2_ws/install/vikit_py/share/vikit_py/package.xml
[0.048s] Invoked command in '/home/fire/Desktop/fast_livo2_ws/build/vikit_py' returned '0': CMAKE_PREFIX_PATH=${CMAKE_PREFIX_PATH}:/opt/ros/jazzy DEBUGINFOD_URLS=https://debuginfod.ubuntu.com /usr/bin/cmake --install /home/fire/Desktop/fast_livo2_ws/build/vikit_py
