-- The C compiler identification is GNU 13.3.0
-- The CXX compiler identification is GNU 13.3.0
-- Detecting C compiler ABI info
-- Detecting C compiler ABI info - done
-- Check for working C compiler: /usr/bin/cc - skipped
-- Detecting C compile features
-- Detecting C compile features - done
-- Detecting CXX compiler ABI info
-- Detecting CXX compiler ABI info - done
-- Check for working CXX compiler: /usr/bin/c++ - skipped
-- Detecting CXX compile features
-- Detecting CXX compile features - done
-- Found ament_cmake: 2.5.5 (/opt/ros/jazzy/share/ament_cmake/cmake)
-- Found Python3: /usr/bin/python3 (found version "3.12.3") found components: Interpreter 
-- Configuring done (0.4s)
-- Generating done (0.0s)
-- Build files have been written to: /home/fire/Desktop/fast_livo2_ws/build/top_pkg
-- Install configuration: ""
-- Installing: /home/fire/Desktop/fast_livo2_ws/install/top_pkg/share/top_pkg/config
-- Installing: /home/fire/Desktop/fast_livo2_ws/install/top_pkg/share/top_pkg/config/bringup.yaml
-- Installing: /home/fire/Desktop/fast_livo2_ws/install/top_pkg/share/top_pkg/config/bringup.rviz
-- Installing: /home/fire/Desktop/fast_livo2_ws/install/top_pkg/share/top_pkg/launch
-- Installing: /home/fire/Desktop/fast_livo2_ws/install/top_pkg/share/top_pkg/launch/bringup_sensor.launch.py
-- Installing: /home/fire/Desktop/fast_livo2_ws/install/top_pkg/share/top_pkg/launch/bringup.launch.py
-- Installing: /home/fire/Desktop/fast_livo2_ws/install/top_pkg/share/ament_index/resource_index/package_run_dependencies/top_pkg
-- Installing: /home/fire/Desktop/fast_livo2_ws/install/top_pkg/share/ament_index/resource_index/parent_prefix_path/top_pkg
-- Installing: /home/fire/Desktop/fast_livo2_ws/install/top_pkg/share/top_pkg/environment/ament_prefix_path.sh
-- Installing: /home/fire/Desktop/fast_livo2_ws/install/top_pkg/share/top_pkg/environment/ament_prefix_path.dsv
-- Installing: /home/fire/Desktop/fast_livo2_ws/install/top_pkg/share/top_pkg/environment/path.sh
-- Installing: /home/fire/Desktop/fast_livo2_ws/install/top_pkg/share/top_pkg/environment/path.dsv
-- Installing: /home/fire/Desktop/fast_livo2_ws/install/top_pkg/share/top_pkg/local_setup.bash
-- Installing: /home/fire/Desktop/fast_livo2_ws/install/top_pkg/share/top_pkg/local_setup.sh
-- Installing: /home/fire/Desktop/fast_livo2_ws/install/top_pkg/share/top_pkg/local_setup.zsh
-- Installing: /home/fire/Desktop/fast_livo2_ws/install/top_pkg/share/top_pkg/local_setup.dsv
-- Installing: /home/fire/Desktop/fast_livo2_ws/install/top_pkg/share/top_pkg/package.dsv
-- Installing: /home/fire/Desktop/fast_livo2_ws/install/top_pkg/share/ament_index/resource_index/packages/top_pkg
-- Installing: /home/fire/Desktop/fast_livo2_ws/install/top_pkg/share/top_pkg/cmake/top_pkgConfig.cmake
-- Installing: /home/fire/Desktop/fast_livo2_ws/install/top_pkg/share/top_pkg/cmake/top_pkgConfig-version.cmake
-- Installing: /home/fire/Desktop/fast_livo2_ws/install/top_pkg/share/top_pkg/package.xml
