-- The C compiler identification is GNU 13.3.0
-- The CXX compiler identification is GNU 13.3.0
-- Detecting C compiler ABI info
-- Detecting C compiler ABI info - done
-- Check for working C compiler: /usr/bin/cc - skipped
-- Detecting C compile features
-- Detecting C compile features - done
-- Detecting CXX compiler ABI info
-- Detecting CXX compiler ABI info - done
-- Check for working CXX compiler: /usr/bin/c++ - skipped
-- Detecting CXX compile features
-- Detecting CXX compile features - done
[0mCurrent CPU architecture: x86_64[0m
[0mProcessor number: 24[0m
[0mCores for MP: 3[0m
-- Found ament_cmake: 2.5.5 (/opt/ros/jazzy/share/ament_cmake/cmake)
-- Found Python3: /usr/bin/python3 (found version "3.12.3") found components: Interpreter 
-- Found rclcpp: 28.1.16 (/opt/ros/jazzy/share/rclcpp/cmake)
-- Found rosidl_generator_c: 4.6.7 (/opt/ros/jazzy/share/rosidl_generator_c/cmake)
-- Found rosidl_generator_cpp: 4.6.7 (/opt/ros/jazzy/share/rosidl_generator_cpp/cmake)
-- Using all available rosidl_typesupport_c: rosidl_typesupport_fastrtps_c;rosidl_typesupport_introspection_c
-- Using all available rosidl_typesupport_cpp: rosidl_typesupport_fastrtps_cpp;rosidl_typesupport_introspection_cpp
-- Found rmw_implementation_cmake: 7.3.3 (/opt/ros/jazzy/share/rmw_implementation_cmake/cmake)
-- Found rmw_cyclonedds_cpp: 2.2.3 (/opt/ros/jazzy/share/rmw_cyclonedds_cpp/cmake)
-- Using RMW implementation 'rmw_cyclonedds_cpp' as default
-- Found visualization_msgs: 5.3.6 (/opt/ros/jazzy/share/visualization_msgs/cmake)
-- Found tf2: 0.36.19 (/opt/ros/jazzy/share/tf2/cmake)
-- Found tf2_ros: 0.36.19 (/opt/ros/jazzy/share/tf2_ros/cmake)
-- Found OpenCV: /usr (found version "4.6.0") 
-- Found tf2_geometry_msgs: 0.36.19 (/opt/ros/jazzy/share/tf2_geometry_msgs/cmake)
-- Found eigen3_cmake_module: 0.3.0 (/opt/ros/jazzy/share/eigen3_cmake_module/cmake)
-- Found Eigen3: TRUE (found version "3.4.0") 
-- Ensuring Eigen3 include directory is part of orocos-kdl CMake target
-- Found rosidl_default_generators: 1.6.0 (/opt/ros/jazzy/share/rosidl_default_generators/cmake)
-- Found rosidl_adapter: 4.6.7 (/opt/ros/jazzy/share/rosidl_adapter/cmake)
-- Configuring done (1.1s)
-- Generating done (0.0s)
-- Build files have been written to: /home/fire/Desktop/fast_livo2_ws/build/vikit_ros
[ 66%] [32mBuilding CXX object CMakeFiles/vikit_ros.dir/src/camera_loader.cpp.o[0m
[ 66%] [32mBuilding CXX object CMakeFiles/vikit_ros.dir/src/output_helper.cpp.o[0m
In file included from [01m[K/home/fire/Desktop/fast_livo2_ws/src/rpg_vikit/vikit_ros/include/vikit/camera_loader.h:20[m[K,
                 from [01m[K/home/fire/Desktop/fast_livo2_ws/src/rpg_vikit/vikit_ros/src/camera_loader.cpp:10[m[K:
[01m[K/home/fire/Desktop/fast_livo2_ws/src/rpg_vikit/vikit_ros/include/vikit/params_helper.h:[m[K In function ‘[01m[KT vk::[01;32m[KgetParam[m[K(const std::string&, const std::string&, const T&)[m[K’:
[01m[K/home/fire/Desktop/fast_livo2_ws/src/rpg_vikit/vikit_ros/include/vikit/params_helper.h:35:48:[m[K [01;35m[Kwarning: [m[Kignoring attributes on template argument ‘[01m[Kint (*)(FILE*)[m[K’ [[01;35m[K]8;;https://gcc.gnu.org/onlinedocs/gcc/Warning-Options.html#index-Wignored-attributes-Wignored-attributes]8;;[m[K]
   35 |         std::unique_ptr<FILE, decltype(&pclose)[01;35m[K>[m[K pipe(popen(command.c_str(), "r"), pclose);
      |                                                [01;35m[K^[m[K
[100%] [32m[1mLinking CXX shared library libvikit_ros.so[0m
[100%] Built target vikit_ros
-- Install configuration: "Release"
-- Installing: /home/fire/Desktop/fast_livo2_ws/install/vikit_ros/include
-- Installing: /home/fire/Desktop/fast_livo2_ws/install/vikit_ros/include/vikit
-- Installing: /home/fire/Desktop/fast_livo2_ws/install/vikit_ros/include/vikit/output_helper.h
-- Installing: /home/fire/Desktop/fast_livo2_ws/install/vikit_ros/include/vikit/params_helper.h
-- Installing: /home/fire/Desktop/fast_livo2_ws/install/vikit_ros/include/vikit/camera_loader.h
-- Installing: /home/fire/Desktop/fast_livo2_ws/install/vikit_ros/lib/libvikit_ros.so
-- Set non-toolchain portion of runtime path of "/home/fire/Desktop/fast_livo2_ws/install/vikit_ros/lib/libvikit_ros.so" to ""
-- Installing: /home/fire/Desktop/fast_livo2_ws/install/vikit_ros/share/ament_index/resource_index/package_run_dependencies/vikit_ros
-- Installing: /home/fire/Desktop/fast_livo2_ws/install/vikit_ros/share/ament_index/resource_index/parent_prefix_path/vikit_ros
-- Installing: /home/fire/Desktop/fast_livo2_ws/install/vikit_ros/share/vikit_ros/environment/ament_prefix_path.sh
-- Installing: /home/fire/Desktop/fast_livo2_ws/install/vikit_ros/share/vikit_ros/environment/ament_prefix_path.dsv
-- Installing: /home/fire/Desktop/fast_livo2_ws/install/vikit_ros/share/vikit_ros/environment/path.sh
-- Installing: /home/fire/Desktop/fast_livo2_ws/install/vikit_ros/share/vikit_ros/environment/path.dsv
-- Installing: /home/fire/Desktop/fast_livo2_ws/install/vikit_ros/share/vikit_ros/local_setup.bash
-- Installing: /home/fire/Desktop/fast_livo2_ws/install/vikit_ros/share/vikit_ros/local_setup.sh
-- Installing: /home/fire/Desktop/fast_livo2_ws/install/vikit_ros/share/vikit_ros/local_setup.zsh
-- Installing: /home/fire/Desktop/fast_livo2_ws/install/vikit_ros/share/vikit_ros/local_setup.dsv
-- Installing: /home/fire/Desktop/fast_livo2_ws/install/vikit_ros/share/vikit_ros/package.dsv
-- Installing: /home/fire/Desktop/fast_livo2_ws/install/vikit_ros/share/ament_index/resource_index/packages/vikit_ros
-- Installing: /home/fire/Desktop/fast_livo2_ws/install/vikit_ros/share/vikit_ros/cmake/ament_cmake_export_dependencies-extras.cmake
-- Installing: /home/fire/Desktop/fast_livo2_ws/install/vikit_ros/share/vikit_ros/cmake/ament_cmake_export_include_directories-extras.cmake
-- Installing: /home/fire/Desktop/fast_livo2_ws/install/vikit_ros/share/vikit_ros/cmake/vikit_rosConfig.cmake
-- Installing: /home/fire/Desktop/fast_livo2_ws/install/vikit_ros/share/vikit_ros/cmake/vikit_rosConfig-version.cmake
-- Installing: /home/fire/Desktop/fast_livo2_ws/install/vikit_ros/share/vikit_ros/package.xml
