[0.006s] Invoking command in '/home/fire/Desktop/fast_livo2_ws/build/vikit_ros': CMAKE_PREFIX_PATH=${CMAKE_PREFIX_PATH}:/opt/ros/jazzy DEBUGINFOD_URLS=https://debuginfod.ubuntu.com LD_LIBRARY_PATH=/home/fire/Desktop/fast_livo2_ws/install/vikit_common/lib:${LD_LIBRARY_PATH} PKG_CONFIG_PATH=/home/fire/Desktop/fast_livo2_ws/install/vikit_common/lib/x86_64-linux-gnu/pkgconfig:/home/fire/Desktop/fast_livo2_ws/install/vikit_common/lib/pkgconfig ROS_PACKAGE_PATH=/home/fire/Desktop/fast_livo2_ws/install/vikit_common/share /usr/bin/cmake /home/fire/Desktop/fast_livo2_ws/src/rpg_vikit/vikit_ros -DCMAKE_INSTALL_PREFIX=/home/fire/Desktop/fast_livo2_ws/install/vikit_ros
[0.052s] -- The C compiler identification is GNU 13.3.0
[0.088s] -- The CXX compiler identification is GNU 13.3.0
[0.099s] -- Detecting C compiler ABI info
[0.159s] -- Detecting C compiler ABI info - done
[0.165s] -- Check for working C compiler: /usr/bin/cc - skipped
[0.165s] -- Detecting C compile features
[0.165s] -- Detecting C compile features - done
[0.172s] -- Detecting CXX compiler ABI info
[0.242s] -- Detecting CXX compiler ABI info - done
[0.247s] -- Check for working CXX compiler: /usr/bin/c++ - skipped
[0.247s] -- Detecting CXX compile features
[0.248s] -- Detecting CXX compile features - done
[0.248s] [0mCurrent CPU architecture: x86_64[0m
[0.252s] [0mProcessor number: 24[0m
[0.252s] [0mCores for MP: 3[0m
[0.544s] -- Found ament_cmake: 2.5.5 (/opt/ros/jazzy/share/ament_cmake/cmake)
[0.642s] -- Found Python3: /usr/bin/python3 (found version "3.12.3") found components: Interpreter 
[0.707s] -- Found rclcpp: 28.1.16 (/opt/ros/jazzy/share/rclcpp/cmake)
[0.733s] -- Found rosidl_generator_c: 4.6.7 (/opt/ros/jazzy/share/rosidl_generator_c/cmake)
[0.742s] -- Found rosidl_generator_cpp: 4.6.7 (/opt/ros/jazzy/share/rosidl_generator_cpp/cmake)
[0.753s] -- Using all available rosidl_typesupport_c: rosidl_typesupport_fastrtps_c;rosidl_typesupport_introspection_c
[0.764s] -- Using all available rosidl_typesupport_cpp: rosidl_typesupport_fastrtps_cpp;rosidl_typesupport_introspection_cpp
[0.812s] -- Found rmw_implementation_cmake: 7.3.3 (/opt/ros/jazzy/share/rmw_implementation_cmake/cmake)
[0.814s] -- Found rmw_cyclonedds_cpp: 2.2.3 (/opt/ros/jazzy/share/rmw_cyclonedds_cpp/cmake)
[0.833s] -- Using RMW implementation 'rmw_cyclonedds_cpp' as default
[0.884s] -- Found visualization_msgs: 5.3.6 (/opt/ros/jazzy/share/visualization_msgs/cmake)
[0.939s] -- Found tf2: 0.36.19 (/opt/ros/jazzy/share/tf2/cmake)
[0.942s] -- Found tf2_ros: 0.36.19 (/opt/ros/jazzy/share/tf2_ros/cmake)
[1.026s] -- Found OpenCV: /usr (found version "4.6.0") 
[1.036s] -- Found tf2_geometry_msgs: 0.36.19 (/opt/ros/jazzy/share/tf2_geometry_msgs/cmake)
[1.043s] -- Found eigen3_cmake_module: 0.3.0 (/opt/ros/jazzy/share/eigen3_cmake_module/cmake)
[1.044s] -- Found Eigen3: TRUE (found version "3.4.0") 
[1.044s] -- Ensuring Eigen3 include directory is part of orocos-kdl CMake target
[1.047s] -- Found rosidl_default_generators: 1.6.0 (/opt/ros/jazzy/share/rosidl_default_generators/cmake)
[1.056s] -- Found rosidl_adapter: 4.6.7 (/opt/ros/jazzy/share/rosidl_adapter/cmake)
[1.109s] -- Configuring done (1.1s)
[1.117s] -- Generating done (0.0s)
[1.119s] -- Build files have been written to: /home/fire/Desktop/fast_livo2_ws/build/vikit_ros
[1.126s] Invoked command in '/home/fire/Desktop/fast_livo2_ws/build/vikit_ros' returned '0': CMAKE_PREFIX_PATH=${CMAKE_PREFIX_PATH}:/opt/ros/jazzy DEBUGINFOD_URLS=https://debuginfod.ubuntu.com LD_LIBRARY_PATH=/home/fire/Desktop/fast_livo2_ws/install/vikit_common/lib:${LD_LIBRARY_PATH} PKG_CONFIG_PATH=/home/fire/Desktop/fast_livo2_ws/install/vikit_common/lib/x86_64-linux-gnu/pkgconfig:/home/fire/Desktop/fast_livo2_ws/install/vikit_common/lib/pkgconfig ROS_PACKAGE_PATH=/home/fire/Desktop/fast_livo2_ws/install/vikit_common/share /usr/bin/cmake /home/fire/Desktop/fast_livo2_ws/src/rpg_vikit/vikit_ros -DCMAKE_INSTALL_PREFIX=/home/fire/Desktop/fast_livo2_ws/install/vikit_ros
[1.127s] Invoking command in '/home/fire/Desktop/fast_livo2_ws/build/vikit_ros': CMAKE_PREFIX_PATH=${CMAKE_PREFIX_PATH}:/opt/ros/jazzy DEBUGINFOD_URLS=https://debuginfod.ubuntu.com LD_LIBRARY_PATH=/home/fire/Desktop/fast_livo2_ws/install/vikit_common/lib:${LD_LIBRARY_PATH} PKG_CONFIG_PATH=/home/fire/Desktop/fast_livo2_ws/install/vikit_common/lib/x86_64-linux-gnu/pkgconfig:/home/fire/Desktop/fast_livo2_ws/install/vikit_common/lib/pkgconfig ROS_PACKAGE_PATH=/home/fire/Desktop/fast_livo2_ws/install/vikit_common/share /usr/bin/cmake --build /home/fire/Desktop/fast_livo2_ws/build/vikit_ros -- -j24 -l24
[1.168s] [ 66%] [32mBuilding CXX object CMakeFiles/vikit_ros.dir/src/camera_loader.cpp.o[0m
[1.168s] [ 66%] [32mBuilding CXX object CMakeFiles/vikit_ros.dir/src/output_helper.cpp.o[0m
[3.250s] In file included from [01m[K/home/fire/Desktop/fast_livo2_ws/src/rpg_vikit/vikit_ros/include/vikit/camera_loader.h:20[m[K,
[3.251s]                  from [01m[K/home/fire/Desktop/fast_livo2_ws/src/rpg_vikit/vikit_ros/src/camera_loader.cpp:10[m[K:
[3.251s] [01m[K/home/fire/Desktop/fast_livo2_ws/src/rpg_vikit/vikit_ros/include/vikit/params_helper.h:[m[K In function ‘[01m[KT vk::[01;32m[KgetParam[m[K(const std::string&, const std::string&, const T&)[m[K’:
[3.251s] [01m[K/home/fire/Desktop/fast_livo2_ws/src/rpg_vikit/vikit_ros/include/vikit/params_helper.h:35:48:[m[K [01;35m[Kwarning: [m[Kignoring attributes on template argument ‘[01m[Kint (*)(FILE*)[m[K’ [[01;35m[K]8;;https://gcc.gnu.org/onlinedocs/gcc/Warning-Options.html#index-Wignored-attributes-Wignored-attributes]8;;[m[K]
[3.251s]    35 |         std::unique_ptr<FILE, decltype(&pclose)[01;35m[K>[m[K pipe(popen(command.c_str(), "r"), pclose);
[3.251s]       |                                                [01;35m[K^[m[K
[4.669s] [100%] [32m[1mLinking CXX shared library libvikit_ros.so[0m
[4.754s] [100%] Built target vikit_ros
[4.763s] Invoked command in '/home/fire/Desktop/fast_livo2_ws/build/vikit_ros' returned '0': CMAKE_PREFIX_PATH=${CMAKE_PREFIX_PATH}:/opt/ros/jazzy DEBUGINFOD_URLS=https://debuginfod.ubuntu.com LD_LIBRARY_PATH=/home/fire/Desktop/fast_livo2_ws/install/vikit_common/lib:${LD_LIBRARY_PATH} PKG_CONFIG_PATH=/home/fire/Desktop/fast_livo2_ws/install/vikit_common/lib/x86_64-linux-gnu/pkgconfig:/home/fire/Desktop/fast_livo2_ws/install/vikit_common/lib/pkgconfig ROS_PACKAGE_PATH=/home/fire/Desktop/fast_livo2_ws/install/vikit_common/share /usr/bin/cmake --build /home/fire/Desktop/fast_livo2_ws/build/vikit_ros -- -j24 -l24
[4.764s] Invoking command in '/home/fire/Desktop/fast_livo2_ws/build/vikit_ros': CMAKE_PREFIX_PATH=${CMAKE_PREFIX_PATH}:/opt/ros/jazzy DEBUGINFOD_URLS=https://debuginfod.ubuntu.com LD_LIBRARY_PATH=/home/fire/Desktop/fast_livo2_ws/install/vikit_common/lib:${LD_LIBRARY_PATH} PKG_CONFIG_PATH=/home/fire/Desktop/fast_livo2_ws/install/vikit_common/lib/x86_64-linux-gnu/pkgconfig:/home/fire/Desktop/fast_livo2_ws/install/vikit_common/lib/pkgconfig ROS_PACKAGE_PATH=/home/fire/Desktop/fast_livo2_ws/install/vikit_common/share /usr/bin/cmake --install /home/fire/Desktop/fast_livo2_ws/build/vikit_ros
[4.771s] -- Install configuration: "Release"
[4.771s] -- Installing: /home/fire/Desktop/fast_livo2_ws/install/vikit_ros/include
[4.771s] -- Installing: /home/fire/Desktop/fast_livo2_ws/install/vikit_ros/include/vikit
[4.771s] -- Installing: /home/fire/Desktop/fast_livo2_ws/install/vikit_ros/include/vikit/output_helper.h
[4.771s] -- Installing: /home/fire/Desktop/fast_livo2_ws/install/vikit_ros/include/vikit/params_helper.h
[4.771s] -- Installing: /home/fire/Desktop/fast_livo2_ws/install/vikit_ros/include/vikit/camera_loader.h
[4.771s] -- Installing: /home/fire/Desktop/fast_livo2_ws/install/vikit_ros/lib/libvikit_ros.so
[4.772s] -- Set non-toolchain portion of runtime path of "/home/fire/Desktop/fast_livo2_ws/install/vikit_ros/lib/libvikit_ros.so" to ""
[4.772s] -- Installing: /home/fire/Desktop/fast_livo2_ws/install/vikit_ros/share/ament_index/resource_index/package_run_dependencies/vikit_ros
[4.772s] -- Installing: /home/fire/Desktop/fast_livo2_ws/install/vikit_ros/share/ament_index/resource_index/parent_prefix_path/vikit_ros
[4.772s] -- Installing: /home/fire/Desktop/fast_livo2_ws/install/vikit_ros/share/vikit_ros/environment/ament_prefix_path.sh
[4.772s] -- Installing: /home/fire/Desktop/fast_livo2_ws/install/vikit_ros/share/vikit_ros/environment/ament_prefix_path.dsv
[4.772s] -- Installing: /home/fire/Desktop/fast_livo2_ws/install/vikit_ros/share/vikit_ros/environment/path.sh
[4.772s] -- Installing: /home/fire/Desktop/fast_livo2_ws/install/vikit_ros/share/vikit_ros/environment/path.dsv
[4.772s] -- Installing: /home/fire/Desktop/fast_livo2_ws/install/vikit_ros/share/vikit_ros/local_setup.bash
[4.772s] -- Installing: /home/fire/Desktop/fast_livo2_ws/install/vikit_ros/share/vikit_ros/local_setup.sh
[4.772s] -- Installing: /home/fire/Desktop/fast_livo2_ws/install/vikit_ros/share/vikit_ros/local_setup.zsh
[4.772s] -- Installing: /home/fire/Desktop/fast_livo2_ws/install/vikit_ros/share/vikit_ros/local_setup.dsv
[4.772s] -- Installing: /home/fire/Desktop/fast_livo2_ws/install/vikit_ros/share/vikit_ros/package.dsv
[4.772s] -- Installing: /home/fire/Desktop/fast_livo2_ws/install/vikit_ros/share/ament_index/resource_index/packages/vikit_ros
[4.772s] -- Installing: /home/fire/Desktop/fast_livo2_ws/install/vikit_ros/share/vikit_ros/cmake/ament_cmake_export_dependencies-extras.cmake
[4.772s] -- Installing: /home/fire/Desktop/fast_livo2_ws/install/vikit_ros/share/vikit_ros/cmake/ament_cmake_export_include_directories-extras.cmake
[4.772s] -- Installing: /home/fire/Desktop/fast_livo2_ws/install/vikit_ros/share/vikit_ros/cmake/vikit_rosConfig.cmake
[4.772s] -- Installing: /home/fire/Desktop/fast_livo2_ws/install/vikit_ros/share/vikit_ros/cmake/vikit_rosConfig-version.cmake
[4.772s] -- Installing: /home/fire/Desktop/fast_livo2_ws/install/vikit_ros/share/vikit_ros/package.xml
[4.773s] Invoked command in '/home/fire/Desktop/fast_livo2_ws/build/vikit_ros' returned '0': CMAKE_PREFIX_PATH=${CMAKE_PREFIX_PATH}:/opt/ros/jazzy DEBUGINFOD_URLS=https://debuginfod.ubuntu.com LD_LIBRARY_PATH=/home/fire/Desktop/fast_livo2_ws/install/vikit_common/lib:${LD_LIBRARY_PATH} PKG_CONFIG_PATH=/home/fire/Desktop/fast_livo2_ws/install/vikit_common/lib/x86_64-linux-gnu/pkgconfig:/home/fire/Desktop/fast_livo2_ws/install/vikit_common/lib/pkgconfig ROS_PACKAGE_PATH=/home/fire/Desktop/fast_livo2_ws/install/vikit_common/share /usr/bin/cmake --install /home/fire/Desktop/fast_livo2_ws/build/vikit_ros
