[33mCMake Warning (dev) at /usr/lib/x86_64-linux-gnu/cmake/pcl/Modules/FindFLANN.cmake:45 (find_package):
  Policy CMP0144 is not set: find_package uses upper-case <PACKAGENAME>_ROOT
  variables.  Run "cmake --help-policy CMP0144" for policy details.  Use the
  cmake_policy command to set the policy and suppress this warning.

  CMake variable FLANN_ROOT is set to:

    /usr

  For compatibility, find_package is ignoring the variable, but code in a
  .cmake module might still use it.
Call Stack (most recent call first):
  /usr/lib/x86_64-linux-gnu/cmake/pcl/PCLConfig.cmake:261 (find_package)
  /usr/lib/x86_64-linux-gnu/cmake/pcl/PCLConfig.cmake:306 (find_flann)
  /usr/lib/x86_64-linux-gnu/cmake/pcl/PCLConfig.cmake:570 (find_external_library)
  /opt/ros/jazzy/share/pcl_conversions/cmake/ament_cmake_export_dependencies-extras.cmake:21 (find_package)
  /opt/ros/jazzy/share/pcl_conversions/cmake/pcl_conversionsConfig.cmake:41 (include)
  /opt/ros/jazzy/share/pcl_ros/cmake/ament_cmake_export_dependencies-extras.cmake:21 (find_package)
  /opt/ros/jazzy/share/pcl_ros/cmake/pcl_rosConfig.cmake:41 (include)
  CMakeLists.txt:90 (find_package)
This warning is for project developers.  Use -Wno-dev to suppress it.
[0m
[33mCMake Warning (dev) at CMakeLists.txt:99 (find_package):
  Policy CMP0074 is not set: find_package uses <PackageName>_ROOT variables.
  Run "cmake --help-policy CMP0074" for policy details.  Use the cmake_policy
  command to set the policy and suppress this warning.

  CMake variable PCL_ROOT is set to:

    /usr

  For compatibility, CMake is ignoring the variable.
This warning is for project developers.  Use -Wno-dev to suppress it.
[0m
In file included from [01m[K/home/fire/Desktop/fast_livo2_ws/install/vikit_ros/include/vikit/camera_loader.h:20[m[K,
                 from [01m[K/home/fire/Desktop/fast_livo2_ws/src/FAST-LIVO2/include/LIVMapper.h:28[m[K,
                 from [01m[K/home/fire/Desktop/fast_livo2_ws/src/FAST-LIVO2/src/LIVMapper.cpp:13[m[K:
[01m[K/home/fire/Desktop/fast_livo2_ws/install/vikit_ros/include/vikit/params_helper.h:[m[K In function ‘[01m[KT vk::[01;32m[KgetParam[m[K(const std::string&, const std::string&, const T&)[m[K’:
[01m[K/home/fire/Desktop/fast_livo2_ws/install/vikit_ros/include/vikit/params_helper.h:35:48:[m[K [01;35m[Kwarning: [m[Kignoring attributes on template argument ‘[01m[Kint (*)(FILE*)[m[K’ [[01;35m[K]8;;https://gcc.gnu.org/onlinedocs/gcc/Warning-Options.html#index-Wignored-attributes-Wignored-attributes]8;;[m[K]
   35 |         std::unique_ptr<FILE, decltype(&pclose)[01;35m[K>[m[K pipe(popen(command.c_str(), "r"), pclose);
      |                                                [01;35m[K^[m[K
In file included from [01m[K/home/fire/Desktop/fast_livo2_ws/install/vikit_ros/include/vikit/camera_loader.h:20[m[K,
                 from [01m[K/home/fire/Desktop/fast_livo2_ws/src/FAST-LIVO2/include/LIVMapper.h:28[m[K,
                 from [01m[K/home/fire/Desktop/fast_livo2_ws/src/FAST-LIVO2/src/main.cpp:1[m[K:
[01m[K/home/fire/Desktop/fast_livo2_ws/install/vikit_ros/include/vikit/params_helper.h:[m[K In function ‘[01m[KT vk::[01;32m[KgetParam[m[K(const std::string&, const std::string&, const T&)[m[K’:
[01m[K/home/fire/Desktop/fast_livo2_ws/install/vikit_ros/include/vikit/params_helper.h:35:48:[m[K [01;35m[Kwarning: [m[Kignoring attributes on template argument ‘[01m[Kint (*)(FILE*)[m[K’ [[01;35m[K]8;;https://gcc.gnu.org/onlinedocs/gcc/Warning-Options.html#index-Wignored-attributes-Wignored-attributes]8;;[m[K]
   35 |         std::unique_ptr<FILE, decltype(&pclose)[01;35m[K>[m[K pipe(popen(command.c_str(), "r"), pclose);
      |                                                [01;35m[K^[m[K
