-- The C compiler identification is GNU 13.3.0
-- The CXX compiler identification is GNU 13.3.0
-- Detecting C compiler ABI info
-- Detecting C compiler ABI info - done
-- Check for working C compiler: /usr/bin/cc - skipped
-- Detecting C compile features
-- Detecting C compile features - done
-- Detecting CXX compiler ABI info
-- Detecting CXX compiler ABI info - done
-- Check for working CXX compiler: /usr/bin/c++ - skipped
-- Detecting CXX compile features
-- Detecting CXX compile features - done
-- Build Type: Release
-- Current CPU architecture: x86_64
-- Using general x86 optimizations: -O3 -march=native -mtune=native -funroll-loops
-- Processor count: 24
-- Multithreading enabled. Cores: 4
-- OpenMP found
-- mimalloc not found, proceeding without it
-- Found ament_cmake: 2.5.5 (/opt/ros/jazzy/share/ament_cmake/cmake)
-- Found Python3: /usr/bin/python3 (found version "3.12.3") found components: Interpreter 
-- Found rclcpp: 28.1.16 (/opt/ros/jazzy/share/rclcpp/cmake)
-- Found rosidl_generator_c: 4.6.7 (/opt/ros/jazzy/share/rosidl_generator_c/cmake)
-- Found rosidl_generator_cpp: 4.6.7 (/opt/ros/jazzy/share/rosidl_generator_cpp/cmake)
-- Using all available rosidl_typesupport_c: rosidl_typesupport_fastrtps_c;rosidl_typesupport_introspection_c
-- Using all available rosidl_typesupport_cpp: rosidl_typesupport_fastrtps_cpp;rosidl_typesupport_introspection_cpp
-- Found rmw_implementation_cmake: 7.3.3 (/opt/ros/jazzy/share/rmw_implementation_cmake/cmake)
-- Found rmw_cyclonedds_cpp: 2.2.3 (/opt/ros/jazzy/share/rmw_cyclonedds_cpp/cmake)
-- Using RMW implementation 'rmw_cyclonedds_cpp' as default
-- Found rclpy: 7.1.9 (/opt/ros/jazzy/share/rclpy/cmake)
-- Found geometry_msgs: 5.3.6 (/opt/ros/jazzy/share/geometry_msgs/cmake)
-- Found nav_msgs: 5.3.6 (/opt/ros/jazzy/share/nav_msgs/cmake)
-- Found sensor_msgs: 5.3.6 (/opt/ros/jazzy/share/sensor_msgs/cmake)
-- Found visualization_msgs: 5.3.6 (/opt/ros/jazzy/share/visualization_msgs/cmake)
-- Found pcl_ros: 2.6.2 (/opt/ros/jazzy/share/pcl_ros/cmake)
[33mCMake Warning (dev) at /usr/lib/x86_64-linux-gnu/cmake/pcl/Modules/FindFLANN.cmake:45 (find_package):
  Policy CMP0144 is not set: find_package uses upper-case <PACKAGENAME>_ROOT
  variables.  Run "cmake --help-policy CMP0144" for policy details.  Use the
  cmake_policy command to set the policy and suppress this warning.

  CMake variable FLANN_ROOT is set to:

    /usr

  For compatibility, find_package is ignoring the variable, but code in a
  .cmake module might still use it.
Call Stack (most recent call first):
  /usr/lib/x86_64-linux-gnu/cmake/pcl/PCLConfig.cmake:261 (find_package)
  /usr/lib/x86_64-linux-gnu/cmake/pcl/PCLConfig.cmake:306 (find_flann)
  /usr/lib/x86_64-linux-gnu/cmake/pcl/PCLConfig.cmake:570 (find_external_library)
  /opt/ros/jazzy/share/pcl_conversions/cmake/ament_cmake_export_dependencies-extras.cmake:21 (find_package)
  /opt/ros/jazzy/share/pcl_conversions/cmake/pcl_conversionsConfig.cmake:41 (include)
  /opt/ros/jazzy/share/pcl_ros/cmake/ament_cmake_export_dependencies-extras.cmake:21 (find_package)
  /opt/ros/jazzy/share/pcl_ros/cmake/pcl_rosConfig.cmake:41 (include)
  CMakeLists.txt:90 (find_package)
This warning is for project developers.  Use -Wno-dev to suppress it.
[0m
-- Found flann version 1.9.2
-- Found OpenMP_CXX: -fopenmp (found version "4.5") 
-- Found OpenMP: TRUE (found version "4.5") found components: CXX 
-- Checking for module 'libusb-1.0'
--   Found libusb-1.0, version 1.0.27
-- Found libusb: /usr/lib/x86_64-linux-gnu/libusb-1.0.so  
-- OpenNI found (version: 1.5.4.0, include: /usr/include/ni, lib: /usr/lib/libOpenNI.so;libusb::libusb)
-- OpenNI2 found (version: 2.2.0.33, include: /usr/include/openni2, lib: /usr/lib/x86_64-linux-gnu/libOpenNI2.so;libusb::libusb)
-- Could NOT find Pcap (missing: PCAP_LIBRARIES PCAP_INCLUDE_DIRS) 
-- Found ZLIB: /usr/lib/x86_64-linux-gnu/libz.so (found version "1.3")  
-- Found PNG: /usr/lib/x86_64-linux-gnu/libpng.so (found version "1.6.43") 
-- OpenNI found (version: 1.5.4.0, include: /usr/include/ni, lib: /usr/lib/libOpenNI.so;libusb::libusb)
-- OpenNI2 found (version: 2.2.0.33, include: /usr/include/openni2, lib: /usr/lib/x86_64-linux-gnu/libOpenNI2.so;libusb::libusb)
-- Found Qhull version 8.0.2
-- OpenNI found (version: 1.5.4.0, include: /usr/include/ni, lib: /usr/lib/libOpenNI.so;libusb::libusb)
-- Found PCL_COMMON: /usr/lib/x86_64-linux-gnu/libpcl_common.so  
-- Found PCL_KDTREE: /usr/lib/x86_64-linux-gnu/libpcl_kdtree.so  
-- Found PCL_OCTREE: /usr/lib/x86_64-linux-gnu/libpcl_octree.so  
-- Found PCL_SEARCH: /usr/lib/x86_64-linux-gnu/libpcl_search.so  
-- Found PCL_SAMPLE_CONSENSUS: /usr/lib/x86_64-linux-gnu/libpcl_sample_consensus.so  
-- Found PCL_FILTERS: /usr/lib/x86_64-linux-gnu/libpcl_filters.so  
-- Found PCL_2D: /usr/include/pcl-1.14  
-- Found PCL_GEOMETRY: /usr/include/pcl-1.14  
-- Found PCL_IO: /usr/lib/x86_64-linux-gnu/libpcl_io.so  
-- Found PCL_FEATURES: /usr/lib/x86_64-linux-gnu/libpcl_features.so  
-- Found PCL_ML: /usr/lib/x86_64-linux-gnu/libpcl_ml.so  
-- Found PCL_SEGMENTATION: /usr/lib/x86_64-linux-gnu/libpcl_segmentation.so  
-- Found PCL_VISUALIZATION: /usr/lib/x86_64-linux-gnu/libpcl_visualization.so  
-- Found PCL_SURFACE: /usr/lib/x86_64-linux-gnu/libpcl_surface.so  
-- Found PCL_REGISTRATION: /usr/lib/x86_64-linux-gnu/libpcl_registration.so  
-- Found PCL_KEYPOINTS: /usr/lib/x86_64-linux-gnu/libpcl_keypoints.so  
-- Found PCL_TRACKING: /usr/lib/x86_64-linux-gnu/libpcl_tracking.so  
-- Found PCL_RECOGNITION: /usr/lib/x86_64-linux-gnu/libpcl_recognition.so  
-- Found PCL_STEREO: /usr/lib/x86_64-linux-gnu/libpcl_stereo.so  
-- Found PCL_APPS: /usr/lib/x86_64-linux-gnu/libpcl_apps.so  
-- Found PCL_IN_HAND_SCANNER: /usr/include/pcl-1.14  
-- Found PCL_MODELER: /usr/include/pcl-1.14  
-- Found PCL_POINT_CLOUD_EDITOR: /usr/include/pcl-1.14  
-- Found PCL_OUTOFCORE: /usr/lib/x86_64-linux-gnu/libpcl_outofcore.so  
-- Found PCL_PEOPLE: /usr/lib/x86_64-linux-gnu/libpcl_people.so  
-- Found eigen3_cmake_module: 0.3.0 (/opt/ros/jazzy/share/eigen3_cmake_module/cmake)
-- Found Eigen3: TRUE (found version "3.4.0") 
-- Ensuring Eigen3 include directory is part of orocos-kdl CMake target
-- Found livox_ros_driver2: 1.0.0 (/home/fire/Desktop/fast_livo2_ws/install/livox_ros_driver2/share/livox_ros_driver2/cmake)
-- Found vikit_ros: 0.0.0 (/home/fire/Desktop/fast_livo2_ws/install/vikit_ros/share/vikit_ros/cmake)
-- Found cv_bridge: 4.1.0 (/opt/ros/jazzy/share/cv_bridge/cmake)
-- Found image_transport: 5.1.7 (/opt/ros/jazzy/share/image_transport/cmake)
-- Found TinyXML2 via Config file: /usr/lib/x86_64-linux-gnu/cmake/tinyxml2
[33mCMake Warning (dev) at CMakeLists.txt:99 (find_package):
  Policy CMP0074 is not set: find_package uses <PackageName>_ROOT variables.
  Run "cmake --help-policy CMP0074" for policy details.  Use the cmake_policy
  command to set the policy and suppress this warning.

  CMake variable PCL_ROOT is set to:

    /usr

  For compatibility, CMake is ignoring the variable.
This warning is for project developers.  Use -Wno-dev to suppress it.
[0m
-- Found OpenCV: /usr (found version "4.6.0") 
-- Found Eigen3: TRUE (found suitable version "3.4.0", minimum required is "3.4.0") 
-- Found Boost: /usr/lib/x86_64-linux-gnu/cmake/Boost-1.83.0/BoostConfig.cmake (found version "1.83.0") found components: thread 
-- Configuring done (5.2s)
-- Generating done (0.2s)
-- Build files have been written to: /home/fire/Desktop/fast_livo2_ws/build/fast_livo
[ 12%] [32mBuilding CXX object CMakeFiles/vio.dir/src/frame.cpp.o[0m
[ 12%] [32mBuilding CXX object CMakeFiles/vio.dir/src/vio.cpp.o[0m
[ 18%] [32mBuilding CXX object CMakeFiles/vio.dir/src/visual_point.cpp.o[0m
[ 37%] [32mBuilding CXX object CMakeFiles/laser_mapping.dir/src/LIVMapper.cpp.o[0m
[ 37%] [32mBuilding CXX object CMakeFiles/utils.dir/src/utils.cpp.o[0m
[ 37%] [32mBuilding CXX object CMakeFiles/pre.dir/src/preprocess.cpp.o[0m
[ 43%] [32mBuilding CXX object CMakeFiles/imu_proc.dir/src/IMU_Processing.cpp.o[0m
[ 50%] [32m[1mLinking CXX static library libutils.a[0m
[ 50%] Built target utils
[ 56%] [32mBuilding CXX object CMakeFiles/lio.dir/src/voxel_map.cpp.o[0m
In file included from [01m[K/home/fire/Desktop/fast_livo2_ws/install/vikit_ros/include/vikit/camera_loader.h:20[m[K,
                 from [01m[K/home/fire/Desktop/fast_livo2_ws/src/FAST-LIVO2/include/LIVMapper.h:28[m[K,
                 from [01m[K/home/fire/Desktop/fast_livo2_ws/src/FAST-LIVO2/src/LIVMapper.cpp:13[m[K:
[01m[K/home/fire/Desktop/fast_livo2_ws/install/vikit_ros/include/vikit/params_helper.h:[m[K In function ‘[01m[KT vk::[01;32m[KgetParam[m[K(const std::string&, const std::string&, const T&)[m[K’:
[01m[K/home/fire/Desktop/fast_livo2_ws/install/vikit_ros/include/vikit/params_helper.h:35:48:[m[K [01;35m[Kwarning: [m[Kignoring attributes on template argument ‘[01m[Kint (*)(FILE*)[m[K’ [[01;35m[K]8;;https://gcc.gnu.org/onlinedocs/gcc/Warning-Options.html#index-Wignored-attributes-Wignored-attributes]8;;[m[K]
   35 |         std::unique_ptr<FILE, decltype(&pclose)[01;35m[K>[m[K pipe(popen(command.c_str(), "r"), pclose);
      |                                                [01;35m[K^[m[K
[ 62%] [32m[1mLinking CXX static library libpre.a[0m
[ 62%] Built target pre
[ 68%] [32m[1mLinking CXX static library libimu_proc.a[0m
[ 68%] Built target imu_proc
[ 75%] [32m[1mLinking CXX static library libvio.a[0m
[ 75%] Built target vio
[ 81%] [32m[1mLinking CXX static library liblio.a[0m
[ 81%] Built target lio
[ 87%] [32m[1mLinking CXX static library liblaser_mapping.a[0m
[ 87%] Built target laser_mapping
[ 93%] [32mBuilding CXX object CMakeFiles/fastlivo_mapping.dir/src/main.cpp.o[0m
In file included from [01m[K/home/fire/Desktop/fast_livo2_ws/install/vikit_ros/include/vikit/camera_loader.h:20[m[K,
                 from [01m[K/home/fire/Desktop/fast_livo2_ws/src/FAST-LIVO2/include/LIVMapper.h:28[m[K,
                 from [01m[K/home/fire/Desktop/fast_livo2_ws/src/FAST-LIVO2/src/main.cpp:1[m[K:
[01m[K/home/fire/Desktop/fast_livo2_ws/install/vikit_ros/include/vikit/params_helper.h:[m[K In function ‘[01m[KT vk::[01;32m[KgetParam[m[K(const std::string&, const std::string&, const T&)[m[K’:
[01m[K/home/fire/Desktop/fast_livo2_ws/install/vikit_ros/include/vikit/params_helper.h:35:48:[m[K [01;35m[Kwarning: [m[Kignoring attributes on template argument ‘[01m[Kint (*)(FILE*)[m[K’ [[01;35m[K]8;;https://gcc.gnu.org/onlinedocs/gcc/Warning-Options.html#index-Wignored-attributes-Wignored-attributes]8;;[m[K]
   35 |         std::unique_ptr<FILE, decltype(&pclose)[01;35m[K>[m[K pipe(popen(command.c_str(), "r"), pclose);
      |                                                [01;35m[K^[m[K
[100%] [32m[1mLinking CXX executable fastlivo_mapping[0m
[100%] Built target fastlivo_mapping
-- Install configuration: "Release"
-- Installing: /home/fire/Desktop/fast_livo2_ws/install/fast_livo/lib/fast_livo/fastlivo_mapping
-- Set non-toolchain portion of runtime path of "/home/fire/Desktop/fast_livo2_ws/install/fast_livo/lib/fast_livo/fastlivo_mapping" to ""
-- Installing: /home/fire/Desktop/fast_livo2_ws/install/fast_livo/share/fast_livo/config
-- Installing: /home/fire/Desktop/fast_livo2_ws/install/fast_livo/share/fast_livo/config/d405.yaml
-- Installing: /home/fire/Desktop/fast_livo2_ws/install/fast_livo/share/fast_livo/config/mid360.yaml
-- Installing: /home/fire/Desktop/fast_livo2_ws/install/fast_livo/share/fast_livo/config/livo.yaml
-- Installing: /home/fire/Desktop/fast_livo2_ws/install/fast_livo/share/fast_livo/launch
-- Installing: /home/fire/Desktop/fast_livo2_ws/install/fast_livo/share/fast_livo/launch/mapping.launch.py
-- Installing: /home/fire/Desktop/fast_livo2_ws/install/fast_livo/share/fast_livo/rviz_cfg
-- Installing: /home/fire/Desktop/fast_livo2_ws/install/fast_livo/share/fast_livo/rviz_cfg/M300.rviz
-- Installing: /home/fire/Desktop/fast_livo2_ws/install/fast_livo/share/fast_livo/rviz_cfg/fast_livo2.rviz
-- Installing: /home/fire/Desktop/fast_livo2_ws/install/fast_livo/share/ament_index/resource_index/package_run_dependencies/fast_livo
-- Installing: /home/fire/Desktop/fast_livo2_ws/install/fast_livo/share/ament_index/resource_index/parent_prefix_path/fast_livo
-- Installing: /home/fire/Desktop/fast_livo2_ws/install/fast_livo/share/fast_livo/environment/ament_prefix_path.sh
-- Installing: /home/fire/Desktop/fast_livo2_ws/install/fast_livo/share/fast_livo/environment/ament_prefix_path.dsv
-- Installing: /home/fire/Desktop/fast_livo2_ws/install/fast_livo/share/fast_livo/environment/path.sh
-- Installing: /home/fire/Desktop/fast_livo2_ws/install/fast_livo/share/fast_livo/environment/path.dsv
-- Installing: /home/fire/Desktop/fast_livo2_ws/install/fast_livo/share/fast_livo/local_setup.bash
-- Installing: /home/fire/Desktop/fast_livo2_ws/install/fast_livo/share/fast_livo/local_setup.sh
-- Installing: /home/fire/Desktop/fast_livo2_ws/install/fast_livo/share/fast_livo/local_setup.zsh
-- Installing: /home/fire/Desktop/fast_livo2_ws/install/fast_livo/share/fast_livo/local_setup.dsv
-- Installing: /home/fire/Desktop/fast_livo2_ws/install/fast_livo/share/fast_livo/package.dsv
-- Installing: /home/fire/Desktop/fast_livo2_ws/install/fast_livo/share/ament_index/resource_index/packages/fast_livo
-- Installing: /home/fire/Desktop/fast_livo2_ws/install/fast_livo/share/fast_livo/cmake/ament_cmake_export_dependencies-extras.cmake
-- Installing: /home/fire/Desktop/fast_livo2_ws/install/fast_livo/share/fast_livo/cmake/fast_livoConfig.cmake
-- Installing: /home/fire/Desktop/fast_livo2_ws/install/fast_livo/share/fast_livo/cmake/fast_livoConfig-version.cmake
-- Installing: /home/fire/Desktop/fast_livo2_ws/install/fast_livo/share/fast_livo/package.xml
