[0.008s] Invoking command in '/home/fire/Desktop/fast_livo2_ws/build/fast_livo': AMENT_PREFIX_PATH=/home/fire/Desktop/fast_livo2_ws/install/vikit_ros:/home/fire/Desktop/fast_livo2_ws/install/livox_ros_driver2:${AMENT_PREFIX_PATH} CMAKE_PREFIX_PATH=/home/fire/Desktop/fast_livo2_ws/install/vikit_ros:/home/fire/Desktop/fast_livo2_ws/install/livox_ros_driver2:/opt/ros/jazzy/opt/gz_sim_vendor:/opt/ros/jazzy/opt/gz_sensors_vendor:/opt/ros/jazzy/opt/gz_physics_vendor:/opt/ros/jazzy/opt/sdformat_vendor:/opt/ros/jazzy/opt/gz_gui_vendor:/opt/ros/jazzy/opt/gz_transport_vendor:/opt/ros/jazzy/opt/gz_rendering_vendor:/opt/ros/jazzy/opt/gz_plugin_vendor:/opt/ros/jazzy/opt/gz_fuel_tools_vendor:/opt/ros/jazzy/opt/gz_msgs_vendor:/opt/ros/jazzy/opt/gz_common_vendor:/opt/ros/jazzy/opt/gz_math_vendor:/opt/ros/jazzy/opt/gz_utils_vendor:/opt/ros/jazzy/opt/gz_tools_vendor:/opt/ros/jazzy/opt/gz_ogre_next_vendor:/opt/ros/jazzy/opt/gz_dartsim_vendor:/opt/ros/jazzy/opt/gz_cmake_vendor:/opt/ros/jazzy DEBUGINFOD_URLS=https://debuginfod.ubuntu.com LD_LIBRARY_PATH=/home/fire/Desktop/fast_livo2_ws/install/vikit_ros/lib:/home/fire/Desktop/fast_livo2_ws/install/vikit_common/lib:/home/fire/Desktop/fast_livo2_ws/install/livox_ros_driver2/lib:${LD_LIBRARY_PATH} PKG_CONFIG_PATH=/home/fire/Desktop/fast_livo2_ws/install/vikit_common/lib/x86_64-linux-gnu/pkgconfig:/home/fire/Desktop/fast_livo2_ws/install/vikit_common/lib/pkgconfig PYTHONPATH=/home/fire/Desktop/fast_livo2_ws/install/livox_ros_driver2/lib/python3.12/site-packages:${PYTHONPATH} ROS_PACKAGE_PATH=/home/fire/Desktop/fast_livo2_ws/install/vikit_common/share /usr/bin/cmake /home/fire/Desktop/fast_livo2_ws/src/FAST-LIVO2 -DCMAKE_INSTALL_PREFIX=/home/fire/Desktop/fast_livo2_ws/install/fast_livo
[0.048s] -- The C compiler identification is GNU 13.3.0
[0.090s] -- The CXX compiler identification is GNU 13.3.0
[0.102s] -- Detecting C compiler ABI info
[0.162s] -- Detecting C compiler ABI info - done
[0.167s] -- Check for working C compiler: /usr/bin/cc - skipped
[0.167s] -- Detecting C compile features
[0.168s] -- Detecting C compile features - done
[0.175s] -- Detecting CXX compiler ABI info
[0.245s] -- Detecting CXX compiler ABI info - done
[0.252s] -- Check for working CXX compiler: /usr/bin/c++ - skipped
[0.252s] -- Detecting CXX compile features
[0.252s] -- Detecting CXX compile features - done
[0.252s] -- Build Type: Release
[0.252s] -- Current CPU architecture: x86_64
[0.252s] -- Using general x86 optimizations: -O3 -march=native -mtune=native -funroll-loops
[0.256s] -- Processor count: 24
[0.256s] -- Multithreading enabled. Cores: 4
[0.514s] -- OpenMP found
[0.520s] -- mimalloc not found, proceeding without it
[0.522s] -- Found ament_cmake: 2.5.5 (/opt/ros/jazzy/share/ament_cmake/cmake)
[0.614s] -- Found Python3: /usr/bin/python3 (found version "3.12.3") found components: Interpreter 
[0.679s] -- Found rclcpp: 28.1.16 (/opt/ros/jazzy/share/rclcpp/cmake)
[0.707s] -- Found rosidl_generator_c: 4.6.7 (/opt/ros/jazzy/share/rosidl_generator_c/cmake)
[0.715s] -- Found rosidl_generator_cpp: 4.6.7 (/opt/ros/jazzy/share/rosidl_generator_cpp/cmake)
[0.726s] -- Using all available rosidl_typesupport_c: rosidl_typesupport_fastrtps_c;rosidl_typesupport_introspection_c
[0.738s] -- Using all available rosidl_typesupport_cpp: rosidl_typesupport_fastrtps_cpp;rosidl_typesupport_introspection_cpp
[0.786s] -- Found rmw_implementation_cmake: 7.3.3 (/opt/ros/jazzy/share/rmw_implementation_cmake/cmake)
[0.788s] -- Found rmw_cyclonedds_cpp: 2.2.3 (/opt/ros/jazzy/share/rmw_cyclonedds_cpp/cmake)
[0.807s] -- Using RMW implementation 'rmw_cyclonedds_cpp' as default
[0.848s] -- Found rclpy: 7.1.9 (/opt/ros/jazzy/share/rclpy/cmake)
[0.850s] -- Found geometry_msgs: 5.3.6 (/opt/ros/jazzy/share/geometry_msgs/cmake)
[0.870s] -- Found nav_msgs: 5.3.6 (/opt/ros/jazzy/share/nav_msgs/cmake)
[0.887s] -- Found sensor_msgs: 5.3.6 (/opt/ros/jazzy/share/sensor_msgs/cmake)
[0.902s] -- Found visualization_msgs: 5.3.6 (/opt/ros/jazzy/share/visualization_msgs/cmake)
[0.934s] -- Found pcl_ros: 2.6.2 (/opt/ros/jazzy/share/pcl_ros/cmake)
[1.057s] [33mCMake Warning (dev) at /usr/lib/x86_64-linux-gnu/cmake/pcl/Modules/FindFLANN.cmake:45 (find_package):
[1.057s]   Policy CMP0144 is not set: find_package uses upper-case <PACKAGENAME>_ROOT
[1.057s]   variables.  Run "cmake --help-policy CMP0144" for policy details.  Use the
[1.057s]   cmake_policy command to set the policy and suppress this warning.
[1.057s] 
[1.057s]   CMake variable FLANN_ROOT is set to:
[1.057s] 
[1.058s]     /usr
[1.058s] 
[1.058s]   For compatibility, find_package is ignoring the variable, but code in a
[1.058s]   .cmake module might still use it.
[1.058s] Call Stack (most recent call first):
[1.058s]   /usr/lib/x86_64-linux-gnu/cmake/pcl/PCLConfig.cmake:261 (find_package)
[1.058s]   /usr/lib/x86_64-linux-gnu/cmake/pcl/PCLConfig.cmake:306 (find_flann)
[1.058s]   /usr/lib/x86_64-linux-gnu/cmake/pcl/PCLConfig.cmake:570 (find_external_library)
[1.058s]   /opt/ros/jazzy/share/pcl_conversions/cmake/ament_cmake_export_dependencies-extras.cmake:21 (find_package)
[1.058s]   /opt/ros/jazzy/share/pcl_conversions/cmake/pcl_conversionsConfig.cmake:41 (include)
[1.058s]   /opt/ros/jazzy/share/pcl_ros/cmake/ament_cmake_export_dependencies-extras.cmake:21 (find_package)
[1.058s]   /opt/ros/jazzy/share/pcl_ros/cmake/pcl_rosConfig.cmake:41 (include)
[1.058s]   CMakeLists.txt:90 (find_package)
[1.058s] This warning is for project developers.  Use -Wno-dev to suppress it.
[1.059s] [0m
[1.059s] -- Found flann version 1.9.2
[1.061s] -- Found OpenMP_CXX: -fopenmp (found version "4.5") 
[1.061s] -- Found OpenMP: TRUE (found version "4.5") found components: CXX 
[2.642s] -- Checking for module 'libusb-1.0'
[2.663s] --   Found libusb-1.0, version 1.0.27
[2.706s] -- Found libusb: /usr/lib/x86_64-linux-gnu/libusb-1.0.so  
[2.707s] -- OpenNI found (version: 1.5.4.0, include: /usr/include/ni, lib: /usr/lib/libOpenNI.so;libusb::libusb)
[2.777s] -- OpenNI2 found (version: 2.2.0.33, include: /usr/include/openni2, lib: /usr/lib/x86_64-linux-gnu/libOpenNI2.so;libusb::libusb)
[2.781s] -- Could NOT find Pcap (missing: PCAP_LIBRARIES PCAP_INCLUDE_DIRS) 
[2.799s] -- Found ZLIB: /usr/lib/x86_64-linux-gnu/libz.so (found version "1.3")  
[2.823s] -- Found PNG: /usr/lib/x86_64-linux-gnu/libpng.so (found version "1.6.43") 
[3.371s] -- OpenNI found (version: 1.5.4.0, include: /usr/include/ni, lib: /usr/lib/libOpenNI.so;libusb::libusb)
[3.379s] -- OpenNI2 found (version: 2.2.0.33, include: /usr/include/openni2, lib: /usr/lib/x86_64-linux-gnu/libOpenNI2.so;libusb::libusb)
[3.891s] -- Found Qhull version 8.0.2
[4.353s] -- OpenNI found (version: 1.5.4.0, include: /usr/include/ni, lib: /usr/lib/libOpenNI.so;libusb::libusb)
[4.693s] -- Found PCL_COMMON: /usr/lib/x86_64-linux-gnu/libpcl_common.so  
[4.694s] -- Found PCL_KDTREE: /usr/lib/x86_64-linux-gnu/libpcl_kdtree.so  
[4.695s] -- Found PCL_OCTREE: /usr/lib/x86_64-linux-gnu/libpcl_octree.so  
[4.695s] -- Found PCL_SEARCH: /usr/lib/x86_64-linux-gnu/libpcl_search.so  
[4.696s] -- Found PCL_SAMPLE_CONSENSUS: /usr/lib/x86_64-linux-gnu/libpcl_sample_consensus.so  
[4.698s] -- Found PCL_FILTERS: /usr/lib/x86_64-linux-gnu/libpcl_filters.so  
[4.698s] -- Found PCL_2D: /usr/include/pcl-1.14  
[4.698s] -- Found PCL_GEOMETRY: /usr/include/pcl-1.14  
[4.699s] -- Found PCL_IO: /usr/lib/x86_64-linux-gnu/libpcl_io.so  
[4.700s] -- Found PCL_FEATURES: /usr/lib/x86_64-linux-gnu/libpcl_features.so  
[4.701s] -- Found PCL_ML: /usr/lib/x86_64-linux-gnu/libpcl_ml.so  
[4.702s] -- Found PCL_SEGMENTATION: /usr/lib/x86_64-linux-gnu/libpcl_segmentation.so  
[4.703s] -- Found PCL_VISUALIZATION: /usr/lib/x86_64-linux-gnu/libpcl_visualization.so  
[4.704s] -- Found PCL_SURFACE: /usr/lib/x86_64-linux-gnu/libpcl_surface.so  
[4.705s] -- Found PCL_REGISTRATION: /usr/lib/x86_64-linux-gnu/libpcl_registration.so  
[4.706s] -- Found PCL_KEYPOINTS: /usr/lib/x86_64-linux-gnu/libpcl_keypoints.so  
[4.707s] -- Found PCL_TRACKING: /usr/lib/x86_64-linux-gnu/libpcl_tracking.so  
[4.708s] -- Found PCL_RECOGNITION: /usr/lib/x86_64-linux-gnu/libpcl_recognition.so  
[4.709s] -- Found PCL_STEREO: /usr/lib/x86_64-linux-gnu/libpcl_stereo.so  
[4.710s] -- Found PCL_APPS: /usr/lib/x86_64-linux-gnu/libpcl_apps.so  
[4.711s] -- Found PCL_IN_HAND_SCANNER: /usr/include/pcl-1.14  
[4.711s] -- Found PCL_MODELER: /usr/include/pcl-1.14  
[4.711s] -- Found PCL_POINT_CLOUD_EDITOR: /usr/include/pcl-1.14  
[4.712s] -- Found PCL_OUTOFCORE: /usr/lib/x86_64-linux-gnu/libpcl_outofcore.so  
[4.713s] -- Found PCL_PEOPLE: /usr/lib/x86_64-linux-gnu/libpcl_people.so  
[4.861s] -- Found eigen3_cmake_module: 0.3.0 (/opt/ros/jazzy/share/eigen3_cmake_module/cmake)
[4.862s] -- Found Eigen3: TRUE (found version "3.4.0") 
[4.862s] -- Ensuring Eigen3 include directory is part of orocos-kdl CMake target
[4.867s] -- Found livox_ros_driver2: 1.0.0 (/home/fire/Desktop/fast_livo2_ws/install/livox_ros_driver2/share/livox_ros_driver2/cmake)
[4.898s] -- Found vikit_ros: 0.0.0 (/home/fire/Desktop/fast_livo2_ws/install/vikit_ros/share/vikit_ros/cmake)
[4.907s] -- Found cv_bridge: 4.1.0 (/opt/ros/jazzy/share/cv_bridge/cmake)
[4.920s] -- Found image_transport: 5.1.7 (/opt/ros/jazzy/share/image_transport/cmake)
[4.932s] -- Found TinyXML2 via Config file: /usr/lib/x86_64-linux-gnu/cmake/tinyxml2
[4.934s] [33mCMake Warning (dev) at CMakeLists.txt:99 (find_package):
[4.934s]   Policy CMP0074 is not set: find_package uses <PackageName>_ROOT variables.
[4.934s]   Run "cmake --help-policy CMP0074" for policy details.  Use the cmake_policy
[4.934s]   command to set the policy and suppress this warning.
[4.934s] 
[4.934s]   CMake variable PCL_ROOT is set to:
[4.934s] 
[4.934s]     /usr
[4.934s] 
[4.934s]   For compatibility, CMake is ignoring the variable.
[4.934s] This warning is for project developers.  Use -Wno-dev to suppress it.
[4.934s] [0m
[4.943s] -- Found OpenCV: /usr (found version "4.6.0") 
[4.947s] -- Found Eigen3: TRUE (found suitable version "3.4.0", minimum required is "3.4.0") 
[4.959s] -- Found Boost: /usr/lib/x86_64-linux-gnu/cmake/Boost-1.83.0/BoostConfig.cmake (found version "1.83.0") found components: thread 
[5.176s] -- Configuring done (5.2s)
[5.420s] -- Generating done (0.2s)
[5.433s] -- Build files have been written to: /home/fire/Desktop/fast_livo2_ws/build/fast_livo
[5.453s] Invoked command in '/home/fire/Desktop/fast_livo2_ws/build/fast_livo' returned '0': AMENT_PREFIX_PATH=/home/fire/Desktop/fast_livo2_ws/install/vikit_ros:/home/fire/Desktop/fast_livo2_ws/install/livox_ros_driver2:${AMENT_PREFIX_PATH} CMAKE_PREFIX_PATH=/home/fire/Desktop/fast_livo2_ws/install/vikit_ros:/home/fire/Desktop/fast_livo2_ws/install/livox_ros_driver2:/opt/ros/jazzy/opt/gz_sim_vendor:/opt/ros/jazzy/opt/gz_sensors_vendor:/opt/ros/jazzy/opt/gz_physics_vendor:/opt/ros/jazzy/opt/sdformat_vendor:/opt/ros/jazzy/opt/gz_gui_vendor:/opt/ros/jazzy/opt/gz_transport_vendor:/opt/ros/jazzy/opt/gz_rendering_vendor:/opt/ros/jazzy/opt/gz_plugin_vendor:/opt/ros/jazzy/opt/gz_fuel_tools_vendor:/opt/ros/jazzy/opt/gz_msgs_vendor:/opt/ros/jazzy/opt/gz_common_vendor:/opt/ros/jazzy/opt/gz_math_vendor:/opt/ros/jazzy/opt/gz_utils_vendor:/opt/ros/jazzy/opt/gz_tools_vendor:/opt/ros/jazzy/opt/gz_ogre_next_vendor:/opt/ros/jazzy/opt/gz_dartsim_vendor:/opt/ros/jazzy/opt/gz_cmake_vendor:/opt/ros/jazzy DEBUGINFOD_URLS=https://debuginfod.ubuntu.com LD_LIBRARY_PATH=/home/fire/Desktop/fast_livo2_ws/install/vikit_ros/lib:/home/fire/Desktop/fast_livo2_ws/install/vikit_common/lib:/home/fire/Desktop/fast_livo2_ws/install/livox_ros_driver2/lib:${LD_LIBRARY_PATH} PKG_CONFIG_PATH=/home/fire/Desktop/fast_livo2_ws/install/vikit_common/lib/x86_64-linux-gnu/pkgconfig:/home/fire/Desktop/fast_livo2_ws/install/vikit_common/lib/pkgconfig PYTHONPATH=/home/fire/Desktop/fast_livo2_ws/install/livox_ros_driver2/lib/python3.12/site-packages:${PYTHONPATH} ROS_PACKAGE_PATH=/home/fire/Desktop/fast_livo2_ws/install/vikit_common/share /usr/bin/cmake /home/fire/Desktop/fast_livo2_ws/src/FAST-LIVO2 -DCMAKE_INSTALL_PREFIX=/home/fire/Desktop/fast_livo2_ws/install/fast_livo
[5.454s] Invoking command in '/home/fire/Desktop/fast_livo2_ws/build/fast_livo': AMENT_PREFIX_PATH=/home/fire/Desktop/fast_livo2_ws/install/vikit_ros:/home/fire/Desktop/fast_livo2_ws/install/livox_ros_driver2:${AMENT_PREFIX_PATH} CMAKE_PREFIX_PATH=/home/fire/Desktop/fast_livo2_ws/install/vikit_ros:/home/fire/Desktop/fast_livo2_ws/install/livox_ros_driver2:/opt/ros/jazzy/opt/gz_sim_vendor:/opt/ros/jazzy/opt/gz_sensors_vendor:/opt/ros/jazzy/opt/gz_physics_vendor:/opt/ros/jazzy/opt/sdformat_vendor:/opt/ros/jazzy/opt/gz_gui_vendor:/opt/ros/jazzy/opt/gz_transport_vendor:/opt/ros/jazzy/opt/gz_rendering_vendor:/opt/ros/jazzy/opt/gz_plugin_vendor:/opt/ros/jazzy/opt/gz_fuel_tools_vendor:/opt/ros/jazzy/opt/gz_msgs_vendor:/opt/ros/jazzy/opt/gz_common_vendor:/opt/ros/jazzy/opt/gz_math_vendor:/opt/ros/jazzy/opt/gz_utils_vendor:/opt/ros/jazzy/opt/gz_tools_vendor:/opt/ros/jazzy/opt/gz_ogre_next_vendor:/opt/ros/jazzy/opt/gz_dartsim_vendor:/opt/ros/jazzy/opt/gz_cmake_vendor:/opt/ros/jazzy DEBUGINFOD_URLS=https://debuginfod.ubuntu.com LD_LIBRARY_PATH=/home/fire/Desktop/fast_livo2_ws/install/vikit_ros/lib:/home/fire/Desktop/fast_livo2_ws/install/vikit_common/lib:/home/fire/Desktop/fast_livo2_ws/install/livox_ros_driver2/lib:${LD_LIBRARY_PATH} PKG_CONFIG_PATH=/home/fire/Desktop/fast_livo2_ws/install/vikit_common/lib/x86_64-linux-gnu/pkgconfig:/home/fire/Desktop/fast_livo2_ws/install/vikit_common/lib/pkgconfig PYTHONPATH=/home/fire/Desktop/fast_livo2_ws/install/livox_ros_driver2/lib/python3.12/site-packages:${PYTHONPATH} ROS_PACKAGE_PATH=/home/fire/Desktop/fast_livo2_ws/install/vikit_common/share /usr/bin/cmake --build /home/fire/Desktop/fast_livo2_ws/build/fast_livo -- -j24 -l24
[5.498s] [ 12%] [32mBuilding CXX object CMakeFiles/vio.dir/src/frame.cpp.o[0m
[5.498s] [ 12%] [32mBuilding CXX object CMakeFiles/vio.dir/src/vio.cpp.o[0m
[5.498s] [ 18%] [32mBuilding CXX object CMakeFiles/vio.dir/src/visual_point.cpp.o[0m
[5.501s] [ 37%] [32mBuilding CXX object CMakeFiles/laser_mapping.dir/src/LIVMapper.cpp.o[0m
[5.501s] [ 37%] [32mBuilding CXX object CMakeFiles/utils.dir/src/utils.cpp.o[0m
[5.501s] [ 37%] [32mBuilding CXX object CMakeFiles/pre.dir/src/preprocess.cpp.o[0m
[5.501s] [ 43%] [32mBuilding CXX object CMakeFiles/imu_proc.dir/src/IMU_Processing.cpp.o[0m
[5.825s] [ 50%] [32m[1mLinking CXX static library libutils.a[0m
[5.889s] [ 50%] Built target utils
[5.912s] [ 56%] [32mBuilding CXX object CMakeFiles/lio.dir/src/voxel_map.cpp.o[0m
[12.053s] In file included from [01m[K/home/fire/Desktop/fast_livo2_ws/install/vikit_ros/include/vikit/camera_loader.h:20[m[K,
[12.053s]                  from [01m[K/home/fire/Desktop/fast_livo2_ws/src/FAST-LIVO2/include/LIVMapper.h:28[m[K,
[12.053s]                  from [01m[K/home/fire/Desktop/fast_livo2_ws/src/FAST-LIVO2/src/LIVMapper.cpp:13[m[K:
[12.053s] [01m[K/home/fire/Desktop/fast_livo2_ws/install/vikit_ros/include/vikit/params_helper.h:[m[K In function ‘[01m[KT vk::[01;32m[KgetParam[m[K(const std::string&, const std::string&, const T&)[m[K’:
[12.053s] [01m[K/home/fire/Desktop/fast_livo2_ws/install/vikit_ros/include/vikit/params_helper.h:35:48:[m[K [01;35m[Kwarning: [m[Kignoring attributes on template argument ‘[01m[Kint (*)(FILE*)[m[K’ [[01;35m[K]8;;https://gcc.gnu.org/onlinedocs/gcc/Warning-Options.html#index-Wignored-attributes-Wignored-attributes]8;;[m[K]
[12.053s]    35 |         std::unique_ptr<FILE, decltype(&pclose)[01;35m[K>[m[K pipe(popen(command.c_str(), "r"), pclose);
[12.053s]       |                                                [01;35m[K^[m[K
[15.092s] [ 62%] [32m[1mLinking CXX static library libpre.a[0m
[15.152s] [ 62%] Built target pre
[18.120s] [ 68%] [32m[1mLinking CXX static library libimu_proc.a[0m
[18.172s] [ 68%] Built target imu_proc
[22.430s] [ 75%] [32m[1mLinking CXX static library libvio.a[0m
[22.478s] [ 75%] Built target vio
[25.668s] [ 81%] [32m[1mLinking CXX static library liblio.a[0m
[25.707s] [ 81%] Built target lio
[37.056s] [ 87%] [32m[1mLinking CXX static library liblaser_mapping.a[0m
[37.125s] [ 87%] Built target laser_mapping
[37.142s] [ 93%] [32mBuilding CXX object CMakeFiles/fastlivo_mapping.dir/src/main.cpp.o[0m
[40.833s] In file included from [01m[K/home/fire/Desktop/fast_livo2_ws/install/vikit_ros/include/vikit/camera_loader.h:20[m[K,
[40.834s]                  from [01m[K/home/fire/Desktop/fast_livo2_ws/src/FAST-LIVO2/include/LIVMapper.h:28[m[K,
[40.834s]                  from [01m[K/home/fire/Desktop/fast_livo2_ws/src/FAST-LIVO2/src/main.cpp:1[m[K:
[40.834s] [01m[K/home/fire/Desktop/fast_livo2_ws/install/vikit_ros/include/vikit/params_helper.h:[m[K In function ‘[01m[KT vk::[01;32m[KgetParam[m[K(const std::string&, const std::string&, const T&)[m[K’:
[40.834s] [01m[K/home/fire/Desktop/fast_livo2_ws/install/vikit_ros/include/vikit/params_helper.h:35:48:[m[K [01;35m[Kwarning: [m[Kignoring attributes on template argument ‘[01m[Kint (*)(FILE*)[m[K’ [[01;35m[K]8;;https://gcc.gnu.org/onlinedocs/gcc/Warning-Options.html#index-Wignored-attributes-Wignored-attributes]8;;[m[K]
[40.834s]    35 |         std::unique_ptr<FILE, decltype(&pclose)[01;35m[K>[m[K pipe(popen(command.c_str(), "r"), pclose);
[40.834s]       |                                                [01;35m[K^[m[K
[43.631s] [100%] [32m[1mLinking CXX executable fastlivo_mapping[0m
[44.562s] [100%] Built target fastlivo_mapping
[44.571s] Invoked command in '/home/fire/Desktop/fast_livo2_ws/build/fast_livo' returned '0': AMENT_PREFIX_PATH=/home/fire/Desktop/fast_livo2_ws/install/vikit_ros:/home/fire/Desktop/fast_livo2_ws/install/livox_ros_driver2:${AMENT_PREFIX_PATH} CMAKE_PREFIX_PATH=/home/fire/Desktop/fast_livo2_ws/install/vikit_ros:/home/fire/Desktop/fast_livo2_ws/install/livox_ros_driver2:/opt/ros/jazzy/opt/gz_sim_vendor:/opt/ros/jazzy/opt/gz_sensors_vendor:/opt/ros/jazzy/opt/gz_physics_vendor:/opt/ros/jazzy/opt/sdformat_vendor:/opt/ros/jazzy/opt/gz_gui_vendor:/opt/ros/jazzy/opt/gz_transport_vendor:/opt/ros/jazzy/opt/gz_rendering_vendor:/opt/ros/jazzy/opt/gz_plugin_vendor:/opt/ros/jazzy/opt/gz_fuel_tools_vendor:/opt/ros/jazzy/opt/gz_msgs_vendor:/opt/ros/jazzy/opt/gz_common_vendor:/opt/ros/jazzy/opt/gz_math_vendor:/opt/ros/jazzy/opt/gz_utils_vendor:/opt/ros/jazzy/opt/gz_tools_vendor:/opt/ros/jazzy/opt/gz_ogre_next_vendor:/opt/ros/jazzy/opt/gz_dartsim_vendor:/opt/ros/jazzy/opt/gz_cmake_vendor:/opt/ros/jazzy DEBUGINFOD_URLS=https://debuginfod.ubuntu.com LD_LIBRARY_PATH=/home/fire/Desktop/fast_livo2_ws/install/vikit_ros/lib:/home/fire/Desktop/fast_livo2_ws/install/vikit_common/lib:/home/fire/Desktop/fast_livo2_ws/install/livox_ros_driver2/lib:${LD_LIBRARY_PATH} PKG_CONFIG_PATH=/home/fire/Desktop/fast_livo2_ws/install/vikit_common/lib/x86_64-linux-gnu/pkgconfig:/home/fire/Desktop/fast_livo2_ws/install/vikit_common/lib/pkgconfig PYTHONPATH=/home/fire/Desktop/fast_livo2_ws/install/livox_ros_driver2/lib/python3.12/site-packages:${PYTHONPATH} ROS_PACKAGE_PATH=/home/fire/Desktop/fast_livo2_ws/install/vikit_common/share /usr/bin/cmake --build /home/fire/Desktop/fast_livo2_ws/build/fast_livo -- -j24 -l24
[44.572s] Invoking command in '/home/fire/Desktop/fast_livo2_ws/build/fast_livo': AMENT_PREFIX_PATH=/home/fire/Desktop/fast_livo2_ws/install/vikit_ros:/home/fire/Desktop/fast_livo2_ws/install/livox_ros_driver2:${AMENT_PREFIX_PATH} CMAKE_PREFIX_PATH=/home/fire/Desktop/fast_livo2_ws/install/vikit_ros:/home/fire/Desktop/fast_livo2_ws/install/livox_ros_driver2:/opt/ros/jazzy/opt/gz_sim_vendor:/opt/ros/jazzy/opt/gz_sensors_vendor:/opt/ros/jazzy/opt/gz_physics_vendor:/opt/ros/jazzy/opt/sdformat_vendor:/opt/ros/jazzy/opt/gz_gui_vendor:/opt/ros/jazzy/opt/gz_transport_vendor:/opt/ros/jazzy/opt/gz_rendering_vendor:/opt/ros/jazzy/opt/gz_plugin_vendor:/opt/ros/jazzy/opt/gz_fuel_tools_vendor:/opt/ros/jazzy/opt/gz_msgs_vendor:/opt/ros/jazzy/opt/gz_common_vendor:/opt/ros/jazzy/opt/gz_math_vendor:/opt/ros/jazzy/opt/gz_utils_vendor:/opt/ros/jazzy/opt/gz_tools_vendor:/opt/ros/jazzy/opt/gz_ogre_next_vendor:/opt/ros/jazzy/opt/gz_dartsim_vendor:/opt/ros/jazzy/opt/gz_cmake_vendor:/opt/ros/jazzy DEBUGINFOD_URLS=https://debuginfod.ubuntu.com LD_LIBRARY_PATH=/home/fire/Desktop/fast_livo2_ws/install/vikit_ros/lib:/home/fire/Desktop/fast_livo2_ws/install/vikit_common/lib:/home/fire/Desktop/fast_livo2_ws/install/livox_ros_driver2/lib:${LD_LIBRARY_PATH} PKG_CONFIG_PATH=/home/fire/Desktop/fast_livo2_ws/install/vikit_common/lib/x86_64-linux-gnu/pkgconfig:/home/fire/Desktop/fast_livo2_ws/install/vikit_common/lib/pkgconfig PYTHONPATH=/home/fire/Desktop/fast_livo2_ws/install/livox_ros_driver2/lib/python3.12/site-packages:${PYTHONPATH} ROS_PACKAGE_PATH=/home/fire/Desktop/fast_livo2_ws/install/vikit_common/share /usr/bin/cmake --install /home/fire/Desktop/fast_livo2_ws/build/fast_livo
[44.578s] -- Install configuration: "Release"
[44.578s] -- Installing: /home/fire/Desktop/fast_livo2_ws/install/fast_livo/lib/fast_livo/fastlivo_mapping
[44.579s] -- Set non-toolchain portion of runtime path of "/home/fire/Desktop/fast_livo2_ws/install/fast_livo/lib/fast_livo/fastlivo_mapping" to ""
[44.580s] -- Installing: /home/fire/Desktop/fast_livo2_ws/install/fast_livo/share/fast_livo/config
[44.580s] -- Installing: /home/fire/Desktop/fast_livo2_ws/install/fast_livo/share/fast_livo/config/d405.yaml
[44.580s] -- Installing: /home/fire/Desktop/fast_livo2_ws/install/fast_livo/share/fast_livo/config/mid360.yaml
[44.580s] -- Installing: /home/fire/Desktop/fast_livo2_ws/install/fast_livo/share/fast_livo/config/livo.yaml
[44.580s] -- Installing: /home/fire/Desktop/fast_livo2_ws/install/fast_livo/share/fast_livo/launch
[44.580s] -- Installing: /home/fire/Desktop/fast_livo2_ws/install/fast_livo/share/fast_livo/launch/mapping.launch.py
[44.580s] -- Installing: /home/fire/Desktop/fast_livo2_ws/install/fast_livo/share/fast_livo/rviz_cfg
[44.580s] -- Installing: /home/fire/Desktop/fast_livo2_ws/install/fast_livo/share/fast_livo/rviz_cfg/M300.rviz
[44.580s] -- Installing: /home/fire/Desktop/fast_livo2_ws/install/fast_livo/share/fast_livo/rviz_cfg/fast_livo2.rviz
[44.581s] -- Installing: /home/fire/Desktop/fast_livo2_ws/install/fast_livo/share/ament_index/resource_index/package_run_dependencies/fast_livo
[44.581s] -- Installing: /home/fire/Desktop/fast_livo2_ws/install/fast_livo/share/ament_index/resource_index/parent_prefix_path/fast_livo
[44.581s] -- Installing: /home/fire/Desktop/fast_livo2_ws/install/fast_livo/share/fast_livo/environment/ament_prefix_path.sh
[44.581s] -- Installing: /home/fire/Desktop/fast_livo2_ws/install/fast_livo/share/fast_livo/environment/ament_prefix_path.dsv
[44.581s] -- Installing: /home/fire/Desktop/fast_livo2_ws/install/fast_livo/share/fast_livo/environment/path.sh
[44.581s] -- Installing: /home/fire/Desktop/fast_livo2_ws/install/fast_livo/share/fast_livo/environment/path.dsv
[44.581s] -- Installing: /home/fire/Desktop/fast_livo2_ws/install/fast_livo/share/fast_livo/local_setup.bash
[44.581s] -- Installing: /home/fire/Desktop/fast_livo2_ws/install/fast_livo/share/fast_livo/local_setup.sh
[44.581s] -- Installing: /home/fire/Desktop/fast_livo2_ws/install/fast_livo/share/fast_livo/local_setup.zsh
[44.581s] -- Installing: /home/fire/Desktop/fast_livo2_ws/install/fast_livo/share/fast_livo/local_setup.dsv
[44.581s] -- Installing: /home/fire/Desktop/fast_livo2_ws/install/fast_livo/share/fast_livo/package.dsv
[44.581s] -- Installing: /home/fire/Desktop/fast_livo2_ws/install/fast_livo/share/ament_index/resource_index/packages/fast_livo
[44.581s] -- Installing: /home/fire/Desktop/fast_livo2_ws/install/fast_livo/share/fast_livo/cmake/ament_cmake_export_dependencies-extras.cmake
[44.581s] -- Installing: /home/fire/Desktop/fast_livo2_ws/install/fast_livo/share/fast_livo/cmake/fast_livoConfig.cmake
[44.581s] -- Installing: /home/fire/Desktop/fast_livo2_ws/install/fast_livo/share/fast_livo/cmake/fast_livoConfig-version.cmake
[44.581s] -- Installing: /home/fire/Desktop/fast_livo2_ws/install/fast_livo/share/fast_livo/package.xml
[44.582s] Invoked command in '/home/fire/Desktop/fast_livo2_ws/build/fast_livo' returned '0': AMENT_PREFIX_PATH=/home/fire/Desktop/fast_livo2_ws/install/vikit_ros:/home/fire/Desktop/fast_livo2_ws/install/livox_ros_driver2:${AMENT_PREFIX_PATH} CMAKE_PREFIX_PATH=/home/fire/Desktop/fast_livo2_ws/install/vikit_ros:/home/fire/Desktop/fast_livo2_ws/install/livox_ros_driver2:/opt/ros/jazzy/opt/gz_sim_vendor:/opt/ros/jazzy/opt/gz_sensors_vendor:/opt/ros/jazzy/opt/gz_physics_vendor:/opt/ros/jazzy/opt/sdformat_vendor:/opt/ros/jazzy/opt/gz_gui_vendor:/opt/ros/jazzy/opt/gz_transport_vendor:/opt/ros/jazzy/opt/gz_rendering_vendor:/opt/ros/jazzy/opt/gz_plugin_vendor:/opt/ros/jazzy/opt/gz_fuel_tools_vendor:/opt/ros/jazzy/opt/gz_msgs_vendor:/opt/ros/jazzy/opt/gz_common_vendor:/opt/ros/jazzy/opt/gz_math_vendor:/opt/ros/jazzy/opt/gz_utils_vendor:/opt/ros/jazzy/opt/gz_tools_vendor:/opt/ros/jazzy/opt/gz_ogre_next_vendor:/opt/ros/jazzy/opt/gz_dartsim_vendor:/opt/ros/jazzy/opt/gz_cmake_vendor:/opt/ros/jazzy DEBUGINFOD_URLS=https://debuginfod.ubuntu.com LD_LIBRARY_PATH=/home/fire/Desktop/fast_livo2_ws/install/vikit_ros/lib:/home/fire/Desktop/fast_livo2_ws/install/vikit_common/lib:/home/fire/Desktop/fast_livo2_ws/install/livox_ros_driver2/lib:${LD_LIBRARY_PATH} PKG_CONFIG_PATH=/home/fire/Desktop/fast_livo2_ws/install/vikit_common/lib/x86_64-linux-gnu/pkgconfig:/home/fire/Desktop/fast_livo2_ws/install/vikit_common/lib/pkgconfig PYTHONPATH=/home/fire/Desktop/fast_livo2_ws/install/livox_ros_driver2/lib/python3.12/site-packages:${PYTHONPATH} ROS_PACKAGE_PATH=/home/fire/Desktop/fast_livo2_ws/install/vikit_common/share /usr/bin/cmake --install /home/fire/Desktop/fast_livo2_ws/build/fast_livo
