[0.007s] Invoking command in '/home/fire/Desktop/fast_livo2_ws/build/vikit_ros': CMAKE_PREFIX_PATH=${CMAKE_PREFIX_PATH}:/home/fire/Desktop/fast_livo2_ws/install/livox_ros_driver2:/opt/ros/jazzy DEBUGINFOD_URLS=https://debuginfod.ubuntu.com LD_LIBRARY_PATH=/home/fire/Desktop/fast_livo2_ws/install/vikit_common/lib:${LD_LIBRARY_PATH} PKG_CONFIG_PATH=/home/fire/Desktop/fast_livo2_ws/install/vikit_common/lib/x86_64-linux-gnu/pkgconfig:/home/fire/Desktop/fast_livo2_ws/install/vikit_common/lib/pkgconfig ROS_PACKAGE_PATH=/home/fire/Desktop/fast_livo2_ws/install/vikit_common/share /usr/bin/cmake /home/fire/Desktop/fast_livo2_ws/src/rpg_vikit/vikit_ros -Dvikit_common_DIR=/home/fire/Desktop/fast_livo2_ws/build/vikit_common -Dvikit_ros_DIR=/home/fire/Desktop/fast_livo2_ws/install/vikit_ros/share/vikit_ros/cmake -DAMENT_CMAKE_SYMLINK_INSTALL=1 -DCMAKE_INSTALL_PREFIX=/home/fire/Desktop/fast_livo2_ws/install/vikit_ros
[0.017s] Current CPU architecture: x86_64
[0.020s] Processor number: 24
[0.020s] Cores for MP: 3
[0.022s] -- Found ament_cmake: 2.5.5 (/opt/ros/jazzy/share/ament_cmake/cmake)
[0.151s] -- Override CMake install command with custom implementation using symlinks instead of copying resources
[0.155s] -- Found rclcpp: 28.1.16 (/opt/ros/jazzy/share/rclcpp/cmake)
[0.170s] -- Found rosidl_generator_c: 4.6.7 (/opt/ros/jazzy/share/rosidl_generator_c/cmake)
[0.175s] -- Found rosidl_generator_cpp: 4.6.7 (/opt/ros/jazzy/share/rosidl_generator_cpp/cmake)
[0.181s] -- Using all available rosidl_typesupport_c: rosidl_typesupport_fastrtps_c;rosidl_typesupport_introspection_c
[0.188s] -- Using all available rosidl_typesupport_cpp: rosidl_typesupport_fastrtps_cpp;rosidl_typesupport_introspection_cpp
[0.223s] -- Found rmw_implementation_cmake: 7.3.3 (/opt/ros/jazzy/share/rmw_implementation_cmake/cmake)
[0.223s] -- Found rmw_cyclonedds_cpp: 2.2.3 (/opt/ros/jazzy/share/rmw_cyclonedds_cpp/cmake)
[0.236s] -- Using RMW implementation 'rmw_cyclonedds_cpp' as default
[0.268s] -- Found visualization_msgs: 5.3.6 (/opt/ros/jazzy/share/visualization_msgs/cmake)
[0.317s] -- Found tf2: 0.36.19 (/opt/ros/jazzy/share/tf2/cmake)
[0.321s] -- Found tf2_ros: 0.36.19 (/opt/ros/jazzy/share/tf2_ros/cmake)
[0.409s] -- Found tf2_geometry_msgs: 0.36.19 (/opt/ros/jazzy/share/tf2_geometry_msgs/cmake)
[0.411s] -- Found eigen3_cmake_module: 0.3.0 (/opt/ros/jazzy/share/eigen3_cmake_module/cmake)
[0.412s] -- Ensuring Eigen3 include directory is part of orocos-kdl CMake target
[0.413s] -- Found rosidl_default_generators: 1.6.0 (/opt/ros/jazzy/share/rosidl_default_generators/cmake)
[0.417s] -- Found rosidl_adapter: 4.6.7 (/opt/ros/jazzy/share/rosidl_adapter/cmake)
[0.473s] -- Configuring done (0.5s)
[0.481s] -- Generating done (0.0s)
[0.483s] CMake Warning:
[0.483s]   Manually-specified variables were not used by the project:
[0.483s] 
[0.483s]     vikit_ros_DIR
[0.483s] 
[0.483s] 
[0.485s] -- Build files have been written to: /home/fire/Desktop/fast_livo2_ws/build/vikit_ros
[0.490s] Invoked command in '/home/fire/Desktop/fast_livo2_ws/build/vikit_ros' returned '0': CMAKE_PREFIX_PATH=${CMAKE_PREFIX_PATH}:/home/fire/Desktop/fast_livo2_ws/install/livox_ros_driver2:/opt/ros/jazzy DEBUGINFOD_URLS=https://debuginfod.ubuntu.com LD_LIBRARY_PATH=/home/fire/Desktop/fast_livo2_ws/install/vikit_common/lib:${LD_LIBRARY_PATH} PKG_CONFIG_PATH=/home/fire/Desktop/fast_livo2_ws/install/vikit_common/lib/x86_64-linux-gnu/pkgconfig:/home/fire/Desktop/fast_livo2_ws/install/vikit_common/lib/pkgconfig ROS_PACKAGE_PATH=/home/fire/Desktop/fast_livo2_ws/install/vikit_common/share /usr/bin/cmake /home/fire/Desktop/fast_livo2_ws/src/rpg_vikit/vikit_ros -Dvikit_common_DIR=/home/fire/Desktop/fast_livo2_ws/build/vikit_common -Dvikit_ros_DIR=/home/fire/Desktop/fast_livo2_ws/install/vikit_ros/share/vikit_ros/cmake -DAMENT_CMAKE_SYMLINK_INSTALL=1 -DCMAKE_INSTALL_PREFIX=/home/fire/Desktop/fast_livo2_ws/install/vikit_ros
[0.491s] Invoking command in '/home/fire/Desktop/fast_livo2_ws/build/vikit_ros': CMAKE_PREFIX_PATH=${CMAKE_PREFIX_PATH}:/home/fire/Desktop/fast_livo2_ws/install/livox_ros_driver2:/opt/ros/jazzy DEBUGINFOD_URLS=https://debuginfod.ubuntu.com LD_LIBRARY_PATH=/home/fire/Desktop/fast_livo2_ws/install/vikit_common/lib:${LD_LIBRARY_PATH} PKG_CONFIG_PATH=/home/fire/Desktop/fast_livo2_ws/install/vikit_common/lib/x86_64-linux-gnu/pkgconfig:/home/fire/Desktop/fast_livo2_ws/install/vikit_common/lib/pkgconfig ROS_PACKAGE_PATH=/home/fire/Desktop/fast_livo2_ws/install/vikit_common/share /usr/bin/cmake --build /home/fire/Desktop/fast_livo2_ws/build/vikit_ros -- -j24 -l24
[0.539s] [ 33%] Building CXX object CMakeFiles/vikit_ros.dir/src/camera_loader.cpp.o
[2.476s] In file included from /home/fire/Desktop/fast_livo2_ws/src/rpg_vikit/vikit_ros/include/vikit/camera_loader.h:20,
[2.476s]                  from /home/fire/Desktop/fast_livo2_ws/src/rpg_vikit/vikit_ros/src/camera_loader.cpp:10:
[2.476s] /home/fire/Desktop/fast_livo2_ws/src/rpg_vikit/vikit_ros/include/vikit/params_helper.h: In function ‘T vk::getParam(const std::string&, const std::string&, const T&)’:
[2.476s] /home/fire/Desktop/fast_livo2_ws/src/rpg_vikit/vikit_ros/include/vikit/params_helper.h:35:48: warning: ignoring attributes on template argument ‘int (*)(FILE*)’ [-Wignored-attributes]
[2.476s]    35 |         std::unique_ptr<FILE, decltype(&pclose)> pipe(popen(command.c_str(), "r"), pclose);
[2.476s]       |                                                ^
[3.893s] [ 66%] Linking CXX shared library libvikit_ros.so
[3.972s] [100%] Built target vikit_ros
[3.982s] Invoked command in '/home/fire/Desktop/fast_livo2_ws/build/vikit_ros' returned '0': CMAKE_PREFIX_PATH=${CMAKE_PREFIX_PATH}:/home/fire/Desktop/fast_livo2_ws/install/livox_ros_driver2:/opt/ros/jazzy DEBUGINFOD_URLS=https://debuginfod.ubuntu.com LD_LIBRARY_PATH=/home/fire/Desktop/fast_livo2_ws/install/vikit_common/lib:${LD_LIBRARY_PATH} PKG_CONFIG_PATH=/home/fire/Desktop/fast_livo2_ws/install/vikit_common/lib/x86_64-linux-gnu/pkgconfig:/home/fire/Desktop/fast_livo2_ws/install/vikit_common/lib/pkgconfig ROS_PACKAGE_PATH=/home/fire/Desktop/fast_livo2_ws/install/vikit_common/share /usr/bin/cmake --build /home/fire/Desktop/fast_livo2_ws/build/vikit_ros -- -j24 -l24
[3.987s] Invoking command in '/home/fire/Desktop/fast_livo2_ws/build/vikit_ros': CMAKE_PREFIX_PATH=${CMAKE_PREFIX_PATH}:/home/fire/Desktop/fast_livo2_ws/install/livox_ros_driver2:/opt/ros/jazzy DEBUGINFOD_URLS=https://debuginfod.ubuntu.com LD_LIBRARY_PATH=/home/fire/Desktop/fast_livo2_ws/install/vikit_common/lib:${LD_LIBRARY_PATH} PKG_CONFIG_PATH=/home/fire/Desktop/fast_livo2_ws/install/vikit_common/lib/x86_64-linux-gnu/pkgconfig:/home/fire/Desktop/fast_livo2_ws/install/vikit_common/lib/pkgconfig ROS_PACKAGE_PATH=/home/fire/Desktop/fast_livo2_ws/install/vikit_common/share /usr/bin/cmake --install /home/fire/Desktop/fast_livo2_ws/build/vikit_ros
[3.992s] -- Install configuration: "Release"
[3.992s] -- Execute custom install script
[3.992s] -- Symlinking: /home/fire/Desktop/fast_livo2_ws/install/vikit_ros/share/ament_index/resource_index/package_run_dependencies/vikit_ros
[3.998s] -- Symlinking: /home/fire/Desktop/fast_livo2_ws/install/vikit_ros/share/ament_index/resource_index/parent_prefix_path/vikit_ros
[4.005s] -- Symlinking: /home/fire/Desktop/fast_livo2_ws/install/vikit_ros/share/vikit_ros/environment/ament_prefix_path.sh
[4.011s] -- Symlinking: /home/fire/Desktop/fast_livo2_ws/install/vikit_ros/share/vikit_ros/environment/ament_prefix_path.dsv
[4.018s] -- Symlinking: /home/fire/Desktop/fast_livo2_ws/install/vikit_ros/share/vikit_ros/environment/path.sh
[4.024s] -- Symlinking: /home/fire/Desktop/fast_livo2_ws/install/vikit_ros/share/vikit_ros/environment/path.dsv
[4.030s] -- Symlinking: /home/fire/Desktop/fast_livo2_ws/install/vikit_ros/share/vikit_ros/local_setup.bash
[4.037s] -- Symlinking: /home/fire/Desktop/fast_livo2_ws/install/vikit_ros/share/vikit_ros/local_setup.sh
[4.043s] -- Symlinking: /home/fire/Desktop/fast_livo2_ws/install/vikit_ros/share/vikit_ros/local_setup.zsh
[4.048s] -- Symlinking: /home/fire/Desktop/fast_livo2_ws/install/vikit_ros/share/vikit_ros/local_setup.dsv
[4.055s] -- Symlinking: /home/fire/Desktop/fast_livo2_ws/install/vikit_ros/share/vikit_ros/package.dsv
[4.061s] -- Symlinking: /home/fire/Desktop/fast_livo2_ws/install/vikit_ros/share/ament_index/resource_index/packages/vikit_ros
[4.068s] -- Symlinking: /home/fire/Desktop/fast_livo2_ws/install/vikit_ros/share/vikit_ros/cmake/ament_cmake_export_dependencies-extras.cmake
[4.073s] -- Symlinking: /home/fire/Desktop/fast_livo2_ws/install/vikit_ros/share/vikit_ros/cmake/ament_cmake_export_include_directories-extras.cmake
[4.080s] -- Symlinking: /home/fire/Desktop/fast_livo2_ws/install/vikit_ros/share/vikit_ros/cmake/vikit_rosConfig.cmake
[4.087s] -- Symlinking: /home/fire/Desktop/fast_livo2_ws/install/vikit_ros/share/vikit_ros/cmake/vikit_rosConfig-version.cmake
[4.094s] -- Symlinking: /home/fire/Desktop/fast_livo2_ws/install/vikit_ros/share/vikit_ros/package.xml
[4.099s] -- Up-to-date: /home/fire/Desktop/fast_livo2_ws/install/vikit_ros/include
[4.099s] -- Up-to-date: /home/fire/Desktop/fast_livo2_ws/install/vikit_ros/include/vikit
[4.100s] -- Up-to-date: /home/fire/Desktop/fast_livo2_ws/install/vikit_ros/include/vikit/output_helper.h
[4.100s] -- Up-to-date: /home/fire/Desktop/fast_livo2_ws/install/vikit_ros/include/vikit/params_helper.h
[4.100s] -- Up-to-date: /home/fire/Desktop/fast_livo2_ws/install/vikit_ros/include/vikit/camera_loader.h
[4.100s] -- Installing: /home/fire/Desktop/fast_livo2_ws/install/vikit_ros/lib/libvikit_ros.so
[4.100s] -- Set non-toolchain portion of runtime path of "/home/fire/Desktop/fast_livo2_ws/install/vikit_ros/lib/libvikit_ros.so" to ""
[4.101s] Invoked command in '/home/fire/Desktop/fast_livo2_ws/build/vikit_ros' returned '0': CMAKE_PREFIX_PATH=${CMAKE_PREFIX_PATH}:/home/fire/Desktop/fast_livo2_ws/install/livox_ros_driver2:/opt/ros/jazzy DEBUGINFOD_URLS=https://debuginfod.ubuntu.com LD_LIBRARY_PATH=/home/fire/Desktop/fast_livo2_ws/install/vikit_common/lib:${LD_LIBRARY_PATH} PKG_CONFIG_PATH=/home/fire/Desktop/fast_livo2_ws/install/vikit_common/lib/x86_64-linux-gnu/pkgconfig:/home/fire/Desktop/fast_livo2_ws/install/vikit_common/lib/pkgconfig ROS_PACKAGE_PATH=/home/fire/Desktop/fast_livo2_ws/install/vikit_common/share /usr/bin/cmake --install /home/fire/Desktop/fast_livo2_ws/build/vikit_ros
