[100%] Built target vikit_ros
-- Install configuration: "Release"
-- Up-to-date: /home/fire/Desktop/fast_livo2_ws/install/vikit_ros/include
-- Up-to-date: /home/fire/Desktop/fast_livo2_ws/install/vikit_ros/include/vikit
-- Up-to-date: /home/fire/Desktop/fast_livo2_ws/install/vikit_ros/include/vikit/output_helper.h
-- Up-to-date: /home/fire/Desktop/fast_livo2_ws/install/vikit_ros/include/vikit/params_helper.h
-- Up-to-date: /home/fire/Desktop/fast_livo2_ws/install/vikit_ros/include/vikit/camera_loader.h
-- Up-to-date: /home/fire/Desktop/fast_livo2_ws/install/vikit_ros/lib/libvikit_ros.so
-- Up-to-date: /home/fire/Desktop/fast_livo2_ws/install/vikit_ros/share/ament_index/resource_index/package_run_dependencies/vikit_ros
-- Up-to-date: /home/fire/Desktop/fast_livo2_ws/install/vikit_ros/share/ament_index/resource_index/parent_prefix_path/vikit_ros
-- Up-to-date: /home/fire/Desktop/fast_livo2_ws/install/vikit_ros/share/vikit_ros/environment/ament_prefix_path.sh
-- Up-to-date: /home/fire/Desktop/fast_livo2_ws/install/vikit_ros/share/vikit_ros/environment/ament_prefix_path.dsv
-- Up-to-date: /home/fire/Desktop/fast_livo2_ws/install/vikit_ros/share/vikit_ros/environment/path.sh
-- Up-to-date: /home/fire/Desktop/fast_livo2_ws/install/vikit_ros/share/vikit_ros/environment/path.dsv
-- Up-to-date: /home/fire/Desktop/fast_livo2_ws/install/vikit_ros/share/vikit_ros/local_setup.bash
-- Up-to-date: /home/fire/Desktop/fast_livo2_ws/install/vikit_ros/share/vikit_ros/local_setup.sh
-- Up-to-date: /home/fire/Desktop/fast_livo2_ws/install/vikit_ros/share/vikit_ros/local_setup.zsh
-- Up-to-date: /home/fire/Desktop/fast_livo2_ws/install/vikit_ros/share/vikit_ros/local_setup.dsv
-- Installing: /home/fire/Desktop/fast_livo2_ws/install/vikit_ros/share/vikit_ros/package.dsv
-- Up-to-date: /home/fire/Desktop/fast_livo2_ws/install/vikit_ros/share/ament_index/resource_index/packages/vikit_ros
-- Up-to-date: /home/fire/Desktop/fast_livo2_ws/install/vikit_ros/share/vikit_ros/cmake/ament_cmake_export_dependencies-extras.cmake
-- Up-to-date: /home/fire/Desktop/fast_livo2_ws/install/vikit_ros/share/vikit_ros/cmake/ament_cmake_export_include_directories-extras.cmake
-- Up-to-date: /home/fire/Desktop/fast_livo2_ws/install/vikit_ros/share/vikit_ros/cmake/vikit_rosConfig.cmake
-- Up-to-date: /home/fire/Desktop/fast_livo2_ws/install/vikit_ros/share/vikit_ros/cmake/vikit_rosConfig-version.cmake
-- Up-to-date: /home/fire/Desktop/fast_livo2_ws/install/vikit_ros/share/vikit_ros/package.xml
