[0.005s] Invoking command in '/home/fire/Desktop/fast_livo2_ws/build/vikit_ros': CMAKE_PREFIX_PATH=${CMAKE_PREFIX_PATH}:/opt/ros/jazzy DEBUGINFOD_URLS=https://debuginfod.ubuntu.com LD_LIBRARY_PATH=/home/fire/Desktop/fast_livo2_ws/install/vikit_common/lib:${LD_LIBRARY_PATH} PKG_CONFIG_PATH=/home/fire/Desktop/fast_livo2_ws/install/vikit_common/lib/x86_64-linux-gnu/pkgconfig:/home/fire/Desktop/fast_livo2_ws/install/vikit_common/lib/pkgconfig ROS_PACKAGE_PATH=/home/fire/Desktop/fast_livo2_ws/install/vikit_common/share /usr/bin/cmake --build /home/fire/Desktop/fast_livo2_ws/build/vikit_ros -- -j24 -l24
[0.059s] [100%] Built target vikit_ros
[0.068s] Invoked command in '/home/fire/Desktop/fast_livo2_ws/build/vikit_ros' returned '0': CMAKE_PREFIX_PATH=${CMAKE_PREFIX_PATH}:/opt/ros/jazzy DEBUGINFOD_URLS=https://debuginfod.ubuntu.com LD_LIBRARY_PATH=/home/fire/Desktop/fast_livo2_ws/install/vikit_common/lib:${LD_LIBRARY_PATH} PKG_CONFIG_PATH=/home/fire/Desktop/fast_livo2_ws/install/vikit_common/lib/x86_64-linux-gnu/pkgconfig:/home/fire/Desktop/fast_livo2_ws/install/vikit_common/lib/pkgconfig ROS_PACKAGE_PATH=/home/fire/Desktop/fast_livo2_ws/install/vikit_common/share /usr/bin/cmake --build /home/fire/Desktop/fast_livo2_ws/build/vikit_ros -- -j24 -l24
[0.069s] Invoking command in '/home/fire/Desktop/fast_livo2_ws/build/vikit_ros': CMAKE_PREFIX_PATH=${CMAKE_PREFIX_PATH}:/opt/ros/jazzy DEBUGINFOD_URLS=https://debuginfod.ubuntu.com LD_LIBRARY_PATH=/home/fire/Desktop/fast_livo2_ws/install/vikit_common/lib:${LD_LIBRARY_PATH} PKG_CONFIG_PATH=/home/fire/Desktop/fast_livo2_ws/install/vikit_common/lib/x86_64-linux-gnu/pkgconfig:/home/fire/Desktop/fast_livo2_ws/install/vikit_common/lib/pkgconfig ROS_PACKAGE_PATH=/home/fire/Desktop/fast_livo2_ws/install/vikit_common/share /usr/bin/cmake --install /home/fire/Desktop/fast_livo2_ws/build/vikit_ros
[0.073s] -- Install configuration: "Release"
[0.073s] -- Up-to-date: /home/fire/Desktop/fast_livo2_ws/install/vikit_ros/include
[0.073s] -- Up-to-date: /home/fire/Desktop/fast_livo2_ws/install/vikit_ros/include/vikit
[0.073s] -- Up-to-date: /home/fire/Desktop/fast_livo2_ws/install/vikit_ros/include/vikit/output_helper.h
[0.073s] -- Up-to-date: /home/fire/Desktop/fast_livo2_ws/install/vikit_ros/include/vikit/params_helper.h
[0.073s] -- Up-to-date: /home/fire/Desktop/fast_livo2_ws/install/vikit_ros/include/vikit/camera_loader.h
[0.073s] -- Up-to-date: /home/fire/Desktop/fast_livo2_ws/install/vikit_ros/lib/libvikit_ros.so
[0.073s] -- Up-to-date: /home/fire/Desktop/fast_livo2_ws/install/vikit_ros/share/ament_index/resource_index/package_run_dependencies/vikit_ros
[0.073s] -- Up-to-date: /home/fire/Desktop/fast_livo2_ws/install/vikit_ros/share/ament_index/resource_index/parent_prefix_path/vikit_ros
[0.073s] -- Up-to-date: /home/fire/Desktop/fast_livo2_ws/install/vikit_ros/share/vikit_ros/environment/ament_prefix_path.sh
[0.073s] -- Up-to-date: /home/fire/Desktop/fast_livo2_ws/install/vikit_ros/share/vikit_ros/environment/ament_prefix_path.dsv
[0.073s] -- Up-to-date: /home/fire/Desktop/fast_livo2_ws/install/vikit_ros/share/vikit_ros/environment/path.sh
[0.073s] -- Up-to-date: /home/fire/Desktop/fast_livo2_ws/install/vikit_ros/share/vikit_ros/environment/path.dsv
[0.073s] -- Up-to-date: /home/fire/Desktop/fast_livo2_ws/install/vikit_ros/share/vikit_ros/local_setup.bash
[0.073s] -- Up-to-date: /home/fire/Desktop/fast_livo2_ws/install/vikit_ros/share/vikit_ros/local_setup.sh
[0.073s] -- Up-to-date: /home/fire/Desktop/fast_livo2_ws/install/vikit_ros/share/vikit_ros/local_setup.zsh
[0.073s] -- Up-to-date: /home/fire/Desktop/fast_livo2_ws/install/vikit_ros/share/vikit_ros/local_setup.dsv
[0.073s] -- Installing: /home/fire/Desktop/fast_livo2_ws/install/vikit_ros/share/vikit_ros/package.dsv
[0.073s] -- Up-to-date: /home/fire/Desktop/fast_livo2_ws/install/vikit_ros/share/ament_index/resource_index/packages/vikit_ros
[0.074s] -- Up-to-date: /home/fire/Desktop/fast_livo2_ws/install/vikit_ros/share/vikit_ros/cmake/ament_cmake_export_dependencies-extras.cmake
[0.074s] -- Up-to-date: /home/fire/Desktop/fast_livo2_ws/install/vikit_ros/share/vikit_ros/cmake/ament_cmake_export_include_directories-extras.cmake
[0.074s] -- Up-to-date: /home/fire/Desktop/fast_livo2_ws/install/vikit_ros/share/vikit_ros/cmake/vikit_rosConfig.cmake
[0.074s] -- Up-to-date: /home/fire/Desktop/fast_livo2_ws/install/vikit_ros/share/vikit_ros/cmake/vikit_rosConfig-version.cmake
[0.074s] -- Up-to-date: /home/fire/Desktop/fast_livo2_ws/install/vikit_ros/share/vikit_ros/package.xml
[0.074s] Invoked command in '/home/fire/Desktop/fast_livo2_ws/build/vikit_ros' returned '0': CMAKE_PREFIX_PATH=${CMAKE_PREFIX_PATH}:/opt/ros/jazzy DEBUGINFOD_URLS=https://debuginfod.ubuntu.com LD_LIBRARY_PATH=/home/fire/Desktop/fast_livo2_ws/install/vikit_common/lib:${LD_LIBRARY_PATH} PKG_CONFIG_PATH=/home/fire/Desktop/fast_livo2_ws/install/vikit_common/lib/x86_64-linux-gnu/pkgconfig:/home/fire/Desktop/fast_livo2_ws/install/vikit_common/lib/pkgconfig ROS_PACKAGE_PATH=/home/fire/Desktop/fast_livo2_ws/install/vikit_common/share /usr/bin/cmake --install /home/fire/Desktop/fast_livo2_ws/build/vikit_ros
