[0.010s] Invoking command in '/home/fire/Desktop/fast_livo2_ws/build/realsense2_camera_msgs': CMAKE_PREFIX_PATH=${CMAKE_PREFIX_PATH}:/opt/ros/jazzy DEBUGINFOD_URLS=https://debuginfod.ubuntu.com /usr/bin/cmake --build /home/fire/Desktop/fast_livo2_ws/build/realsense2_camera_msgs -- -j24 -l24
[0.048s] [  0%] Built target realsense2_camera_msgs__rosidl_generator_type_description
[0.054s] [  0%] Built target ament_cmake_python_copy_realsense2_camera_msgs
[0.062s] [  0%] Built target realsense2_camera_msgs__cpp
[0.076s] [ 27%] Built target realsense2_camera_msgs__rosidl_generator_c
[0.099s] [ 37%] Built target realsense2_camera_msgs__rosidl_typesupport_c
[0.104s] [ 47%] Built target realsense2_camera_msgs__rosidl_typesupport_introspection_cpp
[0.104s] [ 56%] Built target realsense2_camera_msgs__rosidl_typesupport_introspection_c
[0.107s] [ 66%] Built target realsense2_camera_msgs__rosidl_typesupport_fastrtps_c
[0.108s] [ 76%] Built target realsense2_camera_msgs__rosidl_typesupport_fastrtps_cpp
[0.110s] [ 86%] Built target realsense2_camera_msgs__rosidl_typesupport_cpp
[0.124s] [ 86%] Built target realsense2_camera_msgs
[0.141s] [ 87%] Built target realsense2_camera_msgs__py
[0.166s] [ 96%] Built target realsense2_camera_msgs__rosidl_generator_py
[0.182s] [ 97%] Built target realsense2_camera_msgs_s__rosidl_typesupport_fastrtps_c
[0.182s] [ 98%] Built target realsense2_camera_msgs_s__rosidl_typesupport_c
[0.183s] [100%] Built target realsense2_camera_msgs_s__rosidl_typesupport_introspection_c
[0.190s] running egg_info
[0.201s] writing realsense2_camera_msgs.egg-info/PKG-INFO
[0.201s] writing dependency_links to realsense2_camera_msgs.egg-info/dependency_links.txt
[0.201s] writing top-level names to realsense2_camera_msgs.egg-info/top_level.txt
[0.232s] reading manifest file 'realsense2_camera_msgs.egg-info/SOURCES.txt'
[0.232s] writing manifest file 'realsense2_camera_msgs.egg-info/SOURCES.txt'
[0.248s] [100%] Built target ament_cmake_python_build_realsense2_camera_msgs_egg
[0.257s] Invoked command in '/home/fire/Desktop/fast_livo2_ws/build/realsense2_camera_msgs' returned '0': CMAKE_PREFIX_PATH=${CMAKE_PREFIX_PATH}:/opt/ros/jazzy DEBUGINFOD_URLS=https://debuginfod.ubuntu.com /usr/bin/cmake --build /home/fire/Desktop/fast_livo2_ws/build/realsense2_camera_msgs -- -j24 -l24
[0.258s] Invoking command in '/home/fire/Desktop/fast_livo2_ws/build/realsense2_camera_msgs': CMAKE_PREFIX_PATH=${CMAKE_PREFIX_PATH}:/opt/ros/jazzy DEBUGINFOD_URLS=https://debuginfod.ubuntu.com /usr/bin/cmake --install /home/fire/Desktop/fast_livo2_ws/build/realsense2_camera_msgs
[0.263s] -- Install configuration: ""
[0.263s] -- Up-to-date: /home/fire/Desktop/fast_livo2_ws/install/realsense2_camera_msgs/share/ament_index/resource_index/rosidl_interfaces/realsense2_camera_msgs
[0.263s] -- Up-to-date: /home/fire/Desktop/fast_livo2_ws/install/realsense2_camera_msgs/share/realsense2_camera_msgs/msg/IMUInfo.json
[0.263s] -- Up-to-date: /home/fire/Desktop/fast_livo2_ws/install/realsense2_camera_msgs/share/realsense2_camera_msgs/msg/Extrinsics.json
[0.263s] -- Up-to-date: /home/fire/Desktop/fast_livo2_ws/install/realsense2_camera_msgs/share/realsense2_camera_msgs/msg/Metadata.json
[0.263s] -- Up-to-date: /home/fire/Desktop/fast_livo2_ws/install/realsense2_camera_msgs/share/realsense2_camera_msgs/msg/RGBD.json
[0.263s] -- Up-to-date: /home/fire/Desktop/fast_livo2_ws/install/realsense2_camera_msgs/share/realsense2_camera_msgs/srv/DeviceInfo.json
[0.264s] -- Up-to-date: /home/fire/Desktop/fast_livo2_ws/install/realsense2_camera_msgs/share/realsense2_camera_msgs/srv/SafetyPresetRead.json
[0.264s] -- Up-to-date: /home/fire/Desktop/fast_livo2_ws/install/realsense2_camera_msgs/share/realsense2_camera_msgs/srv/SafetyPresetWrite.json
[0.264s] -- Up-to-date: /home/fire/Desktop/fast_livo2_ws/install/realsense2_camera_msgs/share/realsense2_camera_msgs/srv/SafetyInterfaceConfigRead.json
[0.264s] -- Up-to-date: /home/fire/Desktop/fast_livo2_ws/install/realsense2_camera_msgs/share/realsense2_camera_msgs/srv/SafetyInterfaceConfigWrite.json
[0.264s] -- Up-to-date: /home/fire/Desktop/fast_livo2_ws/install/realsense2_camera_msgs/share/realsense2_camera_msgs/srv/CalibConfigRead.json
[0.264s] -- Up-to-date: /home/fire/Desktop/fast_livo2_ws/install/realsense2_camera_msgs/share/realsense2_camera_msgs/srv/CalibConfigWrite.json
[0.264s] -- Up-to-date: /home/fire/Desktop/fast_livo2_ws/install/realsense2_camera_msgs/share/realsense2_camera_msgs/srv/ApplicationConfigRead.json
[0.264s] -- Up-to-date: /home/fire/Desktop/fast_livo2_ws/install/realsense2_camera_msgs/share/realsense2_camera_msgs/srv/ApplicationConfigWrite.json
[0.264s] -- Up-to-date: /home/fire/Desktop/fast_livo2_ws/install/realsense2_camera_msgs/share/realsense2_camera_msgs/srv/HardwareMonitorCommandSend.json
[0.264s] -- Up-to-date: /home/fire/Desktop/fast_livo2_ws/install/realsense2_camera_msgs/share/realsense2_camera_msgs/action/TriggeredCalibration.json
[0.264s] -- Up-to-date: /home/fire/Desktop/fast_livo2_ws/install/realsense2_camera_msgs/include/realsense2_camera_msgs/realsense2_camera_msgs
[0.264s] -- Up-to-date: /home/fire/Desktop/fast_livo2_ws/install/realsense2_camera_msgs/include/realsense2_camera_msgs/realsense2_camera_msgs/msg
[0.264s] -- Up-to-date: /home/fire/Desktop/fast_livo2_ws/install/realsense2_camera_msgs/include/realsense2_camera_msgs/realsense2_camera_msgs/msg/rgbd.h
[0.264s] -- Up-to-date: /home/fire/Desktop/fast_livo2_ws/install/realsense2_camera_msgs/include/realsense2_camera_msgs/realsense2_camera_msgs/msg/metadata.h
[0.264s] -- Up-to-date: /home/fire/Desktop/fast_livo2_ws/install/realsense2_camera_msgs/include/realsense2_camera_msgs/realsense2_camera_msgs/msg/imu_info.h
[0.264s] -- Up-to-date: /home/fire/Desktop/fast_livo2_ws/install/realsense2_camera_msgs/include/realsense2_camera_msgs/realsense2_camera_msgs/msg/extrinsics.h
[0.264s] -- Up-to-date: /home/fire/Desktop/fast_livo2_ws/install/realsense2_camera_msgs/include/realsense2_camera_msgs/realsense2_camera_msgs/msg/rosidl_generator_c__visibility_control.h
[0.264s] -- Up-to-date: /home/fire/Desktop/fast_livo2_ws/install/realsense2_camera_msgs/include/realsense2_camera_msgs/realsense2_camera_msgs/msg/detail
[0.264s] -- Up-to-date: /home/fire/Desktop/fast_livo2_ws/install/realsense2_camera_msgs/include/realsense2_camera_msgs/realsense2_camera_msgs/msg/detail/metadata__functions.c
[0.264s] -- Up-to-date: /home/fire/Desktop/fast_livo2_ws/install/realsense2_camera_msgs/include/realsense2_camera_msgs/realsense2_camera_msgs/msg/detail/imu_info__type_support.c
[0.264s] -- Up-to-date: /home/fire/Desktop/fast_livo2_ws/install/realsense2_camera_msgs/include/realsense2_camera_msgs/realsense2_camera_msgs/msg/detail/extrinsics__type_support.h
[0.265s] -- Up-to-date: /home/fire/Desktop/fast_livo2_ws/install/realsense2_camera_msgs/include/realsense2_camera_msgs/realsense2_camera_msgs/msg/detail/imu_info__struct.h
[0.265s] -- Up-to-date: /home/fire/Desktop/fast_livo2_ws/install/realsense2_camera_msgs/include/realsense2_camera_msgs/realsense2_camera_msgs/msg/detail/rgbd__functions.h
[0.265s] -- Up-to-date: /home/fire/Desktop/fast_livo2_ws/install/realsense2_camera_msgs/include/realsense2_camera_msgs/realsense2_camera_msgs/msg/detail/extrinsics__type_support.c
[0.265s] -- Up-to-date: /home/fire/Desktop/fast_livo2_ws/install/realsense2_camera_msgs/include/realsense2_camera_msgs/realsense2_camera_msgs/msg/detail/rgbd__type_support.h
[0.265s] -- Up-to-date: /home/fire/Desktop/fast_livo2_ws/install/realsense2_camera_msgs/include/realsense2_camera_msgs/realsense2_camera_msgs/msg/detail/metadata__struct.h
[0.265s] -- Up-to-date: /home/fire/Desktop/fast_livo2_ws/install/realsense2_camera_msgs/include/realsense2_camera_msgs/realsense2_camera_msgs/msg/detail/metadata__type_support.c
[0.265s] -- Up-to-date: /home/fire/Desktop/fast_livo2_ws/install/realsense2_camera_msgs/include/realsense2_camera_msgs/realsense2_camera_msgs/msg/detail/imu_info__type_support.h
[0.265s] -- Up-to-date: /home/fire/Desktop/fast_livo2_ws/install/realsense2_camera_msgs/include/realsense2_camera_msgs/realsense2_camera_msgs/msg/detail/rgbd__type_support.c
[0.265s] -- Up-to-date: /home/fire/Desktop/fast_livo2_ws/install/realsense2_camera_msgs/include/realsense2_camera_msgs/realsense2_camera_msgs/msg/detail/rgbd__functions.c
[0.265s] -- Up-to-date: /home/fire/Desktop/fast_livo2_ws/install/realsense2_camera_msgs/include/realsense2_camera_msgs/realsense2_camera_msgs/msg/detail/rgbd__description.c
[0.265s] -- Up-to-date: /home/fire/Desktop/fast_livo2_ws/install/realsense2_camera_msgs/include/realsense2_camera_msgs/realsense2_camera_msgs/msg/detail/rgbd__struct.h
[0.265s] -- Up-to-date: /home/fire/Desktop/fast_livo2_ws/install/realsense2_camera_msgs/include/realsense2_camera_msgs/realsense2_camera_msgs/msg/detail/metadata__type_support.h
[0.265s] -- Up-to-date: /home/fire/Desktop/fast_livo2_ws/install/realsense2_camera_msgs/include/realsense2_camera_msgs/realsense2_camera_msgs/msg/detail/imu_info__functions.c
[0.265s] -- Up-to-date: /home/fire/Desktop/fast_livo2_ws/install/realsense2_camera_msgs/include/realsense2_camera_msgs/realsense2_camera_msgs/msg/detail/metadata__functions.h
[0.265s] -- Up-to-date: /home/fire/Desktop/fast_livo2_ws/install/realsense2_camera_msgs/include/realsense2_camera_msgs/realsense2_camera_msgs/msg/detail/imu_info__description.c
[0.265s] -- Up-to-date: /home/fire/Desktop/fast_livo2_ws/install/realsense2_camera_msgs/include/realsense2_camera_msgs/realsense2_camera_msgs/msg/detail/imu_info__functions.h
[0.265s] -- Up-to-date: /home/fire/Desktop/fast_livo2_ws/install/realsense2_camera_msgs/include/realsense2_camera_msgs/realsense2_camera_msgs/msg/detail/metadata__description.c
[0.265s] -- Up-to-date: /home/fire/Desktop/fast_livo2_ws/install/realsense2_camera_msgs/include/realsense2_camera_msgs/realsense2_camera_msgs/msg/detail/extrinsics__struct.h
[0.265s] -- Up-to-date: /home/fire/Desktop/fast_livo2_ws/install/realsense2_camera_msgs/include/realsense2_camera_msgs/realsense2_camera_msgs/msg/detail/extrinsics__functions.h
[0.265s] -- Up-to-date: /home/fire/Desktop/fast_livo2_ws/install/realsense2_camera_msgs/include/realsense2_camera_msgs/realsense2_camera_msgs/msg/detail/extrinsics__functions.c
[0.265s] -- Up-to-date: /home/fire/Desktop/fast_livo2_ws/install/realsense2_camera_msgs/include/realsense2_camera_msgs/realsense2_camera_msgs/msg/detail/extrinsics__description.c
[0.265s] -- Up-to-date: /home/fire/Desktop/fast_livo2_ws/install/realsense2_camera_msgs/include/realsense2_camera_msgs/realsense2_camera_msgs/action
[0.265s] -- Up-to-date: /home/fire/Desktop/fast_livo2_ws/install/realsense2_camera_msgs/include/realsense2_camera_msgs/realsense2_camera_msgs/action/triggered_calibration.h
[0.265s] -- Up-to-date: /home/fire/Desktop/fast_livo2_ws/install/realsense2_camera_msgs/include/realsense2_camera_msgs/realsense2_camera_msgs/action/detail
[0.265s] -- Up-to-date: /home/fire/Desktop/fast_livo2_ws/install/realsense2_camera_msgs/include/realsense2_camera_msgs/realsense2_camera_msgs/action/detail/triggered_calibration__type_support.c
[0.265s] -- Up-to-date: /home/fire/Desktop/fast_livo2_ws/install/realsense2_camera_msgs/include/realsense2_camera_msgs/realsense2_camera_msgs/action/detail/triggered_calibration__type_support.h
[0.265s] -- Up-to-date: /home/fire/Desktop/fast_livo2_ws/install/realsense2_camera_msgs/include/realsense2_camera_msgs/realsense2_camera_msgs/action/detail/triggered_calibration__description.c
[0.265s] -- Up-to-date: /home/fire/Desktop/fast_livo2_ws/install/realsense2_camera_msgs/include/realsense2_camera_msgs/realsense2_camera_msgs/action/detail/triggered_calibration__functions.h
[0.265s] -- Up-to-date: /home/fire/Desktop/fast_livo2_ws/install/realsense2_camera_msgs/include/realsense2_camera_msgs/realsense2_camera_msgs/action/detail/triggered_calibration__struct.h
[0.265s] -- Up-to-date: /home/fire/Desktop/fast_livo2_ws/install/realsense2_camera_msgs/include/realsense2_camera_msgs/realsense2_camera_msgs/action/detail/triggered_calibration__functions.c
[0.265s] -- Up-to-date: /home/fire/Desktop/fast_livo2_ws/install/realsense2_camera_msgs/include/realsense2_camera_msgs/realsense2_camera_msgs/srv
[0.265s] -- Up-to-date: /home/fire/Desktop/fast_livo2_ws/install/realsense2_camera_msgs/include/realsense2_camera_msgs/realsense2_camera_msgs/srv/safety_interface_config_read.h
[0.265s] -- Up-to-date: /home/fire/Desktop/fast_livo2_ws/install/realsense2_camera_msgs/include/realsense2_camera_msgs/realsense2_camera_msgs/srv/calib_config_read.h
[0.266s] -- Up-to-date: /home/fire/Desktop/fast_livo2_ws/install/realsense2_camera_msgs/include/realsense2_camera_msgs/realsense2_camera_msgs/srv/safety_preset_read.h
[0.266s] -- Up-to-date: /home/fire/Desktop/fast_livo2_ws/install/realsense2_camera_msgs/include/realsense2_camera_msgs/realsense2_camera_msgs/srv/application_config_read.h
[0.266s] -- Up-to-date: /home/fire/Desktop/fast_livo2_ws/install/realsense2_camera_msgs/include/realsense2_camera_msgs/realsense2_camera_msgs/srv/application_config_write.h
[0.266s] -- Up-to-date: /home/fire/Desktop/fast_livo2_ws/install/realsense2_camera_msgs/include/realsense2_camera_msgs/realsense2_camera_msgs/srv/safety_preset_write.h
[0.266s] -- Up-to-date: /home/fire/Desktop/fast_livo2_ws/install/realsense2_camera_msgs/include/realsense2_camera_msgs/realsense2_camera_msgs/srv/device_info.h
[0.266s] -- Up-to-date: /home/fire/Desktop/fast_livo2_ws/install/realsense2_camera_msgs/include/realsense2_camera_msgs/realsense2_camera_msgs/srv/hardware_monitor_command_send.h
[0.266s] -- Up-to-date: /home/fire/Desktop/fast_livo2_ws/install/realsense2_camera_msgs/include/realsense2_camera_msgs/realsense2_camera_msgs/srv/detail
[0.266s] -- Up-to-date: /home/fire/Desktop/fast_livo2_ws/install/realsense2_camera_msgs/include/realsense2_camera_msgs/realsense2_camera_msgs/srv/detail/application_config_read__description.c
[0.266s] -- Up-to-date: /home/fire/Desktop/fast_livo2_ws/install/realsense2_camera_msgs/include/realsense2_camera_msgs/realsense2_camera_msgs/srv/detail/safety_preset_write__type_support.c
[0.266s] -- Up-to-date: /home/fire/Desktop/fast_livo2_ws/install/realsense2_camera_msgs/include/realsense2_camera_msgs/realsense2_camera_msgs/srv/detail/application_config_read__functions.h
[0.266s] -- Up-to-date: /home/fire/Desktop/fast_livo2_ws/install/realsense2_camera_msgs/include/realsense2_camera_msgs/realsense2_camera_msgs/srv/detail/safety_interface_config_write__struct.h
[0.266s] -- Up-to-date: /home/fire/Desktop/fast_livo2_ws/install/realsense2_camera_msgs/include/realsense2_camera_msgs/realsense2_camera_msgs/srv/detail/safety_preset_write__struct.h
[0.266s] -- Up-to-date: /home/fire/Desktop/fast_livo2_ws/install/realsense2_camera_msgs/include/realsense2_camera_msgs/realsense2_camera_msgs/srv/detail/device_info__type_support.h
[0.266s] -- Up-to-date: /home/fire/Desktop/fast_livo2_ws/install/realsense2_camera_msgs/include/realsense2_camera_msgs/realsense2_camera_msgs/srv/detail/application_config_write__struct.h
[0.266s] -- Up-to-date: /home/fire/Desktop/fast_livo2_ws/install/realsense2_camera_msgs/include/realsense2_camera_msgs/realsense2_camera_msgs/srv/detail/safety_interface_config_read__type_support.c
[0.266s] -- Up-to-date: /home/fire/Desktop/fast_livo2_ws/install/realsense2_camera_msgs/include/realsense2_camera_msgs/realsense2_camera_msgs/srv/detail/device_info__description.c
[0.266s] -- Up-to-date: /home/fire/Desktop/fast_livo2_ws/install/realsense2_camera_msgs/include/realsense2_camera_msgs/realsense2_camera_msgs/srv/detail/safety_interface_config_write__functions.c
[0.266s] -- Up-to-date: /home/fire/Desktop/fast_livo2_ws/install/realsense2_camera_msgs/include/realsense2_camera_msgs/realsense2_camera_msgs/srv/detail/safety_preset_read__type_support.h
[0.266s] -- Up-to-date: /home/fire/Desktop/fast_livo2_ws/install/realsense2_camera_msgs/include/realsense2_camera_msgs/realsense2_camera_msgs/srv/detail/calib_config_read__functions.c
[0.266s] -- Up-to-date: /home/fire/Desktop/fast_livo2_ws/install/realsense2_camera_msgs/include/realsense2_camera_msgs/realsense2_camera_msgs/srv/detail/safety_preset_read__description.c
[0.266s] -- Up-to-date: /home/fire/Desktop/fast_livo2_ws/install/realsense2_camera_msgs/include/realsense2_camera_msgs/realsense2_camera_msgs/srv/detail/hardware_monitor_command_send__functions.c
[0.266s] -- Up-to-date: /home/fire/Desktop/fast_livo2_ws/install/realsense2_camera_msgs/include/realsense2_camera_msgs/realsense2_camera_msgs/srv/detail/hardware_monitor_command_send__struct.h
[0.266s] -- Up-to-date: /home/fire/Desktop/fast_livo2_ws/install/realsense2_camera_msgs/include/realsense2_camera_msgs/realsense2_camera_msgs/srv/detail/safety_preset_write__functions.c
[0.266s] -- Up-to-date: /home/fire/Desktop/fast_livo2_ws/install/realsense2_camera_msgs/include/realsense2_camera_msgs/realsense2_camera_msgs/srv/detail/calib_config_read__description.c
[0.266s] -- Up-to-date: /home/fire/Desktop/fast_livo2_ws/install/realsense2_camera_msgs/include/realsense2_camera_msgs/realsense2_camera_msgs/srv/detail/calib_config_write__struct.h
[0.266s] -- Up-to-date: /home/fire/Desktop/fast_livo2_ws/install/realsense2_camera_msgs/include/realsense2_camera_msgs/realsense2_camera_msgs/srv/detail/application_config_write__type_support.h
[0.266s] -- Up-to-date: /home/fire/Desktop/fast_livo2_ws/install/realsense2_camera_msgs/include/realsense2_camera_msgs/realsense2_camera_msgs/srv/detail/safety_preset_read__struct.h
[0.266s] -- Up-to-date: /home/fire/Desktop/fast_livo2_ws/install/realsense2_camera_msgs/include/realsense2_camera_msgs/realsense2_camera_msgs/srv/detail/application_config_write__functions.h
[0.266s] -- Up-to-date: /home/fire/Desktop/fast_livo2_ws/install/realsense2_camera_msgs/include/realsense2_camera_msgs/realsense2_camera_msgs/srv/detail/application_config_write__type_support.c
[0.266s] -- Up-to-date: /home/fire/Desktop/fast_livo2_ws/install/realsense2_camera_msgs/include/realsense2_camera_msgs/realsense2_camera_msgs/srv/detail/application_config_read__type_support.h
[0.266s] -- Up-to-date: /home/fire/Desktop/fast_livo2_ws/install/realsense2_camera_msgs/include/realsense2_camera_msgs/realsense2_camera_msgs/srv/detail/device_info__type_support.c
[0.267s] -- Up-to-date: /home/fire/Desktop/fast_livo2_ws/install/realsense2_camera_msgs/include/realsense2_camera_msgs/realsense2_camera_msgs/srv/detail/safety_interface_config_write__description.c
[0.267s] -- Up-to-date: /home/fire/Desktop/fast_livo2_ws/install/realsense2_camera_msgs/include/realsense2_camera_msgs/realsense2_camera_msgs/srv/detail/safety_interface_config_read__description.c
[0.267s] -- Up-to-date: /home/fire/Desktop/fast_livo2_ws/install/realsense2_camera_msgs/include/realsense2_camera_msgs/realsense2_camera_msgs/srv/detail/calib_config_write__functions.h
[0.267s] -- Up-to-date: /home/fire/Desktop/fast_livo2_ws/install/realsense2_camera_msgs/include/realsense2_camera_msgs/realsense2_camera_msgs/srv/detail/application_config_write__functions.c
[0.267s] -- Up-to-date: /home/fire/Desktop/fast_livo2_ws/install/realsense2_camera_msgs/include/realsense2_camera_msgs/realsense2_camera_msgs/srv/detail/safety_preset_read__functions.c
[0.267s] -- Up-to-date: /home/fire/Desktop/fast_livo2_ws/install/realsense2_camera_msgs/include/realsense2_camera_msgs/realsense2_camera_msgs/srv/detail/calib_config_read__struct.h
[0.267s] -- Up-to-date: /home/fire/Desktop/fast_livo2_ws/install/realsense2_camera_msgs/include/realsense2_camera_msgs/realsense2_camera_msgs/srv/detail/calib_config_read__type_support.h
[0.267s] -- Up-to-date: /home/fire/Desktop/fast_livo2_ws/install/realsense2_camera_msgs/include/realsense2_camera_msgs/realsense2_camera_msgs/srv/detail/application_config_read__struct.h
[0.267s] -- Up-to-date: /home/fire/Desktop/fast_livo2_ws/install/realsense2_camera_msgs/include/realsense2_camera_msgs/realsense2_camera_msgs/srv/detail/calib_config_write__description.c
[0.267s] -- Up-to-date: /home/fire/Desktop/fast_livo2_ws/install/realsense2_camera_msgs/include/realsense2_camera_msgs/realsense2_camera_msgs/srv/detail/safety_interface_config_read__functions.c
[0.267s] -- Up-to-date: /home/fire/Desktop/fast_livo2_ws/install/realsense2_camera_msgs/include/realsense2_camera_msgs/realsense2_camera_msgs/srv/detail/calib_config_read__functions.h
[0.267s] -- Up-to-date: /home/fire/Desktop/fast_livo2_ws/install/realsense2_camera_msgs/include/realsense2_camera_msgs/realsense2_camera_msgs/srv/detail/calib_config_write__type_support.c
[0.267s] -- Up-to-date: /home/fire/Desktop/fast_livo2_ws/install/realsense2_camera_msgs/include/realsense2_camera_msgs/realsense2_camera_msgs/srv/detail/hardware_monitor_command_send__type_support.h
[0.267s] -- Up-to-date: /home/fire/Desktop/fast_livo2_ws/install/realsense2_camera_msgs/include/realsense2_camera_msgs/realsense2_camera_msgs/srv/detail/safety_preset_write__functions.h
[0.267s] -- Up-to-date: /home/fire/Desktop/fast_livo2_ws/install/realsense2_camera_msgs/include/realsense2_camera_msgs/realsense2_camera_msgs/srv/detail/hardware_monitor_command_send__description.c
[0.267s] -- Up-to-date: /home/fire/Desktop/fast_livo2_ws/install/realsense2_camera_msgs/include/realsense2_camera_msgs/realsense2_camera_msgs/srv/detail/safety_interface_config_write__type_support.c
[0.267s] -- Up-to-date: /home/fire/Desktop/fast_livo2_ws/install/realsense2_camera_msgs/include/realsense2_camera_msgs/realsense2_camera_msgs/srv/detail/device_info__functions.c
[0.267s] -- Up-to-date: /home/fire/Desktop/fast_livo2_ws/install/realsense2_camera_msgs/include/realsense2_camera_msgs/realsense2_camera_msgs/srv/detail/safety_interface_config_read__type_support.h
[0.267s] -- Up-to-date: /home/fire/Desktop/fast_livo2_ws/install/realsense2_camera_msgs/include/realsense2_camera_msgs/realsense2_camera_msgs/srv/detail/safety_interface_config_write__functions.h
[0.267s] -- Up-to-date: /home/fire/Desktop/fast_livo2_ws/install/realsense2_camera_msgs/include/realsense2_camera_msgs/realsense2_camera_msgs/srv/detail/safety_preset_read__type_support.c
[0.267s] -- Up-to-date: /home/fire/Desktop/fast_livo2_ws/install/realsense2_camera_msgs/include/realsense2_camera_msgs/realsense2_camera_msgs/srv/detail/safety_interface_config_read__struct.h
[0.267s] -- Up-to-date: /home/fire/Desktop/fast_livo2_ws/install/realsense2_camera_msgs/include/realsense2_camera_msgs/realsense2_camera_msgs/srv/detail/safety_interface_config_read__functions.h
[0.267s] -- Up-to-date: /home/fire/Desktop/fast_livo2_ws/install/realsense2_camera_msgs/include/realsense2_camera_msgs/realsense2_camera_msgs/srv/detail/application_config_write__description.c
[0.267s] -- Up-to-date: /home/fire/Desktop/fast_livo2_ws/install/realsense2_camera_msgs/include/realsense2_camera_msgs/realsense2_camera_msgs/srv/detail/hardware_monitor_command_send__functions.h
[0.267s] -- Up-to-date: /home/fire/Desktop/fast_livo2_ws/install/realsense2_camera_msgs/include/realsense2_camera_msgs/realsense2_camera_msgs/srv/detail/safety_preset_write__type_support.h
[0.267s] -- Up-to-date: /home/fire/Desktop/fast_livo2_ws/install/realsense2_camera_msgs/include/realsense2_camera_msgs/realsense2_camera_msgs/srv/detail/calib_config_write__type_support.h
[0.267s] -- Up-to-date: /home/fire/Desktop/fast_livo2_ws/install/realsense2_camera_msgs/include/realsense2_camera_msgs/realsense2_camera_msgs/srv/detail/safety_preset_read__functions.h
[0.268s] -- Up-to-date: /home/fire/Desktop/fast_livo2_ws/install/realsense2_camera_msgs/include/realsense2_camera_msgs/realsense2_camera_msgs/srv/detail/calib_config_read__type_support.c
[0.268s] -- Up-to-date: /home/fire/Desktop/fast_livo2_ws/install/realsense2_camera_msgs/include/realsense2_camera_msgs/realsense2_camera_msgs/srv/detail/hardware_monitor_command_send__type_support.c
[0.268s] -- Up-to-date: /home/fire/Desktop/fast_livo2_ws/install/realsense2_camera_msgs/include/realsense2_camera_msgs/realsense2_camera_msgs/srv/detail/application_config_read__type_support.c
[0.268s] -- Up-to-date: /home/fire/Desktop/fast_livo2_ws/install/realsense2_camera_msgs/include/realsense2_camera_msgs/realsense2_camera_msgs/srv/detail/safety_interface_config_write__type_support.h
[0.268s] -- Up-to-date: /home/fire/Desktop/fast_livo2_ws/install/realsense2_camera_msgs/include/realsense2_camera_msgs/realsense2_camera_msgs/srv/detail/safety_preset_write__description.c
[0.268s] -- Up-to-date: /home/fire/Desktop/fast_livo2_ws/install/realsense2_camera_msgs/include/realsense2_camera_msgs/realsense2_camera_msgs/srv/detail/calib_config_write__functions.c
[0.268s] -- Up-to-date: /home/fire/Desktop/fast_livo2_ws/install/realsense2_camera_msgs/include/realsense2_camera_msgs/realsense2_camera_msgs/srv/detail/device_info__functions.h
[0.268s] -- Up-to-date: /home/fire/Desktop/fast_livo2_ws/install/realsense2_camera_msgs/include/realsense2_camera_msgs/realsense2_camera_msgs/srv/detail/device_info__struct.h
[0.268s] -- Up-to-date: /home/fire/Desktop/fast_livo2_ws/install/realsense2_camera_msgs/include/realsense2_camera_msgs/realsense2_camera_msgs/srv/detail/application_config_read__functions.c
[0.268s] -- Up-to-date: /home/fire/Desktop/fast_livo2_ws/install/realsense2_camera_msgs/include/realsense2_camera_msgs/realsense2_camera_msgs/srv/safety_interface_config_write.h
[0.268s] -- Up-to-date: /home/fire/Desktop/fast_livo2_ws/install/realsense2_camera_msgs/include/realsense2_camera_msgs/realsense2_camera_msgs/srv/calib_config_write.h
[0.268s] -- Up-to-date: /home/fire/Desktop/fast_livo2_ws/install/realsense2_camera_msgs/share/realsense2_camera_msgs/environment/library_path.sh
[0.268s] -- Up-to-date: /home/fire/Desktop/fast_livo2_ws/install/realsense2_camera_msgs/share/realsense2_camera_msgs/environment/library_path.dsv
[0.268s] -- Up-to-date: /home/fire/Desktop/fast_livo2_ws/install/realsense2_camera_msgs/lib/librealsense2_camera_msgs__rosidl_generator_c.so
[0.268s] -- Up-to-date: /home/fire/Desktop/fast_livo2_ws/install/realsense2_camera_msgs/include/realsense2_camera_msgs/realsense2_camera_msgs
[0.268s] -- Up-to-date: /home/fire/Desktop/fast_livo2_ws/install/realsense2_camera_msgs/include/realsense2_camera_msgs/realsense2_camera_msgs/msg
[0.268s] -- Up-to-date: /home/fire/Desktop/fast_livo2_ws/install/realsense2_camera_msgs/include/realsense2_camera_msgs/realsense2_camera_msgs/msg/rosidl_typesupport_fastrtps_c__visibility_control.h
[0.268s] -- Up-to-date: /home/fire/Desktop/fast_livo2_ws/install/realsense2_camera_msgs/include/realsense2_camera_msgs/realsense2_camera_msgs/msg/detail
[0.268s] -- Up-to-date: /home/fire/Desktop/fast_livo2_ws/install/realsense2_camera_msgs/include/realsense2_camera_msgs/realsense2_camera_msgs/msg/detail/rgbd__rosidl_typesupport_fastrtps_c.h
[0.268s] -- Up-to-date: /home/fire/Desktop/fast_livo2_ws/install/realsense2_camera_msgs/include/realsense2_camera_msgs/realsense2_camera_msgs/msg/detail/metadata__rosidl_typesupport_fastrtps_c.h
[0.268s] -- Up-to-date: /home/fire/Desktop/fast_livo2_ws/install/realsense2_camera_msgs/include/realsense2_camera_msgs/realsense2_camera_msgs/msg/detail/imu_info__rosidl_typesupport_fastrtps_c.h
[0.268s] -- Up-to-date: /home/fire/Desktop/fast_livo2_ws/install/realsense2_camera_msgs/include/realsense2_camera_msgs/realsense2_camera_msgs/msg/detail/extrinsics__rosidl_typesupport_fastrtps_c.h
[0.268s] -- Up-to-date: /home/fire/Desktop/fast_livo2_ws/install/realsense2_camera_msgs/include/realsense2_camera_msgs/realsense2_camera_msgs/action
[0.268s] -- Up-to-date: /home/fire/Desktop/fast_livo2_ws/install/realsense2_camera_msgs/include/realsense2_camera_msgs/realsense2_camera_msgs/action/detail
[0.268s] -- Up-to-date: /home/fire/Desktop/fast_livo2_ws/install/realsense2_camera_msgs/include/realsense2_camera_msgs/realsense2_camera_msgs/action/detail/triggered_calibration__rosidl_typesupport_fastrtps_c.h
[0.268s] -- Up-to-date: /home/fire/Desktop/fast_livo2_ws/install/realsense2_camera_msgs/include/realsense2_camera_msgs/realsense2_camera_msgs/srv
[0.268s] -- Up-to-date: /home/fire/Desktop/fast_livo2_ws/install/realsense2_camera_msgs/include/realsense2_camera_msgs/realsense2_camera_msgs/srv/detail
[0.268s] -- Up-to-date: /home/fire/Desktop/fast_livo2_ws/install/realsense2_camera_msgs/include/realsense2_camera_msgs/realsense2_camera_msgs/srv/detail/device_info__rosidl_typesupport_fastrtps_c.h
[0.268s] -- Up-to-date: /home/fire/Desktop/fast_livo2_ws/install/realsense2_camera_msgs/include/realsense2_camera_msgs/realsense2_camera_msgs/srv/detail/safety_interface_config_write__rosidl_typesupport_fastrtps_c.h
[0.268s] -- Up-to-date: /home/fire/Desktop/fast_livo2_ws/install/realsense2_camera_msgs/include/realsense2_camera_msgs/realsense2_camera_msgs/srv/detail/application_config_write__rosidl_typesupport_fastrtps_c.h
[0.269s] -- Up-to-date: /home/fire/Desktop/fast_livo2_ws/install/realsense2_camera_msgs/include/realsense2_camera_msgs/realsense2_camera_msgs/srv/detail/safety_preset_read__rosidl_typesupport_fastrtps_c.h
[0.269s] -- Up-to-date: /home/fire/Desktop/fast_livo2_ws/install/realsense2_camera_msgs/include/realsense2_camera_msgs/realsense2_camera_msgs/srv/detail/calib_config_write__rosidl_typesupport_fastrtps_c.h
[0.269s] -- Up-to-date: /home/fire/Desktop/fast_livo2_ws/install/realsense2_camera_msgs/include/realsense2_camera_msgs/realsense2_camera_msgs/srv/detail/safety_preset_write__rosidl_typesupport_fastrtps_c.h
[0.269s] -- Up-to-date: /home/fire/Desktop/fast_livo2_ws/install/realsense2_camera_msgs/include/realsense2_camera_msgs/realsense2_camera_msgs/srv/detail/calib_config_read__rosidl_typesupport_fastrtps_c.h
[0.269s] -- Up-to-date: /home/fire/Desktop/fast_livo2_ws/install/realsense2_camera_msgs/include/realsense2_camera_msgs/realsense2_camera_msgs/srv/detail/safety_interface_config_read__rosidl_typesupport_fastrtps_c.h
[0.269s] -- Up-to-date: /home/fire/Desktop/fast_livo2_ws/install/realsense2_camera_msgs/include/realsense2_camera_msgs/realsense2_camera_msgs/srv/detail/hardware_monitor_command_send__rosidl_typesupport_fastrtps_c.h
[0.269s] -- Up-to-date: /home/fire/Desktop/fast_livo2_ws/install/realsense2_camera_msgs/include/realsense2_camera_msgs/realsense2_camera_msgs/srv/detail/application_config_read__rosidl_typesupport_fastrtps_c.h
[0.270s] -- Up-to-date: /home/fire/Desktop/fast_livo2_ws/install/realsense2_camera_msgs/lib/librealsense2_camera_msgs__rosidl_typesupport_fastrtps_c.so
[0.270s] -- Up-to-date: /home/fire/Desktop/fast_livo2_ws/install/realsense2_camera_msgs/include/realsense2_camera_msgs/realsense2_camera_msgs
[0.270s] -- Up-to-date: /home/fire/Desktop/fast_livo2_ws/install/realsense2_camera_msgs/include/realsense2_camera_msgs/realsense2_camera_msgs/msg
[0.270s] -- Up-to-date: /home/fire/Desktop/fast_livo2_ws/install/realsense2_camera_msgs/include/realsense2_camera_msgs/realsense2_camera_msgs/msg/rosidl_typesupport_introspection_c__visibility_control.h
[0.270s] -- Up-to-date: /home/fire/Desktop/fast_livo2_ws/install/realsense2_camera_msgs/include/realsense2_camera_msgs/realsense2_camera_msgs/msg/detail
[0.270s] -- Up-to-date: /home/fire/Desktop/fast_livo2_ws/install/realsense2_camera_msgs/include/realsense2_camera_msgs/realsense2_camera_msgs/msg/detail/imu_info__type_support.c
[0.270s] -- Up-to-date: /home/fire/Desktop/fast_livo2_ws/install/realsense2_camera_msgs/include/realsense2_camera_msgs/realsense2_camera_msgs/msg/detail/extrinsics__type_support.c
[0.270s] -- Up-to-date: /home/fire/Desktop/fast_livo2_ws/install/realsense2_camera_msgs/include/realsense2_camera_msgs/realsense2_camera_msgs/msg/detail/metadata__type_support.c
[0.270s] -- Up-to-date: /home/fire/Desktop/fast_livo2_ws/install/realsense2_camera_msgs/include/realsense2_camera_msgs/realsense2_camera_msgs/msg/detail/rgbd__type_support.c
[0.270s] -- Up-to-date: /home/fire/Desktop/fast_livo2_ws/install/realsense2_camera_msgs/include/realsense2_camera_msgs/realsense2_camera_msgs/msg/detail/imu_info__rosidl_typesupport_introspection_c.h
[0.270s] -- Up-to-date: /home/fire/Desktop/fast_livo2_ws/install/realsense2_camera_msgs/include/realsense2_camera_msgs/realsense2_camera_msgs/msg/detail/metadata__rosidl_typesupport_introspection_c.h
[0.270s] -- Up-to-date: /home/fire/Desktop/fast_livo2_ws/install/realsense2_camera_msgs/include/realsense2_camera_msgs/realsense2_camera_msgs/msg/detail/extrinsics__rosidl_typesupport_introspection_c.h
[0.270s] -- Up-to-date: /home/fire/Desktop/fast_livo2_ws/install/realsense2_camera_msgs/include/realsense2_camera_msgs/realsense2_camera_msgs/msg/detail/rgbd__rosidl_typesupport_introspection_c.h
[0.270s] -- Up-to-date: /home/fire/Desktop/fast_livo2_ws/install/realsense2_camera_msgs/include/realsense2_camera_msgs/realsense2_camera_msgs/action
[0.270s] -- Up-to-date: /home/fire/Desktop/fast_livo2_ws/install/realsense2_camera_msgs/include/realsense2_camera_msgs/realsense2_camera_msgs/action/detail
[0.270s] -- Up-to-date: /home/fire/Desktop/fast_livo2_ws/install/realsense2_camera_msgs/include/realsense2_camera_msgs/realsense2_camera_msgs/action/detail/triggered_calibration__type_support.c
[0.270s] -- Up-to-date: /home/fire/Desktop/fast_livo2_ws/install/realsense2_camera_msgs/include/realsense2_camera_msgs/realsense2_camera_msgs/action/detail/triggered_calibration__rosidl_typesupport_introspection_c.h
[0.271s] -- Up-to-date: /home/fire/Desktop/fast_livo2_ws/install/realsense2_camera_msgs/include/realsense2_camera_msgs/realsense2_camera_msgs/srv
[0.271s] -- Up-to-date: /home/fire/Desktop/fast_livo2_ws/install/realsense2_camera_msgs/include/realsense2_camera_msgs/realsense2_camera_msgs/srv/detail
[0.271s] -- Up-to-date: /home/fire/Desktop/fast_livo2_ws/install/realsense2_camera_msgs/include/realsense2_camera_msgs/realsense2_camera_msgs/srv/detail/safety_preset_write__type_support.c
[0.271s] -- Up-to-date: /home/fire/Desktop/fast_livo2_ws/install/realsense2_camera_msgs/include/realsense2_camera_msgs/realsense2_camera_msgs/srv/detail/safety_interface_config_write__rosidl_typesupport_introspection_c.h
[0.271s] -- Up-to-date: /home/fire/Desktop/fast_livo2_ws/install/realsense2_camera_msgs/include/realsense2_camera_msgs/realsense2_camera_msgs/srv/detail/application_config_write__rosidl_typesupport_introspection_c.h
[0.271s] -- Up-to-date: /home/fire/Desktop/fast_livo2_ws/install/realsense2_camera_msgs/include/realsense2_camera_msgs/realsense2_camera_msgs/srv/detail/hardware_monitor_command_send__rosidl_typesupport_introspection_c.h
[0.271s] -- Up-to-date: /home/fire/Desktop/fast_livo2_ws/install/realsense2_camera_msgs/include/realsense2_camera_msgs/realsense2_camera_msgs/srv/detail/safety_interface_config_read__type_support.c
[0.272s] -- Up-to-date: /home/fire/Desktop/fast_livo2_ws/install/realsense2_camera_msgs/include/realsense2_camera_msgs/realsense2_camera_msgs/srv/detail/safety_preset_read__rosidl_typesupport_introspection_c.h
[0.272s] -- Up-to-date: /home/fire/Desktop/fast_livo2_ws/install/realsense2_camera_msgs/include/realsense2_camera_msgs/realsense2_camera_msgs/srv/detail/application_config_read__rosidl_typesupport_introspection_c.h
[0.272s] -- Up-to-date: /home/fire/Desktop/fast_livo2_ws/install/realsense2_camera_msgs/include/realsense2_camera_msgs/realsense2_camera_msgs/srv/detail/application_config_write__type_support.c
[0.272s] -- Up-to-date: /home/fire/Desktop/fast_livo2_ws/install/realsense2_camera_msgs/include/realsense2_camera_msgs/realsense2_camera_msgs/srv/detail/device_info__type_support.c
[0.272s] -- Up-to-date: /home/fire/Desktop/fast_livo2_ws/install/realsense2_camera_msgs/include/realsense2_camera_msgs/realsense2_camera_msgs/srv/detail/safety_interface_config_read__rosidl_typesupport_introspection_c.h
[0.272s] -- Up-to-date: /home/fire/Desktop/fast_livo2_ws/install/realsense2_camera_msgs/include/realsense2_camera_msgs/realsense2_camera_msgs/srv/detail/calib_config_write__rosidl_typesupport_introspection_c.h
[0.272s] -- Up-to-date: /home/fire/Desktop/fast_livo2_ws/install/realsense2_camera_msgs/include/realsense2_camera_msgs/realsense2_camera_msgs/srv/detail/calib_config_read__rosidl_typesupport_introspection_c.h
[0.272s] -- Up-to-date: /home/fire/Desktop/fast_livo2_ws/install/realsense2_camera_msgs/include/realsense2_camera_msgs/realsense2_camera_msgs/srv/detail/calib_config_write__type_support.c
[0.272s] -- Up-to-date: /home/fire/Desktop/fast_livo2_ws/install/realsense2_camera_msgs/include/realsense2_camera_msgs/realsense2_camera_msgs/srv/detail/safety_interface_config_write__type_support.c
[0.272s] -- Up-to-date: /home/fire/Desktop/fast_livo2_ws/install/realsense2_camera_msgs/include/realsense2_camera_msgs/realsense2_camera_msgs/srv/detail/safety_preset_read__type_support.c
[0.272s] -- Up-to-date: /home/fire/Desktop/fast_livo2_ws/install/realsense2_camera_msgs/include/realsense2_camera_msgs/realsense2_camera_msgs/srv/detail/calib_config_read__type_support.c
[0.272s] -- Up-to-date: /home/fire/Desktop/fast_livo2_ws/install/realsense2_camera_msgs/include/realsense2_camera_msgs/realsense2_camera_msgs/srv/detail/hardware_monitor_command_send__type_support.c
[0.272s] -- Up-to-date: /home/fire/Desktop/fast_livo2_ws/install/realsense2_camera_msgs/include/realsense2_camera_msgs/realsense2_camera_msgs/srv/detail/device_info__rosidl_typesupport_introspection_c.h
[0.272s] -- Up-to-date: /home/fire/Desktop/fast_livo2_ws/install/realsense2_camera_msgs/include/realsense2_camera_msgs/realsense2_camera_msgs/srv/detail/application_config_read__type_support.c
[0.272s] -- Up-to-date: /home/fire/Desktop/fast_livo2_ws/install/realsense2_camera_msgs/include/realsense2_camera_msgs/realsense2_camera_msgs/srv/detail/safety_preset_write__rosidl_typesupport_introspection_c.h
[0.272s] -- Up-to-date: /home/fire/Desktop/fast_livo2_ws/install/realsense2_camera_msgs/lib/librealsense2_camera_msgs__rosidl_typesupport_introspection_c.so
[0.272s] -- Up-to-date: /home/fire/Desktop/fast_livo2_ws/install/realsense2_camera_msgs/lib/librealsense2_camera_msgs__rosidl_typesupport_c.so
[0.272s] -- Up-to-date: /home/fire/Desktop/fast_livo2_ws/install/realsense2_camera_msgs/include/realsense2_camera_msgs/realsense2_camera_msgs
[0.272s] -- Up-to-date: /home/fire/Desktop/fast_livo2_ws/install/realsense2_camera_msgs/include/realsense2_camera_msgs/realsense2_camera_msgs/msg
[0.272s] -- Up-to-date: /home/fire/Desktop/fast_livo2_ws/install/realsense2_camera_msgs/include/realsense2_camera_msgs/realsense2_camera_msgs/msg/rosidl_generator_cpp__visibility_control.hpp
[0.272s] -- Up-to-date: /home/fire/Desktop/fast_livo2_ws/install/realsense2_camera_msgs/include/realsense2_camera_msgs/realsense2_camera_msgs/msg/rgbd.hpp
[0.272s] -- Up-to-date: /home/fire/Desktop/fast_livo2_ws/install/realsense2_camera_msgs/include/realsense2_camera_msgs/realsense2_camera_msgs/msg/imu_info.hpp
[0.273s] -- Up-to-date: /home/fire/Desktop/fast_livo2_ws/install/realsense2_camera_msgs/include/realsense2_camera_msgs/realsense2_camera_msgs/msg/metadata.hpp
[0.273s] -- Up-to-date: /home/fire/Desktop/fast_livo2_ws/install/realsense2_camera_msgs/include/realsense2_camera_msgs/realsense2_camera_msgs/msg/extrinsics.hpp
[0.273s] -- Up-to-date: /home/fire/Desktop/fast_livo2_ws/install/realsense2_camera_msgs/include/realsense2_camera_msgs/realsense2_camera_msgs/msg/detail
[0.273s] -- Up-to-date: /home/fire/Desktop/fast_livo2_ws/install/realsense2_camera_msgs/include/realsense2_camera_msgs/realsense2_camera_msgs/msg/detail/metadata__type_support.hpp
[0.273s] -- Up-to-date: /home/fire/Desktop/fast_livo2_ws/install/realsense2_camera_msgs/include/realsense2_camera_msgs/realsense2_camera_msgs/msg/detail/metadata__builder.hpp
[0.273s] -- Up-to-date: /home/fire/Desktop/fast_livo2_ws/install/realsense2_camera_msgs/include/realsense2_camera_msgs/realsense2_camera_msgs/msg/detail/extrinsics__traits.hpp
[0.273s] -- Up-to-date: /home/fire/Desktop/fast_livo2_ws/install/realsense2_camera_msgs/include/realsense2_camera_msgs/realsense2_camera_msgs/msg/detail/extrinsics__struct.hpp
[0.273s] -- Up-to-date: /home/fire/Desktop/fast_livo2_ws/install/realsense2_camera_msgs/include/realsense2_camera_msgs/realsense2_camera_msgs/msg/detail/imu_info__struct.hpp
[0.273s] -- Up-to-date: /home/fire/Desktop/fast_livo2_ws/install/realsense2_camera_msgs/include/realsense2_camera_msgs/realsense2_camera_msgs/msg/detail/rgbd__builder.hpp
[0.273s] -- Up-to-date: /home/fire/Desktop/fast_livo2_ws/install/realsense2_camera_msgs/include/realsense2_camera_msgs/realsense2_camera_msgs/msg/detail/rgbd__struct.hpp
[0.273s] -- Up-to-date: /home/fire/Desktop/fast_livo2_ws/install/realsense2_camera_msgs/include/realsense2_camera_msgs/realsense2_camera_msgs/msg/detail/metadata__traits.hpp
[0.273s] -- Up-to-date: /home/fire/Desktop/fast_livo2_ws/install/realsense2_camera_msgs/include/realsense2_camera_msgs/realsense2_camera_msgs/msg/detail/imu_info__traits.hpp
[0.273s] -- Up-to-date: /home/fire/Desktop/fast_livo2_ws/install/realsense2_camera_msgs/include/realsense2_camera_msgs/realsense2_camera_msgs/msg/detail/extrinsics__type_support.hpp
[0.274s] -- Up-to-date: /home/fire/Desktop/fast_livo2_ws/install/realsense2_camera_msgs/include/realsense2_camera_msgs/realsense2_camera_msgs/msg/detail/extrinsics__builder.hpp
[0.274s] -- Up-to-date: /home/fire/Desktop/fast_livo2_ws/install/realsense2_camera_msgs/include/realsense2_camera_msgs/realsense2_camera_msgs/msg/detail/rgbd__type_support.hpp
[0.274s] -- Up-to-date: /home/fire/Desktop/fast_livo2_ws/install/realsense2_camera_msgs/include/realsense2_camera_msgs/realsense2_camera_msgs/msg/detail/imu_info__type_support.hpp
[0.274s] -- Up-to-date: /home/fire/Desktop/fast_livo2_ws/install/realsense2_camera_msgs/include/realsense2_camera_msgs/realsense2_camera_msgs/msg/detail/imu_info__builder.hpp
[0.274s] -- Up-to-date: /home/fire/Desktop/fast_livo2_ws/install/realsense2_camera_msgs/include/realsense2_camera_msgs/realsense2_camera_msgs/msg/detail/metadata__struct.hpp
[0.274s] -- Up-to-date: /home/fire/Desktop/fast_livo2_ws/install/realsense2_camera_msgs/include/realsense2_camera_msgs/realsense2_camera_msgs/msg/detail/rgbd__traits.hpp
[0.274s] -- Up-to-date: /home/fire/Desktop/fast_livo2_ws/install/realsense2_camera_msgs/include/realsense2_camera_msgs/realsense2_camera_msgs/action
[0.274s] -- Up-to-date: /home/fire/Desktop/fast_livo2_ws/install/realsense2_camera_msgs/include/realsense2_camera_msgs/realsense2_camera_msgs/action/triggered_calibration.hpp
[0.274s] -- Up-to-date: /home/fire/Desktop/fast_livo2_ws/install/realsense2_camera_msgs/include/realsense2_camera_msgs/realsense2_camera_msgs/action/detail
[0.274s] -- Up-to-date: /home/fire/Desktop/fast_livo2_ws/install/realsense2_camera_msgs/include/realsense2_camera_msgs/realsense2_camera_msgs/action/detail/triggered_calibration__struct.hpp
[0.274s] -- Up-to-date: /home/fire/Desktop/fast_livo2_ws/install/realsense2_camera_msgs/include/realsense2_camera_msgs/realsense2_camera_msgs/action/detail/triggered_calibration__type_support.hpp
[0.274s] -- Up-to-date: /home/fire/Desktop/fast_livo2_ws/install/realsense2_camera_msgs/include/realsense2_camera_msgs/realsense2_camera_msgs/action/detail/triggered_calibration__builder.hpp
[0.274s] -- Up-to-date: /home/fire/Desktop/fast_livo2_ws/install/realsense2_camera_msgs/include/realsense2_camera_msgs/realsense2_camera_msgs/action/detail/triggered_calibration__traits.hpp
[0.274s] -- Up-to-date: /home/fire/Desktop/fast_livo2_ws/install/realsense2_camera_msgs/include/realsense2_camera_msgs/realsense2_camera_msgs/srv
[0.274s] -- Up-to-date: /home/fire/Desktop/fast_livo2_ws/install/realsense2_camera_msgs/include/realsense2_camera_msgs/realsense2_camera_msgs/srv/safety_interface_config_write.hpp
[0.274s] -- Up-to-date: /home/fire/Desktop/fast_livo2_ws/install/realsense2_camera_msgs/include/realsense2_camera_msgs/realsense2_camera_msgs/srv/calib_config_write.hpp
[0.274s] -- Up-to-date: /home/fire/Desktop/fast_livo2_ws/install/realsense2_camera_msgs/include/realsense2_camera_msgs/realsense2_camera_msgs/srv/hardware_monitor_command_send.hpp
[0.274s] -- Up-to-date: /home/fire/Desktop/fast_livo2_ws/install/realsense2_camera_msgs/include/realsense2_camera_msgs/realsense2_camera_msgs/srv/application_config_read.hpp
[0.274s] -- Up-to-date: /home/fire/Desktop/fast_livo2_ws/install/realsense2_camera_msgs/include/realsense2_camera_msgs/realsense2_camera_msgs/srv/device_info.hpp
[0.274s] -- Up-to-date: /home/fire/Desktop/fast_livo2_ws/install/realsense2_camera_msgs/include/realsense2_camera_msgs/realsense2_camera_msgs/srv/application_config_write.hpp
[0.274s] -- Up-to-date: /home/fire/Desktop/fast_livo2_ws/install/realsense2_camera_msgs/include/realsense2_camera_msgs/realsense2_camera_msgs/srv/safety_preset_write.hpp
[0.274s] -- Up-to-date: /home/fire/Desktop/fast_livo2_ws/install/realsense2_camera_msgs/include/realsense2_camera_msgs/realsense2_camera_msgs/srv/calib_config_read.hpp
[0.274s] -- Up-to-date: /home/fire/Desktop/fast_livo2_ws/install/realsense2_camera_msgs/include/realsense2_camera_msgs/realsense2_camera_msgs/srv/safety_interface_config_read.hpp
[0.274s] -- Up-to-date: /home/fire/Desktop/fast_livo2_ws/install/realsense2_camera_msgs/include/realsense2_camera_msgs/realsense2_camera_msgs/srv/detail
[0.274s] -- Up-to-date: /home/fire/Desktop/fast_livo2_ws/install/realsense2_camera_msgs/include/realsense2_camera_msgs/realsense2_camera_msgs/srv/detail/calib_config_write__type_support.hpp
[0.274s] -- Up-to-date: /home/fire/Desktop/fast_livo2_ws/install/realsense2_camera_msgs/include/realsense2_camera_msgs/realsense2_camera_msgs/srv/detail/application_config_read__struct.hpp
[0.274s] -- Up-to-date: /home/fire/Desktop/fast_livo2_ws/install/realsense2_camera_msgs/include/realsense2_camera_msgs/realsense2_camera_msgs/srv/detail/application_config_write__struct.hpp
[0.274s] -- Up-to-date: /home/fire/Desktop/fast_livo2_ws/install/realsense2_camera_msgs/include/realsense2_camera_msgs/realsense2_camera_msgs/srv/detail/safety_preset_read__builder.hpp
[0.274s] -- Up-to-date: /home/fire/Desktop/fast_livo2_ws/install/realsense2_camera_msgs/include/realsense2_camera_msgs/realsense2_camera_msgs/srv/detail/hardware_monitor_command_send__traits.hpp
[0.274s] -- Up-to-date: /home/fire/Desktop/fast_livo2_ws/install/realsense2_camera_msgs/include/realsense2_camera_msgs/realsense2_camera_msgs/srv/detail/calib_config_read__struct.hpp
[0.274s] -- Up-to-date: /home/fire/Desktop/fast_livo2_ws/install/realsense2_camera_msgs/include/realsense2_camera_msgs/realsense2_camera_msgs/srv/detail/device_info__builder.hpp
[0.274s] -- Up-to-date: /home/fire/Desktop/fast_livo2_ws/install/realsense2_camera_msgs/include/realsense2_camera_msgs/realsense2_camera_msgs/srv/detail/safety_interface_config_write__type_support.hpp
[0.274s] -- Up-to-date: /home/fire/Desktop/fast_livo2_ws/install/realsense2_camera_msgs/include/realsense2_camera_msgs/realsense2_camera_msgs/srv/detail/calib_config_read__type_support.hpp
[0.274s] -- Up-to-date: /home/fire/Desktop/fast_livo2_ws/install/realsense2_camera_msgs/include/realsense2_camera_msgs/realsense2_camera_msgs/srv/detail/safety_preset_write__builder.hpp
[0.274s] -- Up-to-date: /home/fire/Desktop/fast_livo2_ws/install/realsense2_camera_msgs/include/realsense2_camera_msgs/realsense2_camera_msgs/srv/detail/application_config_write__traits.hpp
[0.274s] -- Up-to-date: /home/fire/Desktop/fast_livo2_ws/install/realsense2_camera_msgs/include/realsense2_camera_msgs/realsense2_camera_msgs/srv/detail/calib_config_write__struct.hpp
[0.275s] -- Up-to-date: /home/fire/Desktop/fast_livo2_ws/install/realsense2_camera_msgs/include/realsense2_camera_msgs/realsense2_camera_msgs/srv/detail/safety_interface_config_read__builder.hpp
[0.275s] -- Up-to-date: /home/fire/Desktop/fast_livo2_ws/install/realsense2_camera_msgs/include/realsense2_camera_msgs/realsense2_camera_msgs/srv/detail/safety_interface_config_read__type_support.hpp
[0.275s] -- Up-to-date: /home/fire/Desktop/fast_livo2_ws/install/realsense2_camera_msgs/include/realsense2_camera_msgs/realsense2_camera_msgs/srv/detail/safety_preset_read__struct.hpp
[0.275s] -- Up-to-date: /home/fire/Desktop/fast_livo2_ws/install/realsense2_camera_msgs/include/realsense2_camera_msgs/realsense2_camera_msgs/srv/detail/safety_preset_read__traits.hpp
[0.275s] -- Up-to-date: /home/fire/Desktop/fast_livo2_ws/install/realsense2_camera_msgs/include/realsense2_camera_msgs/realsense2_camera_msgs/srv/detail/application_config_read__traits.hpp
[0.275s] -- Up-to-date: /home/fire/Desktop/fast_livo2_ws/install/realsense2_camera_msgs/include/realsense2_camera_msgs/realsense2_camera_msgs/srv/detail/device_info__traits.hpp
[0.275s] -- Up-to-date: /home/fire/Desktop/fast_livo2_ws/install/realsense2_camera_msgs/include/realsense2_camera_msgs/realsense2_camera_msgs/srv/detail/hardware_monitor_command_send__builder.hpp
[0.275s] -- Up-to-date: /home/fire/Desktop/fast_livo2_ws/install/realsense2_camera_msgs/include/realsense2_camera_msgs/realsense2_camera_msgs/srv/detail/calib_config_write__builder.hpp
[0.275s] -- Up-to-date: /home/fire/Desktop/fast_livo2_ws/install/realsense2_camera_msgs/include/realsense2_camera_msgs/realsense2_camera_msgs/srv/detail/safety_interface_config_read__traits.hpp
[0.275s] -- Up-to-date: /home/fire/Desktop/fast_livo2_ws/install/realsense2_camera_msgs/include/realsense2_camera_msgs/realsense2_camera_msgs/srv/detail/hardware_monitor_command_send__type_support.hpp
[0.275s] -- Up-to-date: /home/fire/Desktop/fast_livo2_ws/install/realsense2_camera_msgs/include/realsense2_camera_msgs/realsense2_camera_msgs/srv/detail/safety_interface_config_write__traits.hpp
[0.275s] -- Up-to-date: /home/fire/Desktop/fast_livo2_ws/install/realsense2_camera_msgs/include/realsense2_camera_msgs/realsense2_camera_msgs/srv/detail/application_config_write__type_support.hpp
[0.275s] -- Up-to-date: /home/fire/Desktop/fast_livo2_ws/install/realsense2_camera_msgs/include/realsense2_camera_msgs/realsense2_camera_msgs/srv/detail/application_config_read__builder.hpp
[0.275s] -- Up-to-date: /home/fire/Desktop/fast_livo2_ws/install/realsense2_camera_msgs/include/realsense2_camera_msgs/realsense2_camera_msgs/srv/detail/device_info__struct.hpp
[0.275s] -- Up-to-date: /home/fire/Desktop/fast_livo2_ws/install/realsense2_camera_msgs/include/realsense2_camera_msgs/realsense2_camera_msgs/srv/detail/device_info__type_support.hpp
[0.275s] -- Up-to-date: /home/fire/Desktop/fast_livo2_ws/install/realsense2_camera_msgs/include/realsense2_camera_msgs/realsense2_camera_msgs/srv/detail/safety_interface_config_write__builder.hpp
[0.275s] -- Up-to-date: /home/fire/Desktop/fast_livo2_ws/install/realsense2_camera_msgs/include/realsense2_camera_msgs/realsense2_camera_msgs/srv/detail/safety_interface_config_read__struct.hpp
[0.275s] -- Up-to-date: /home/fire/Desktop/fast_livo2_ws/install/realsense2_camera_msgs/include/realsense2_camera_msgs/realsense2_camera_msgs/srv/detail/safety_preset_read__type_support.hpp
[0.275s] -- Up-to-date: /home/fire/Desktop/fast_livo2_ws/install/realsense2_camera_msgs/include/realsense2_camera_msgs/realsense2_camera_msgs/srv/detail/application_config_read__type_support.hpp
[0.275s] -- Up-to-date: /home/fire/Desktop/fast_livo2_ws/install/realsense2_camera_msgs/include/realsense2_camera_msgs/realsense2_camera_msgs/srv/detail/safety_interface_config_write__struct.hpp
[0.275s] -- Up-to-date: /home/fire/Desktop/fast_livo2_ws/install/realsense2_camera_msgs/include/realsense2_camera_msgs/realsense2_camera_msgs/srv/detail/hardware_monitor_command_send__struct.hpp
[0.275s] -- Up-to-date: /home/fire/Desktop/fast_livo2_ws/install/realsense2_camera_msgs/include/realsense2_camera_msgs/realsense2_camera_msgs/srv/detail/calib_config_write__traits.hpp
[0.275s] -- Up-to-date: /home/fire/Desktop/fast_livo2_ws/install/realsense2_camera_msgs/include/realsense2_camera_msgs/realsense2_camera_msgs/srv/detail/calib_config_read__builder.hpp
[0.275s] -- Up-to-date: /home/fire/Desktop/fast_livo2_ws/install/realsense2_camera_msgs/include/realsense2_camera_msgs/realsense2_camera_msgs/srv/detail/application_config_write__builder.hpp
[0.275s] -- Up-to-date: /home/fire/Desktop/fast_livo2_ws/install/realsense2_camera_msgs/include/realsense2_camera_msgs/realsense2_camera_msgs/srv/detail/calib_config_read__traits.hpp
[0.275s] -- Up-to-date: /home/fire/Desktop/fast_livo2_ws/install/realsense2_camera_msgs/include/realsense2_camera_msgs/realsense2_camera_msgs/srv/detail/safety_preset_write__struct.hpp
[0.275s] -- Up-to-date: /home/fire/Desktop/fast_livo2_ws/install/realsense2_camera_msgs/include/realsense2_camera_msgs/realsense2_camera_msgs/srv/detail/safety_preset_write__type_support.hpp
[0.275s] -- Up-to-date: /home/fire/Desktop/fast_livo2_ws/install/realsense2_camera_msgs/include/realsense2_camera_msgs/realsense2_camera_msgs/srv/detail/safety_preset_write__traits.hpp
[0.275s] -- Up-to-date: /home/fire/Desktop/fast_livo2_ws/install/realsense2_camera_msgs/include/realsense2_camera_msgs/realsense2_camera_msgs/srv/safety_preset_read.hpp
[0.275s] -- Up-to-date: /home/fire/Desktop/fast_livo2_ws/install/realsense2_camera_msgs/include/realsense2_camera_msgs/realsense2_camera_msgs
[0.275s] -- Up-to-date: /home/fire/Desktop/fast_livo2_ws/install/realsense2_camera_msgs/include/realsense2_camera_msgs/realsense2_camera_msgs/msg
[0.275s] -- Up-to-date: /home/fire/Desktop/fast_livo2_ws/install/realsense2_camera_msgs/include/realsense2_camera_msgs/realsense2_camera_msgs/msg/rosidl_typesupport_fastrtps_cpp__visibility_control.h
[0.275s] -- Up-to-date: /home/fire/Desktop/fast_livo2_ws/install/realsense2_camera_msgs/include/realsense2_camera_msgs/realsense2_camera_msgs/msg/detail
[0.275s] -- Up-to-date: /home/fire/Desktop/fast_livo2_ws/install/realsense2_camera_msgs/include/realsense2_camera_msgs/realsense2_camera_msgs/msg/detail/imu_info__rosidl_typesupport_fastrtps_cpp.hpp
[0.275s] -- Up-to-date: /home/fire/Desktop/fast_livo2_ws/install/realsense2_camera_msgs/include/realsense2_camera_msgs/realsense2_camera_msgs/msg/detail/dds_fastrtps
[0.275s] -- Up-to-date: /home/fire/Desktop/fast_livo2_ws/install/realsense2_camera_msgs/include/realsense2_camera_msgs/realsense2_camera_msgs/msg/detail/rgbd__rosidl_typesupport_fastrtps_cpp.hpp
[0.276s] -- Up-to-date: /home/fire/Desktop/fast_livo2_ws/install/realsense2_camera_msgs/include/realsense2_camera_msgs/realsense2_camera_msgs/msg/detail/metadata__rosidl_typesupport_fastrtps_cpp.hpp
[0.276s] -- Up-to-date: /home/fire/Desktop/fast_livo2_ws/install/realsense2_camera_msgs/include/realsense2_camera_msgs/realsense2_camera_msgs/msg/detail/extrinsics__rosidl_typesupport_fastrtps_cpp.hpp
[0.276s] -- Up-to-date: /home/fire/Desktop/fast_livo2_ws/install/realsense2_camera_msgs/include/realsense2_camera_msgs/realsense2_camera_msgs/action
[0.276s] -- Up-to-date: /home/fire/Desktop/fast_livo2_ws/install/realsense2_camera_msgs/include/realsense2_camera_msgs/realsense2_camera_msgs/action/detail
[0.276s] -- Up-to-date: /home/fire/Desktop/fast_livo2_ws/install/realsense2_camera_msgs/include/realsense2_camera_msgs/realsense2_camera_msgs/action/detail/dds_fastrtps
[0.276s] -- Up-to-date: /home/fire/Desktop/fast_livo2_ws/install/realsense2_camera_msgs/include/realsense2_camera_msgs/realsense2_camera_msgs/action/detail/triggered_calibration__rosidl_typesupport_fastrtps_cpp.hpp
[0.276s] -- Up-to-date: /home/fire/Desktop/fast_livo2_ws/install/realsense2_camera_msgs/include/realsense2_camera_msgs/realsense2_camera_msgs/srv
[0.276s] -- Up-to-date: /home/fire/Desktop/fast_livo2_ws/install/realsense2_camera_msgs/include/realsense2_camera_msgs/realsense2_camera_msgs/srv/detail
[0.276s] -- Up-to-date: /home/fire/Desktop/fast_livo2_ws/install/realsense2_camera_msgs/include/realsense2_camera_msgs/realsense2_camera_msgs/srv/detail/application_config_read__rosidl_typesupport_fastrtps_cpp.hpp
[0.276s] -- Up-to-date: /home/fire/Desktop/fast_livo2_ws/install/realsense2_camera_msgs/include/realsense2_camera_msgs/realsense2_camera_msgs/srv/detail/calib_config_read__rosidl_typesupport_fastrtps_cpp.hpp
[0.276s] -- Up-to-date: /home/fire/Desktop/fast_livo2_ws/install/realsense2_camera_msgs/include/realsense2_camera_msgs/realsense2_camera_msgs/srv/detail/safety_interface_config_read__rosidl_typesupport_fastrtps_cpp.hpp
[0.276s] -- Up-to-date: /home/fire/Desktop/fast_livo2_ws/install/realsense2_camera_msgs/include/realsense2_camera_msgs/realsense2_camera_msgs/srv/detail/safety_preset_read__rosidl_typesupport_fastrtps_cpp.hpp
[0.276s] -- Up-to-date: /home/fire/Desktop/fast_livo2_ws/install/realsense2_camera_msgs/include/realsense2_camera_msgs/realsense2_camera_msgs/srv/detail/dds_fastrtps
[0.276s] -- Up-to-date: /home/fire/Desktop/fast_livo2_ws/install/realsense2_camera_msgs/include/realsense2_camera_msgs/realsense2_camera_msgs/srv/detail/safety_interface_config_write__rosidl_typesupport_fastrtps_cpp.hpp
[0.276s] -- Up-to-date: /home/fire/Desktop/fast_livo2_ws/install/realsense2_camera_msgs/include/realsense2_camera_msgs/realsense2_camera_msgs/srv/detail/application_config_write__rosidl_typesupport_fastrtps_cpp.hpp
[0.276s] -- Up-to-date: /home/fire/Desktop/fast_livo2_ws/install/realsense2_camera_msgs/include/realsense2_camera_msgs/realsense2_camera_msgs/srv/detail/device_info__rosidl_typesupport_fastrtps_cpp.hpp
[0.276s] -- Up-to-date: /home/fire/Desktop/fast_livo2_ws/install/realsense2_camera_msgs/include/realsense2_camera_msgs/realsense2_camera_msgs/srv/detail/hardware_monitor_command_send__rosidl_typesupport_fastrtps_cpp.hpp
[0.276s] -- Up-to-date: /home/fire/Desktop/fast_livo2_ws/install/realsense2_camera_msgs/include/realsense2_camera_msgs/realsense2_camera_msgs/srv/detail/safety_preset_write__rosidl_typesupport_fastrtps_cpp.hpp
[0.276s] -- Up-to-date: /home/fire/Desktop/fast_livo2_ws/install/realsense2_camera_msgs/include/realsense2_camera_msgs/realsense2_camera_msgs/srv/detail/calib_config_write__rosidl_typesupport_fastrtps_cpp.hpp
[0.276s] -- Up-to-date: /home/fire/Desktop/fast_livo2_ws/install/realsense2_camera_msgs/lib/librealsense2_camera_msgs__rosidl_typesupport_fastrtps_cpp.so
[0.276s] -- Up-to-date: /home/fire/Desktop/fast_livo2_ws/install/realsense2_camera_msgs/include/realsense2_camera_msgs/realsense2_camera_msgs
[0.276s] -- Up-to-date: /home/fire/Desktop/fast_livo2_ws/install/realsense2_camera_msgs/include/realsense2_camera_msgs/realsense2_camera_msgs/msg
[0.276s] -- Up-to-date: /home/fire/Desktop/fast_livo2_ws/install/realsense2_camera_msgs/include/realsense2_camera_msgs/realsense2_camera_msgs/msg/detail
[0.276s] -- Up-to-date: /home/fire/Desktop/fast_livo2_ws/install/realsense2_camera_msgs/include/realsense2_camera_msgs/realsense2_camera_msgs/msg/detail/rgbd__type_support.cpp
[0.276s] -- Up-to-date: /home/fire/Desktop/fast_livo2_ws/install/realsense2_camera_msgs/include/realsense2_camera_msgs/realsense2_camera_msgs/msg/detail/extrinsics__type_support.cpp
[0.276s] -- Up-to-date: /home/fire/Desktop/fast_livo2_ws/install/realsense2_camera_msgs/include/realsense2_camera_msgs/realsense2_camera_msgs/msg/detail/metadata__rosidl_typesupport_introspection_cpp.hpp
[0.276s] -- Up-to-date: /home/fire/Desktop/fast_livo2_ws/install/realsense2_camera_msgs/include/realsense2_camera_msgs/realsense2_camera_msgs/msg/detail/rgbd__rosidl_typesupport_introspection_cpp.hpp
[0.276s] -- Up-to-date: /home/fire/Desktop/fast_livo2_ws/install/realsense2_camera_msgs/include/realsense2_camera_msgs/realsense2_camera_msgs/msg/detail/extrinsics__rosidl_typesupport_introspection_cpp.hpp
[0.276s] -- Up-to-date: /home/fire/Desktop/fast_livo2_ws/install/realsense2_camera_msgs/include/realsense2_camera_msgs/realsense2_camera_msgs/msg/detail/imu_info__type_support.cpp
[0.276s] -- Up-to-date: /home/fire/Desktop/fast_livo2_ws/install/realsense2_camera_msgs/include/realsense2_camera_msgs/realsense2_camera_msgs/msg/detail/imu_info__rosidl_typesupport_introspection_cpp.hpp
[0.276s] -- Up-to-date: /home/fire/Desktop/fast_livo2_ws/install/realsense2_camera_msgs/include/realsense2_camera_msgs/realsense2_camera_msgs/msg/detail/metadata__type_support.cpp
[0.276s] -- Up-to-date: /home/fire/Desktop/fast_livo2_ws/install/realsense2_camera_msgs/include/realsense2_camera_msgs/realsense2_camera_msgs/action
[0.276s] -- Up-to-date: /home/fire/Desktop/fast_livo2_ws/install/realsense2_camera_msgs/include/realsense2_camera_msgs/realsense2_camera_msgs/action/detail
[0.276s] -- Up-to-date: /home/fire/Desktop/fast_livo2_ws/install/realsense2_camera_msgs/include/realsense2_camera_msgs/realsense2_camera_msgs/action/detail/triggered_calibration__rosidl_typesupport_introspection_cpp.hpp
[0.276s] -- Up-to-date: /home/fire/Desktop/fast_livo2_ws/install/realsense2_camera_msgs/include/realsense2_camera_msgs/realsense2_camera_msgs/action/detail/triggered_calibration__type_support.cpp
[0.276s] -- Up-to-date: /home/fire/Desktop/fast_livo2_ws/install/realsense2_camera_msgs/include/realsense2_camera_msgs/realsense2_camera_msgs/srv
[0.276s] -- Up-to-date: /home/fire/Desktop/fast_livo2_ws/install/realsense2_camera_msgs/include/realsense2_camera_msgs/realsense2_camera_msgs/srv/detail
[0.277s] -- Up-to-date: /home/fire/Desktop/fast_livo2_ws/install/realsense2_camera_msgs/include/realsense2_camera_msgs/realsense2_camera_msgs/srv/detail/safety_preset_write__rosidl_typesupport_introspection_cpp.hpp
[0.277s] -- Up-to-date: /home/fire/Desktop/fast_livo2_ws/install/realsense2_camera_msgs/include/realsense2_camera_msgs/realsense2_camera_msgs/srv/detail/safety_preset_read__rosidl_typesupport_introspection_cpp.hpp
[0.277s] -- Up-to-date: /home/fire/Desktop/fast_livo2_ws/install/realsense2_camera_msgs/include/realsense2_camera_msgs/realsense2_camera_msgs/srv/detail/safety_interface_config_read__type_support.cpp
[0.277s] -- Up-to-date: /home/fire/Desktop/fast_livo2_ws/install/realsense2_camera_msgs/include/realsense2_camera_msgs/realsense2_camera_msgs/srv/detail/application_config_read__type_support.cpp
[0.277s] -- Up-to-date: /home/fire/Desktop/fast_livo2_ws/install/realsense2_camera_msgs/include/realsense2_camera_msgs/realsense2_camera_msgs/srv/detail/calib_config_write__type_support.cpp
[0.277s] -- Up-to-date: /home/fire/Desktop/fast_livo2_ws/install/realsense2_camera_msgs/include/realsense2_camera_msgs/realsense2_camera_msgs/srv/detail/calib_config_read__type_support.cpp
[0.277s] -- Up-to-date: /home/fire/Desktop/fast_livo2_ws/install/realsense2_camera_msgs/include/realsense2_camera_msgs/realsense2_camera_msgs/srv/detail/safety_interface_config_read__rosidl_typesupport_introspection_cpp.hpp
[0.277s] -- Up-to-date: /home/fire/Desktop/fast_livo2_ws/install/realsense2_camera_msgs/include/realsense2_camera_msgs/realsense2_camera_msgs/srv/detail/hardware_monitor_command_send__type_support.cpp
[0.277s] -- Up-to-date: /home/fire/Desktop/fast_livo2_ws/install/realsense2_camera_msgs/include/realsense2_camera_msgs/realsense2_camera_msgs/srv/detail/calib_config_write__rosidl_typesupport_introspection_cpp.hpp
[0.277s] -- Up-to-date: /home/fire/Desktop/fast_livo2_ws/install/realsense2_camera_msgs/include/realsense2_camera_msgs/realsense2_camera_msgs/srv/detail/application_config_write__rosidl_typesupport_introspection_cpp.hpp
[0.277s] -- Up-to-date: /home/fire/Desktop/fast_livo2_ws/install/realsense2_camera_msgs/include/realsense2_camera_msgs/realsense2_camera_msgs/srv/detail/application_config_read__rosidl_typesupport_introspection_cpp.hpp
[0.277s] -- Up-to-date: /home/fire/Desktop/fast_livo2_ws/install/realsense2_camera_msgs/include/realsense2_camera_msgs/realsense2_camera_msgs/srv/detail/safety_interface_config_write__rosidl_typesupport_introspection_cpp.hpp
[0.277s] -- Up-to-date: /home/fire/Desktop/fast_livo2_ws/install/realsense2_camera_msgs/include/realsense2_camera_msgs/realsense2_camera_msgs/srv/detail/hardware_monitor_command_send__rosidl_typesupport_introspection_cpp.hpp
[0.277s] -- Up-to-date: /home/fire/Desktop/fast_livo2_ws/install/realsense2_camera_msgs/include/realsense2_camera_msgs/realsense2_camera_msgs/srv/detail/safety_preset_write__type_support.cpp
[0.277s] -- Up-to-date: /home/fire/Desktop/fast_livo2_ws/install/realsense2_camera_msgs/include/realsense2_camera_msgs/realsense2_camera_msgs/srv/detail/application_config_write__type_support.cpp
[0.277s] -- Up-to-date: /home/fire/Desktop/fast_livo2_ws/install/realsense2_camera_msgs/include/realsense2_camera_msgs/realsense2_camera_msgs/srv/detail/safety_preset_read__type_support.cpp
[0.277s] -- Up-to-date: /home/fire/Desktop/fast_livo2_ws/install/realsense2_camera_msgs/include/realsense2_camera_msgs/realsense2_camera_msgs/srv/detail/safety_interface_config_write__type_support.cpp
[0.277s] -- Up-to-date: /home/fire/Desktop/fast_livo2_ws/install/realsense2_camera_msgs/include/realsense2_camera_msgs/realsense2_camera_msgs/srv/detail/device_info__rosidl_typesupport_introspection_cpp.hpp
[0.277s] -- Up-to-date: /home/fire/Desktop/fast_livo2_ws/install/realsense2_camera_msgs/include/realsense2_camera_msgs/realsense2_camera_msgs/srv/detail/device_info__type_support.cpp
[0.277s] -- Up-to-date: /home/fire/Desktop/fast_livo2_ws/install/realsense2_camera_msgs/include/realsense2_camera_msgs/realsense2_camera_msgs/srv/detail/calib_config_read__rosidl_typesupport_introspection_cpp.hpp
[0.277s] -- Up-to-date: /home/fire/Desktop/fast_livo2_ws/install/realsense2_camera_msgs/lib/librealsense2_camera_msgs__rosidl_typesupport_introspection_cpp.so
[0.277s] -- Up-to-date: /home/fire/Desktop/fast_livo2_ws/install/realsense2_camera_msgs/lib/librealsense2_camera_msgs__rosidl_typesupport_cpp.so
[0.277s] -- Up-to-date: /home/fire/Desktop/fast_livo2_ws/install/realsense2_camera_msgs/share/realsense2_camera_msgs/environment/pythonpath.sh
[0.277s] -- Up-to-date: /home/fire/Desktop/fast_livo2_ws/install/realsense2_camera_msgs/share/realsense2_camera_msgs/environment/pythonpath.dsv
[0.277s] -- Up-to-date: /home/fire/Desktop/fast_livo2_ws/install/realsense2_camera_msgs/lib/python3.12/site-packages/realsense2_camera_msgs-4.57.7-py3.12.egg-info
[0.277s] -- Installing: /home/fire/Desktop/fast_livo2_ws/install/realsense2_camera_msgs/lib/python3.12/site-packages/realsense2_camera_msgs-4.57.7-py3.12.egg-info/dependency_links.txt
[0.277s] -- Installing: /home/fire/Desktop/fast_livo2_ws/install/realsense2_camera_msgs/lib/python3.12/site-packages/realsense2_camera_msgs-4.57.7-py3.12.egg-info/top_level.txt
[0.277s] -- Installing: /home/fire/Desktop/fast_livo2_ws/install/realsense2_camera_msgs/lib/python3.12/site-packages/realsense2_camera_msgs-4.57.7-py3.12.egg-info/SOURCES.txt
[0.277s] -- Installing: /home/fire/Desktop/fast_livo2_ws/install/realsense2_camera_msgs/lib/python3.12/site-packages/realsense2_camera_msgs-4.57.7-py3.12.egg-info/PKG-INFO
[0.277s] -- Up-to-date: /home/fire/Desktop/fast_livo2_ws/install/realsense2_camera_msgs/lib/python3.12/site-packages/realsense2_camera_msgs
[0.277s] -- Up-to-date: /home/fire/Desktop/fast_livo2_ws/install/realsense2_camera_msgs/lib/python3.12/site-packages/realsense2_camera_msgs/realsense2_camera_msgs_s__rosidl_typesupport_introspection_c.so
[0.277s] -- Up-to-date: /home/fire/Desktop/fast_livo2_ws/install/realsense2_camera_msgs/lib/python3.12/site-packages/realsense2_camera_msgs/msg
[0.277s] -- Up-to-date: /home/fire/Desktop/fast_livo2_ws/install/realsense2_camera_msgs/lib/python3.12/site-packages/realsense2_camera_msgs/msg/__init__.py
[0.277s] -- Up-to-date: /home/fire/Desktop/fast_livo2_ws/install/realsense2_camera_msgs/lib/python3.12/site-packages/realsense2_camera_msgs/msg/_rgbd.py
[0.277s] -- Up-to-date: /home/fire/Desktop/fast_livo2_ws/install/realsense2_camera_msgs/lib/python3.12/site-packages/realsense2_camera_msgs/msg/_imu_info_s.c
[0.277s] -- Up-to-date: /home/fire/Desktop/fast_livo2_ws/install/realsense2_camera_msgs/lib/python3.12/site-packages/realsense2_camera_msgs/msg/_extrinsics.py
[0.277s] -- Up-to-date: /home/fire/Desktop/fast_livo2_ws/install/realsense2_camera_msgs/lib/python3.12/site-packages/realsense2_camera_msgs/msg/_metadata.py
[0.278s] -- Up-to-date: /home/fire/Desktop/fast_livo2_ws/install/realsense2_camera_msgs/lib/python3.12/site-packages/realsense2_camera_msgs/msg/_rgbd_s.c
[0.278s] -- Up-to-date: /home/fire/Desktop/fast_livo2_ws/install/realsense2_camera_msgs/lib/python3.12/site-packages/realsense2_camera_msgs/msg/_imu_info.py
[0.278s] -- Up-to-date: /home/fire/Desktop/fast_livo2_ws/install/realsense2_camera_msgs/lib/python3.12/site-packages/realsense2_camera_msgs/msg/_extrinsics_s.c
[0.278s] -- Up-to-date: /home/fire/Desktop/fast_livo2_ws/install/realsense2_camera_msgs/lib/python3.12/site-packages/realsense2_camera_msgs/msg/_metadata_s.c
[0.278s] -- Up-to-date: /home/fire/Desktop/fast_livo2_ws/install/realsense2_camera_msgs/lib/python3.12/site-packages/realsense2_camera_msgs/_realsense2_camera_msgs_s.ep.rosidl_typesupport_introspection_c.c
[0.278s] -- Up-to-date: /home/fire/Desktop/fast_livo2_ws/install/realsense2_camera_msgs/lib/python3.12/site-packages/realsense2_camera_msgs/_realsense2_camera_msgs_s.ep.rosidl_typesupport_fastrtps_c.c
[0.278s] -- Up-to-date: /home/fire/Desktop/fast_livo2_ws/install/realsense2_camera_msgs/lib/python3.12/site-packages/realsense2_camera_msgs/realsense2_camera_msgs_s__rosidl_typesupport_fastrtps_c.so
[0.278s] -- Up-to-date: /home/fire/Desktop/fast_livo2_ws/install/realsense2_camera_msgs/lib/python3.12/site-packages/realsense2_camera_msgs/__init__.py
[0.278s] -- Up-to-date: /home/fire/Desktop/fast_livo2_ws/install/realsense2_camera_msgs/lib/python3.12/site-packages/realsense2_camera_msgs/_realsense2_camera_msgs_s.ep.rosidl_typesupport_c.c
[0.278s] -- Up-to-date: /home/fire/Desktop/fast_livo2_ws/install/realsense2_camera_msgs/lib/python3.12/site-packages/realsense2_camera_msgs/action
[0.278s] -- Up-to-date: /home/fire/Desktop/fast_livo2_ws/install/realsense2_camera_msgs/lib/python3.12/site-packages/realsense2_camera_msgs/action/_triggered_calibration.py
[0.278s] -- Up-to-date: /home/fire/Desktop/fast_livo2_ws/install/realsense2_camera_msgs/lib/python3.12/site-packages/realsense2_camera_msgs/action/__init__.py
[0.278s] -- Up-to-date: /home/fire/Desktop/fast_livo2_ws/install/realsense2_camera_msgs/lib/python3.12/site-packages/realsense2_camera_msgs/action/_triggered_calibration_s.c
[0.278s] -- Up-to-date: /home/fire/Desktop/fast_livo2_ws/install/realsense2_camera_msgs/lib/python3.12/site-packages/realsense2_camera_msgs/srv
[0.278s] -- Up-to-date: /home/fire/Desktop/fast_livo2_ws/install/realsense2_camera_msgs/lib/python3.12/site-packages/realsense2_camera_msgs/srv/_application_config_write.py
[0.278s] -- Up-to-date: /home/fire/Desktop/fast_livo2_ws/install/realsense2_camera_msgs/lib/python3.12/site-packages/realsense2_camera_msgs/srv/_calib_config_write_s.c
[0.278s] -- Up-to-date: /home/fire/Desktop/fast_livo2_ws/install/realsense2_camera_msgs/lib/python3.12/site-packages/realsense2_camera_msgs/srv/_safety_interface_config_read.py
[0.278s] -- Up-to-date: /home/fire/Desktop/fast_livo2_ws/install/realsense2_camera_msgs/lib/python3.12/site-packages/realsense2_camera_msgs/srv/_calib_config_write.py
[0.278s] -- Up-to-date: /home/fire/Desktop/fast_livo2_ws/install/realsense2_camera_msgs/lib/python3.12/site-packages/realsense2_camera_msgs/srv/__init__.py
[0.278s] -- Up-to-date: /home/fire/Desktop/fast_livo2_ws/install/realsense2_camera_msgs/lib/python3.12/site-packages/realsense2_camera_msgs/srv/_application_config_read_s.c
[0.278s] -- Up-to-date: /home/fire/Desktop/fast_livo2_ws/install/realsense2_camera_msgs/lib/python3.12/site-packages/realsense2_camera_msgs/srv/_safety_interface_config_read_s.c
[0.278s] -- Up-to-date: /home/fire/Desktop/fast_livo2_ws/install/realsense2_camera_msgs/lib/python3.12/site-packages/realsense2_camera_msgs/srv/_safety_interface_config_write.py
[0.278s] -- Up-to-date: /home/fire/Desktop/fast_livo2_ws/install/realsense2_camera_msgs/lib/python3.12/site-packages/realsense2_camera_msgs/srv/_hardware_monitor_command_send_s.c
[0.278s] -- Up-to-date: /home/fire/Desktop/fast_livo2_ws/install/realsense2_camera_msgs/lib/python3.12/site-packages/realsense2_camera_msgs/srv/_safety_preset_write_s.c
[0.278s] -- Up-to-date: /home/fire/Desktop/fast_livo2_ws/install/realsense2_camera_msgs/lib/python3.12/site-packages/realsense2_camera_msgs/srv/_safety_preset_read_s.c
[0.278s] -- Up-to-date: /home/fire/Desktop/fast_livo2_ws/install/realsense2_camera_msgs/lib/python3.12/site-packages/realsense2_camera_msgs/srv/_safety_interface_config_write_s.c
[0.278s] -- Up-to-date: /home/fire/Desktop/fast_livo2_ws/install/realsense2_camera_msgs/lib/python3.12/site-packages/realsense2_camera_msgs/srv/_safety_preset_write.py
[0.278s] -- Up-to-date: /home/fire/Desktop/fast_livo2_ws/install/realsense2_camera_msgs/lib/python3.12/site-packages/realsense2_camera_msgs/srv/_hardware_monitor_command_send.py
[0.278s] -- Up-to-date: /home/fire/Desktop/fast_livo2_ws/install/realsense2_camera_msgs/lib/python3.12/site-packages/realsense2_camera_msgs/srv/_device_info_s.c
[0.278s] -- Up-to-date: /home/fire/Desktop/fast_livo2_ws/install/realsense2_camera_msgs/lib/python3.12/site-packages/realsense2_camera_msgs/srv/_calib_config_read_s.c
[0.278s] -- Up-to-date: /home/fire/Desktop/fast_livo2_ws/install/realsense2_camera_msgs/lib/python3.12/site-packages/realsense2_camera_msgs/srv/_safety_preset_read.py
[0.278s] -- Up-to-date: /home/fire/Desktop/fast_livo2_ws/install/realsense2_camera_msgs/lib/python3.12/site-packages/realsense2_camera_msgs/srv/_application_config_read.py
[0.278s] -- Up-to-date: /home/fire/Desktop/fast_livo2_ws/install/realsense2_camera_msgs/lib/python3.12/site-packages/realsense2_camera_msgs/srv/_calib_config_read.py
[0.278s] -- Up-to-date: /home/fire/Desktop/fast_livo2_ws/install/realsense2_camera_msgs/lib/python3.12/site-packages/realsense2_camera_msgs/srv/_device_info.py
[0.278s] -- Up-to-date: /home/fire/Desktop/fast_livo2_ws/install/realsense2_camera_msgs/lib/python3.12/site-packages/realsense2_camera_msgs/srv/_application_config_write_s.c
[0.278s] -- Up-to-date: /home/fire/Desktop/fast_livo2_ws/install/realsense2_camera_msgs/lib/python3.12/site-packages/realsense2_camera_msgs/realsense2_camera_msgs_s__rosidl_typesupport_c.so
[0.294s] Listing '/home/fire/Desktop/fast_livo2_ws/install/realsense2_camera_msgs/lib/python3.12/site-packages/realsense2_camera_msgs'...
[0.294s] Listing '/home/fire/Desktop/fast_livo2_ws/install/realsense2_camera_msgs/lib/python3.12/site-packages/realsense2_camera_msgs/action'...
[0.294s] Listing '/home/fire/Desktop/fast_livo2_ws/install/realsense2_camera_msgs/lib/python3.12/site-packages/realsense2_camera_msgs/msg'...
[0.294s] Listing '/home/fire/Desktop/fast_livo2_ws/install/realsense2_camera_msgs/lib/python3.12/site-packages/realsense2_camera_msgs/srv'...
[0.297s] -- Up-to-date: /home/fire/Desktop/fast_livo2_ws/install/realsense2_camera_msgs/lib/python3.12/site-packages/realsense2_camera_msgs/realsense2_camera_msgs_s__rosidl_typesupport_fastrtps_c.so
[0.297s] -- Up-to-date: /home/fire/Desktop/fast_livo2_ws/install/realsense2_camera_msgs/lib/python3.12/site-packages/realsense2_camera_msgs/realsense2_camera_msgs_s__rosidl_typesupport_introspection_c.so
[0.297s] -- Up-to-date: /home/fire/Desktop/fast_livo2_ws/install/realsense2_camera_msgs/lib/python3.12/site-packages/realsense2_camera_msgs/realsense2_camera_msgs_s__rosidl_typesupport_c.so
[0.297s] -- Up-to-date: /home/fire/Desktop/fast_livo2_ws/install/realsense2_camera_msgs/lib/librealsense2_camera_msgs__rosidl_generator_py.so
[0.297s] -- Up-to-date: /home/fire/Desktop/fast_livo2_ws/install/realsense2_camera_msgs/share/realsense2_camera_msgs/msg/IMUInfo.idl
[0.297s] -- Up-to-date: /home/fire/Desktop/fast_livo2_ws/install/realsense2_camera_msgs/share/realsense2_camera_msgs/msg/Extrinsics.idl
[0.297s] -- Up-to-date: /home/fire/Desktop/fast_livo2_ws/install/realsense2_camera_msgs/share/realsense2_camera_msgs/msg/Metadata.idl
[0.297s] -- Up-to-date: /home/fire/Desktop/fast_livo2_ws/install/realsense2_camera_msgs/share/realsense2_camera_msgs/msg/RGBD.idl
[0.297s] -- Up-to-date: /home/fire/Desktop/fast_livo2_ws/install/realsense2_camera_msgs/share/realsense2_camera_msgs/srv/DeviceInfo.idl
[0.298s] -- Up-to-date: /home/fire/Desktop/fast_livo2_ws/install/realsense2_camera_msgs/share/realsense2_camera_msgs/srv/SafetyPresetRead.idl
[0.298s] -- Up-to-date: /home/fire/Desktop/fast_livo2_ws/install/realsense2_camera_msgs/share/realsense2_camera_msgs/srv/SafetyPresetWrite.idl
[0.298s] -- Up-to-date: /home/fire/Desktop/fast_livo2_ws/install/realsense2_camera_msgs/share/realsense2_camera_msgs/srv/SafetyInterfaceConfigRead.idl
[0.298s] -- Up-to-date: /home/fire/Desktop/fast_livo2_ws/install/realsense2_camera_msgs/share/realsense2_camera_msgs/srv/SafetyInterfaceConfigWrite.idl
[0.298s] -- Up-to-date: /home/fire/Desktop/fast_livo2_ws/install/realsense2_camera_msgs/share/realsense2_camera_msgs/srv/CalibConfigRead.idl
[0.298s] -- Up-to-date: /home/fire/Desktop/fast_livo2_ws/install/realsense2_camera_msgs/share/realsense2_camera_msgs/srv/CalibConfigWrite.idl
[0.298s] -- Up-to-date: /home/fire/Desktop/fast_livo2_ws/install/realsense2_camera_msgs/share/realsense2_camera_msgs/srv/ApplicationConfigRead.idl
[0.298s] -- Up-to-date: /home/fire/Desktop/fast_livo2_ws/install/realsense2_camera_msgs/share/realsense2_camera_msgs/srv/ApplicationConfigWrite.idl
[0.298s] -- Up-to-date: /home/fire/Desktop/fast_livo2_ws/install/realsense2_camera_msgs/share/realsense2_camera_msgs/srv/HardwareMonitorCommandSend.idl
[0.298s] -- Up-to-date: /home/fire/Desktop/fast_livo2_ws/install/realsense2_camera_msgs/share/realsense2_camera_msgs/action/TriggeredCalibration.idl
[0.298s] -- Up-to-date: /home/fire/Desktop/fast_livo2_ws/install/realsense2_camera_msgs/share/realsense2_camera_msgs/msg/IMUInfo.msg
[0.298s] -- Up-to-date: /home/fire/Desktop/fast_livo2_ws/install/realsense2_camera_msgs/share/realsense2_camera_msgs/msg/Extrinsics.msg
[0.298s] -- Up-to-date: /home/fire/Desktop/fast_livo2_ws/install/realsense2_camera_msgs/share/realsense2_camera_msgs/msg/Metadata.msg
[0.298s] -- Up-to-date: /home/fire/Desktop/fast_livo2_ws/install/realsense2_camera_msgs/share/realsense2_camera_msgs/msg/RGBD.msg
[0.298s] -- Up-to-date: /home/fire/Desktop/fast_livo2_ws/install/realsense2_camera_msgs/share/realsense2_camera_msgs/srv/DeviceInfo.srv
[0.298s] -- Up-to-date: /home/fire/Desktop/fast_livo2_ws/install/realsense2_camera_msgs/share/realsense2_camera_msgs/srv/SafetyPresetRead.srv
[0.298s] -- Up-to-date: /home/fire/Desktop/fast_livo2_ws/install/realsense2_camera_msgs/share/realsense2_camera_msgs/srv/SafetyPresetWrite.srv
[0.298s] -- Up-to-date: /home/fire/Desktop/fast_livo2_ws/install/realsense2_camera_msgs/share/realsense2_camera_msgs/srv/SafetyInterfaceConfigRead.srv
[0.298s] -- Up-to-date: /home/fire/Desktop/fast_livo2_ws/install/realsense2_camera_msgs/share/realsense2_camera_msgs/srv/SafetyInterfaceConfigWrite.srv
[0.298s] -- Up-to-date: /home/fire/Desktop/fast_livo2_ws/install/realsense2_camera_msgs/share/realsense2_camera_msgs/srv/CalibConfigRead.srv
[0.298s] -- Up-to-date: /home/fire/Desktop/fast_livo2_ws/install/realsense2_camera_msgs/share/realsense2_camera_msgs/srv/CalibConfigWrite.srv
[0.298s] -- Up-to-date: /home/fire/Desktop/fast_livo2_ws/install/realsense2_camera_msgs/share/realsense2_camera_msgs/srv/ApplicationConfigRead.srv
[0.298s] -- Up-to-date: /home/fire/Desktop/fast_livo2_ws/install/realsense2_camera_msgs/share/realsense2_camera_msgs/srv/ApplicationConfigWrite.srv
[0.299s] -- Up-to-date: /home/fire/Desktop/fast_livo2_ws/install/realsense2_camera_msgs/share/realsense2_camera_msgs/srv/HardwareMonitorCommandSend.srv
[0.299s] -- Up-to-date: /home/fire/Desktop/fast_livo2_ws/install/realsense2_camera_msgs/share/realsense2_camera_msgs/action/TriggeredCalibration.action
[0.299s] -- Up-to-date: /home/fire/Desktop/fast_livo2_ws/install/realsense2_camera_msgs/share/ament_index/resource_index/package_run_dependencies/realsense2_camera_msgs
[0.299s] -- Up-to-date: /home/fire/Desktop/fast_livo2_ws/install/realsense2_camera_msgs/share/ament_index/resource_index/parent_prefix_path/realsense2_camera_msgs
[0.299s] -- Up-to-date: /home/fire/Desktop/fast_livo2_ws/install/realsense2_camera_msgs/share/realsense2_camera_msgs/environment/ament_prefix_path.sh
[0.299s] -- Up-to-date: /home/fire/Desktop/fast_livo2_ws/install/realsense2_camera_msgs/share/realsense2_camera_msgs/environment/ament_prefix_path.dsv
[0.299s] -- Up-to-date: /home/fire/Desktop/fast_livo2_ws/install/realsense2_camera_msgs/share/realsense2_camera_msgs/environment/path.sh
[0.299s] -- Up-to-date: /home/fire/Desktop/fast_livo2_ws/install/realsense2_camera_msgs/share/realsense2_camera_msgs/environment/path.dsv
[0.299s] -- Up-to-date: /home/fire/Desktop/fast_livo2_ws/install/realsense2_camera_msgs/share/realsense2_camera_msgs/local_setup.bash
[0.299s] -- Up-to-date: /home/fire/Desktop/fast_livo2_ws/install/realsense2_camera_msgs/share/realsense2_camera_msgs/local_setup.sh
[0.299s] -- Up-to-date: /home/fire/Desktop/fast_livo2_ws/install/realsense2_camera_msgs/share/realsense2_camera_msgs/local_setup.zsh
[0.299s] -- Up-to-date: /home/fire/Desktop/fast_livo2_ws/install/realsense2_camera_msgs/share/realsense2_camera_msgs/local_setup.dsv
[0.299s] -- Installing: /home/fire/Desktop/fast_livo2_ws/install/realsense2_camera_msgs/share/realsense2_camera_msgs/package.dsv
[0.299s] -- Up-to-date: /home/fire/Desktop/fast_livo2_ws/install/realsense2_camera_msgs/share/ament_index/resource_index/packages/realsense2_camera_msgs
[0.299s] -- Up-to-date: /home/fire/Desktop/fast_livo2_ws/install/realsense2_camera_msgs/share/realsense2_camera_msgs/cmake/export_realsense2_camera_msgs__rosidl_generator_cExport.cmake
[0.299s] -- Up-to-date: /home/fire/Desktop/fast_livo2_ws/install/realsense2_camera_msgs/share/realsense2_camera_msgs/cmake/export_realsense2_camera_msgs__rosidl_generator_cExport-noconfig.cmake
[0.299s] -- Up-to-date: /home/fire/Desktop/fast_livo2_ws/install/realsense2_camera_msgs/share/realsense2_camera_msgs/cmake/export_realsense2_camera_msgs__rosidl_typesupport_fastrtps_cExport.cmake
[0.299s] -- Up-to-date: /home/fire/Desktop/fast_livo2_ws/install/realsense2_camera_msgs/share/realsense2_camera_msgs/cmake/export_realsense2_camera_msgs__rosidl_typesupport_fastrtps_cExport-noconfig.cmake
[0.299s] -- Up-to-date: /home/fire/Desktop/fast_livo2_ws/install/realsense2_camera_msgs/share/realsense2_camera_msgs/cmake/realsense2_camera_msgs__rosidl_typesupport_introspection_cExport.cmake
[0.299s] -- Up-to-date: /home/fire/Desktop/fast_livo2_ws/install/realsense2_camera_msgs/share/realsense2_camera_msgs/cmake/realsense2_camera_msgs__rosidl_typesupport_introspection_cExport-noconfig.cmake
[0.299s] -- Up-to-date: /home/fire/Desktop/fast_livo2_ws/install/realsense2_camera_msgs/share/realsense2_camera_msgs/cmake/realsense2_camera_msgs__rosidl_typesupport_cExport.cmake
[0.299s] -- Up-to-date: /home/fire/Desktop/fast_livo2_ws/install/realsense2_camera_msgs/share/realsense2_camera_msgs/cmake/realsense2_camera_msgs__rosidl_typesupport_cExport-noconfig.cmake
[0.299s] -- Up-to-date: /home/fire/Desktop/fast_livo2_ws/install/realsense2_camera_msgs/share/realsense2_camera_msgs/cmake/export_realsense2_camera_msgs__rosidl_generator_cppExport.cmake
[0.299s] -- Up-to-date: /home/fire/Desktop/fast_livo2_ws/install/realsense2_camera_msgs/share/realsense2_camera_msgs/cmake/export_realsense2_camera_msgs__rosidl_typesupport_fastrtps_cppExport.cmake
[0.299s] -- Up-to-date: /home/fire/Desktop/fast_livo2_ws/install/realsense2_camera_msgs/share/realsense2_camera_msgs/cmake/export_realsense2_camera_msgs__rosidl_typesupport_fastrtps_cppExport-noconfig.cmake
[0.299s] -- Up-to-date: /home/fire/Desktop/fast_livo2_ws/install/realsense2_camera_msgs/share/realsense2_camera_msgs/cmake/realsense2_camera_msgs__rosidl_typesupport_introspection_cppExport.cmake
[0.299s] -- Up-to-date: /home/fire/Desktop/fast_livo2_ws/install/realsense2_camera_msgs/share/realsense2_camera_msgs/cmake/realsense2_camera_msgs__rosidl_typesupport_introspection_cppExport-noconfig.cmake
[0.300s] -- Up-to-date: /home/fire/Desktop/fast_livo2_ws/install/realsense2_camera_msgs/share/realsense2_camera_msgs/cmake/realsense2_camera_msgs__rosidl_typesupport_cppExport.cmake
[0.300s] -- Up-to-date: /home/fire/Desktop/fast_livo2_ws/install/realsense2_camera_msgs/share/realsense2_camera_msgs/cmake/realsense2_camera_msgs__rosidl_typesupport_cppExport-noconfig.cmake
[0.300s] -- Up-to-date: /home/fire/Desktop/fast_livo2_ws/install/realsense2_camera_msgs/share/realsense2_camera_msgs/cmake/export_realsense2_camera_msgs__rosidl_generator_pyExport.cmake
[0.300s] -- Up-to-date: /home/fire/Desktop/fast_livo2_ws/install/realsense2_camera_msgs/share/realsense2_camera_msgs/cmake/export_realsense2_camera_msgs__rosidl_generator_pyExport-noconfig.cmake
[0.300s] -- Up-to-date: /home/fire/Desktop/fast_livo2_ws/install/realsense2_camera_msgs/share/realsense2_camera_msgs/cmake/rosidl_cmake-extras.cmake
[0.300s] -- Up-to-date: /home/fire/Desktop/fast_livo2_ws/install/realsense2_camera_msgs/share/realsense2_camera_msgs/cmake/ament_cmake_export_dependencies-extras.cmake
[0.300s] -- Up-to-date: /home/fire/Desktop/fast_livo2_ws/install/realsense2_camera_msgs/share/realsense2_camera_msgs/cmake/ament_cmake_export_include_directories-extras.cmake
[0.300s] -- Up-to-date: /home/fire/Desktop/fast_livo2_ws/install/realsense2_camera_msgs/share/realsense2_camera_msgs/cmake/ament_cmake_export_libraries-extras.cmake
[0.300s] -- Up-to-date: /home/fire/Desktop/fast_livo2_ws/install/realsense2_camera_msgs/share/realsense2_camera_msgs/cmake/ament_cmake_export_targets-extras.cmake
[0.300s] -- Up-to-date: /home/fire/Desktop/fast_livo2_ws/install/realsense2_camera_msgs/share/realsense2_camera_msgs/cmake/rosidl_cmake_export_typesupport_targets-extras.cmake
[0.300s] -- Up-to-date: /home/fire/Desktop/fast_livo2_ws/install/realsense2_camera_msgs/share/realsense2_camera_msgs/cmake/rosidl_cmake_export_typesupport_libraries-extras.cmake
[0.300s] -- Up-to-date: /home/fire/Desktop/fast_livo2_ws/install/realsense2_camera_msgs/share/realsense2_camera_msgs/cmake/realsense2_camera_msgsConfig.cmake
[0.300s] -- Up-to-date: /home/fire/Desktop/fast_livo2_ws/install/realsense2_camera_msgs/share/realsense2_camera_msgs/cmake/realsense2_camera_msgsConfig-version.cmake
[0.300s] -- Up-to-date: /home/fire/Desktop/fast_livo2_ws/install/realsense2_camera_msgs/share/realsense2_camera_msgs/package.xml
[0.309s] Invoked command in '/home/fire/Desktop/fast_livo2_ws/build/realsense2_camera_msgs' returned '0': CMAKE_PREFIX_PATH=${CMAKE_PREFIX_PATH}:/opt/ros/jazzy DEBUGINFOD_URLS=https://debuginfod.ubuntu.com /usr/bin/cmake --install /home/fire/Desktop/fast_livo2_ws/build/realsense2_camera_msgs
