[0.011s] Invoking command in '/home/fire/Desktop/fast_livo2_ws/build/vikit_py': CMAKE_PREFIX_PATH=${CMAKE_PREFIX_PATH}:/opt/ros/jazzy DEBUGINFOD_URLS=https://debuginfod.ubuntu.com /usr/bin/cmake /home/fire/Desktop/fast_livo2_ws/src/rpg_vikit/vikit_py -DCMAKE_INSTALL_PREFIX=/home/fire/Desktop/fast_livo2_ws/install/vikit_py
[0.044s] -- The C compiler identification is GNU 13.3.0
[0.077s] -- The CXX compiler identification is GNU 13.3.0
[0.088s] -- Detecting C compiler ABI info
[0.149s] -- Detecting C compiler ABI info - done
[0.155s] -- Check for working C compiler: /usr/bin/cc - skipped
[0.155s] -- Detecting C compile features
[0.155s] -- Detecting C compile features - done
[0.160s] -- Detecting CXX compiler ABI info
[0.218s] -- Detecting CXX compiler ABI info - done
[0.224s] -- Check for working CXX compiler: /usr/bin/c++ - skipped
[0.225s] -- Detecting CXX compile features
[0.225s] -- Detecting CXX compile features - done
[0.228s] -- Found ament_cmake: 2.5.5 (/opt/ros/jazzy/share/ament_cmake/cmake)
[0.363s] -- Found Python3: /usr/bin/python3 (found version "3.12.3") found components: Interpreter 
[0.492s] -- Found rclpy: 7.1.9 (/opt/ros/jazzy/share/rclpy/cmake)
[0.580s] -- Configuring done (0.6s)
[0.582s] -- Generating done (0.0s)
[0.584s] -- Build files have been written to: /home/fire/Desktop/fast_livo2_ws/build/vikit_py
[0.589s] Invoked command in '/home/fire/Desktop/fast_livo2_ws/build/vikit_py' returned '0': CMAKE_PREFIX_PATH=${CMAKE_PREFIX_PATH}:/opt/ros/jazzy DEBUGINFOD_URLS=https://debuginfod.ubuntu.com /usr/bin/cmake /home/fire/Desktop/fast_livo2_ws/src/rpg_vikit/vikit_py -DCMAKE_INSTALL_PREFIX=/home/fire/Desktop/fast_livo2_ws/install/vikit_py
[0.590s] Invoking command in '/home/fire/Desktop/fast_livo2_ws/build/vikit_py': CMAKE_PREFIX_PATH=${CMAKE_PREFIX_PATH}:/opt/ros/jazzy DEBUGINFOD_URLS=https://debuginfod.ubuntu.com /usr/bin/cmake --build /home/fire/Desktop/fast_livo2_ws/build/vikit_py -- -j24 -l24
[0.621s] Invoked command in '/home/fire/Desktop/fast_livo2_ws/build/vikit_py' returned '0': CMAKE_PREFIX_PATH=${CMAKE_PREFIX_PATH}:/opt/ros/jazzy DEBUGINFOD_URLS=https://debuginfod.ubuntu.com /usr/bin/cmake --build /home/fire/Desktop/fast_livo2_ws/build/vikit_py -- -j24 -l24
[0.632s] Invoking command in '/home/fire/Desktop/fast_livo2_ws/build/vikit_py': CMAKE_PREFIX_PATH=${CMAKE_PREFIX_PATH}:/opt/ros/jazzy DEBUGINFOD_URLS=https://debuginfod.ubuntu.com /usr/bin/cmake --install /home/fire/Desktop/fast_livo2_ws/build/vikit_py
[0.640s] -- Install configuration: ""
[0.640s] -- Installing: /home/fire/Desktop/fast_livo2_ws/install/vikit_py/lib/vikit_py/align_trajectory.py
[0.641s] -- Installing: /home/fire/Desktop/fast_livo2_ws/install/vikit_py/lib/vikit_py/cpu_info.py
[0.641s] -- Installing: /home/fire/Desktop/fast_livo2_ws/install/vikit_py/lib/vikit_py/depthmap_utils.py
[0.641s] -- Installing: /home/fire/Desktop/fast_livo2_ws/install/vikit_py/lib/vikit_py/math_utils.py
[0.641s] -- Installing: /home/fire/Desktop/fast_livo2_ws/install/vikit_py/lib/vikit_py/ros_node.py
[0.641s] -- Installing: /home/fire/Desktop/fast_livo2_ws/install/vikit_py/lib/vikit_py/transformations.py
[0.642s] -- Installing: /home/fire/Desktop/fast_livo2_ws/install/vikit_py/share/ament_index/resource_index/package_run_dependencies/vikit_py
[0.642s] -- Installing: /home/fire/Desktop/fast_livo2_ws/install/vikit_py/share/ament_index/resource_index/parent_prefix_path/vikit_py
[0.642s] -- Installing: /home/fire/Desktop/fast_livo2_ws/install/vikit_py/share/vikit_py/environment/ament_prefix_path.sh
[0.642s] -- Installing: /home/fire/Desktop/fast_livo2_ws/install/vikit_py/share/vikit_py/environment/ament_prefix_path.dsv
[0.642s] -- Installing: /home/fire/Desktop/fast_livo2_ws/install/vikit_py/share/vikit_py/environment/path.sh
[0.642s] -- Installing: /home/fire/Desktop/fast_livo2_ws/install/vikit_py/share/vikit_py/environment/path.dsv
[0.642s] -- Installing: /home/fire/Desktop/fast_livo2_ws/install/vikit_py/share/vikit_py/local_setup.bash
[0.642s] -- Installing: /home/fire/Desktop/fast_livo2_ws/install/vikit_py/share/vikit_py/local_setup.sh
[0.642s] -- Installing: /home/fire/Desktop/fast_livo2_ws/install/vikit_py/share/vikit_py/local_setup.zsh
[0.643s] -- Installing: /home/fire/Desktop/fast_livo2_ws/install/vikit_py/share/vikit_py/local_setup.dsv
[0.643s] -- Installing: /home/fire/Desktop/fast_livo2_ws/install/vikit_py/share/vikit_py/package.dsv
[0.643s] -- Installing: /home/fire/Desktop/fast_livo2_ws/install/vikit_py/share/ament_index/resource_index/packages/vikit_py
[0.643s] -- Installing: /home/fire/Desktop/fast_livo2_ws/install/vikit_py/share/vikit_py/cmake/ament_cmake_export_dependencies-extras.cmake
[0.643s] -- Installing: /home/fire/Desktop/fast_livo2_ws/install/vikit_py/share/vikit_py/cmake/vikit_pyConfig.cmake
[0.643s] -- Installing: /home/fire/Desktop/fast_livo2_ws/install/vikit_py/share/vikit_py/cmake/vikit_pyConfig-version.cmake
[0.643s] -- Installing: /home/fire/Desktop/fast_livo2_ws/install/vikit_py/share/vikit_py/package.xml
[0.645s] Invoked command in '/home/fire/Desktop/fast_livo2_ws/build/vikit_py' returned '0': CMAKE_PREFIX_PATH=${CMAKE_PREFIX_PATH}:/opt/ros/jazzy DEBUGINFOD_URLS=https://debuginfod.ubuntu.com /usr/bin/cmake --install /home/fire/Desktop/fast_livo2_ws/build/vikit_py
